Archive member included because of file (symbol)

C:\Users\dario\AppData\Local\Arduino15\packages\arduino\hardware\sam\1.6.6\variants\arduino_due_x/libsam_sam3x8e_gcc_rel.a(pio.o)
                              C:\Users\dario\AppData\Local\Temp\buildc3856b5a6fa9d9644dab3f2c136f5b91.tmp\libraries\SPI\SPI.cpp.o (PIO_Configure)
C:\Users\dario\AppData\Local\Arduino15\packages\arduino\hardware\sam\1.6.6\variants\arduino_due_x/libsam_sam3x8e_gcc_rel.a(pmc.o)
                              C:\Users\dario\AppData\Local\Temp\buildc3856b5a6fa9d9644dab3f2c136f5b91.tmp\libraries\Wire\Wire.cpp.o (pmc_enable_periph_clk)
C:\Users\dario\AppData\Local\Arduino15\packages\arduino\hardware\sam\1.6.6\variants\arduino_due_x/libsam_sam3x8e_gcc_rel.a(spi.o)
                              C:\Users\dario\AppData\Local\Temp\buildc3856b5a6fa9d9644dab3f2c136f5b91.tmp\libraries\SPI\SPI.cpp.o (SPI_Enable)
C:\Users\dario\AppData\Local\Arduino15\packages\arduino\hardware\sam\1.6.6\variants\arduino_due_x/libsam_sam3x8e_gcc_rel.a(twi.o)
                              C:\Users\dario\AppData\Local\Temp\buildc3856b5a6fa9d9644dab3f2c136f5b91.tmp\libraries\Wire\Wire.cpp.o (TWI_SetClock)
C:\Users\dario\AppData\Local\Arduino15\packages\arduino\hardware\sam\1.6.6\variants\arduino_due_x/libsam_sam3x8e_gcc_rel.a(startup_sam3xa.o)
                              (Reset_Handler)
C:\Users\dario\AppData\Local\Arduino15\packages\arduino\hardware\sam\1.6.6\variants\arduino_due_x/libsam_sam3x8e_gcc_rel.a(uotghs.o)
                              C:\Users\dario\AppData\Local\Arduino15\packages\arduino\hardware\sam\1.6.6\variants\arduino_due_x/libsam_sam3x8e_gcc_rel.a(startup_sam3xa.o) (UOTGHS_Handler)
C:\Users\dario\AppData\Local\Temp\buildc3856b5a6fa9d9644dab3f2c136f5b91.tmp/core\core.a(WInterrupts.c.o)
                              C:\Users\dario\AppData\Local\Temp\buildc3856b5a6fa9d9644dab3f2c136f5b91.tmp\sketch\knobby.ino.cpp.o (attachInterrupt)
C:\Users\dario\AppData\Local\Temp\buildc3856b5a6fa9d9644dab3f2c136f5b91.tmp/core\core.a(cortex_handlers.c.o)
                              C:\Users\dario\AppData\Local\Arduino15\packages\arduino\hardware\sam\1.6.6\variants\arduino_due_x/libsam_sam3x8e_gcc_rel.a(startup_sam3xa.o) (NMI_Handler)
C:\Users\dario\AppData\Local\Temp\buildc3856b5a6fa9d9644dab3f2c136f5b91.tmp/core\core.a(hooks.c.o)
                              C:\Users\dario\AppData\Local\Temp\buildc3856b5a6fa9d9644dab3f2c136f5b91.tmp/core\core.a(cortex_handlers.c.o) (sysTickHook)
C:\Users\dario\AppData\Local\Temp\buildc3856b5a6fa9d9644dab3f2c136f5b91.tmp/core\core.a(wiring.c.o)
                              C:\Users\dario\AppData\Local\Temp\buildc3856b5a6fa9d9644dab3f2c136f5b91.tmp\sketch\knobby.ino.cpp.o (millis)
C:\Users\dario\AppData\Local\Temp\buildc3856b5a6fa9d9644dab3f2c136f5b91.tmp/core\core.a(wiring_digital.c.o)
                              C:\Users\dario\AppData\Local\Temp\buildc3856b5a6fa9d9644dab3f2c136f5b91.tmp\sketch\knobby.ino.cpp.o (pinMode)
C:\Users\dario\AppData\Local\Temp\buildc3856b5a6fa9d9644dab3f2c136f5b91.tmp/core\core.a(Print.cpp.o)
                              C:\Users\dario\AppData\Local\Temp\buildc3856b5a6fa9d9644dab3f2c136f5b91.tmp\libraries\Adafruit-GFX\Adafruit_GFX.cpp.o (Print::write(unsigned char const*, unsigned int))
C:\Users\dario\AppData\Local\Temp\buildc3856b5a6fa9d9644dab3f2c136f5b91.tmp/core\core.a(Reset.cpp.o)
                              C:\Users\dario\AppData\Local\Temp\buildc3856b5a6fa9d9644dab3f2c136f5b91.tmp/core\core.a(cortex_handlers.c.o) (tickReset)
C:\Users\dario\AppData\Local\Temp\buildc3856b5a6fa9d9644dab3f2c136f5b91.tmp/core\core.a(Stream.cpp.o)
                              C:\Users\dario\AppData\Local\Temp\buildc3856b5a6fa9d9644dab3f2c136f5b91.tmp\sketch\knobby.ino.cpp.o (Stream::readBytes(char*, unsigned int))
C:\Users\dario\AppData\Local\Temp\buildc3856b5a6fa9d9644dab3f2c136f5b91.tmp/core\core.a(UARTClass.cpp.o)
                              C:\Users\dario\AppData\Local\Temp\buildc3856b5a6fa9d9644dab3f2c136f5b91.tmp\sketch\knobby.ino.cpp.o (UARTClass::available())
C:\Users\dario\AppData\Local\Temp\buildc3856b5a6fa9d9644dab3f2c136f5b91.tmp/core\core.a(WString.cpp.o)
                              C:\Users\dario\AppData\Local\Temp\buildc3856b5a6fa9d9644dab3f2c136f5b91.tmp/core\core.a(Stream.cpp.o) (String::String(char const*))
C:\Users\dario\AppData\Local\Temp\buildc3856b5a6fa9d9644dab3f2c136f5b91.tmp/core\core.a(abi.cpp.o)
                              C:\Users\dario\AppData\Local\Temp\buildc3856b5a6fa9d9644dab3f2c136f5b91.tmp\libraries\Adafruit-GFX\Adafruit_GFX.cpp.o (__cxa_pure_virtual)
C:\Users\dario\AppData\Local\Temp\buildc3856b5a6fa9d9644dab3f2c136f5b91.tmp/core\core.a(main.cpp.o)
                              c:/users/dario/appdata/local/arduino15/packages/arduino/tools/arm-none-eabi-gcc/4.8.3-2014q1/bin/../lib/gcc/arm-none-eabi/4.8.3/../../../../arm-none-eabi/lib/armv7-m/crt0.o (main)
C:\Users\dario\AppData\Local\Temp\buildc3856b5a6fa9d9644dab3f2c136f5b91.tmp/core\core.a(watchdog.cpp.o)
[...]
Memory Configuration

Name             Origin             Length             Attributes
rom              0x00080000         0x00080000         xr
sram0            0x20000000         0x00010000         xrw
sram1            0x20080000         0x00008000         xrw
ram              0x20070000         0x00018000         xrw
*default*        0x00000000         0xffffffff

Linker script and memory map

LOAD c:/users/dario/appdata/local/arduino15/packages/arduino/tools/arm-none-eabi-gcc/4.8.3-2014q1/bin/../lib/gcc/arm-none-eabi/4.8.3/armv7-m/crti.o
LOAD c:/users/dario/appdata/local/arduino15/packages/arduino/tools/arm-none-eabi-gcc/4.8.3-2014q1/bin/../lib/gcc/arm-none-eabi/4.8.3/armv7-m/crtbegin.o
LOAD c:/users/dario/appdata/local/arduino15/packages/arduino/tools/arm-none-eabi-gcc/4.8.3-2014q1/bin/../lib/gcc/arm-none-eabi/4.8.3/../../../../arm-none-eabi/lib/armv7-m/crt0.o
START GROUP
LOAD C:\Users\dario\AppData\Local\Temp\buildc3856b5a6fa9d9644dab3f2c136f5b91.tmp/core/syscalls_sam3.c.o
LOAD C:\Users\dario\AppData\Local\Temp\buildc3856b5a6fa9d9644dab3f2c136f5b91.tmp\sketch\knobby.ino.cpp.o
LOAD C:\Users\dario\AppData\Local\Temp\buildc3856b5a6fa9d9644dab3f2c136f5b91.tmp\libraries\Adafruit-GFX\glcdfont.c.o
LOAD C:\Users\dario\AppData\Local\Temp\buildc3856b5a6fa9d9644dab3f2c136f5b91.tmp\libraries\Adafruit-GFX\Adafruit_GFX.cpp.o
LOAD C:\Users\dario\AppData\Local\Temp\buildc3856b5a6fa9d9644dab3f2c136f5b91.tmp\libraries\SPI\SPI.cpp.o
LOAD C:\Users\dario\AppData\Local\Temp\buildc3856b5a6fa9d9644dab3f2c136f5b91.tmp\libraries\Adafruit_ILI9341\Adafruit_ILI9341.cpp.o
LOAD C:\Users\dario\AppData\Local\Temp\buildc3856b5a6fa9d9644dab3f2c136f5b91.tmp\libraries\Wire\Wire.cpp.o
LOAD C:\Users\dario\AppData\Local\Temp\buildc3856b5a6fa9d9644dab3f2c136f5b91.tmp\libraries\Adafruit_FT6206\Adafruit_FT6206.cpp.o
LOAD C:\Users\dario\AppData\Local\Temp\buildc3856b5a6fa9d9644dab3f2c136f5b91.tmp\libraries\SD\File.cpp.o
LOAD C:\Users\dario\AppData\Local\Temp\buildc3856b5a6fa9d9644dab3f2c136f5b91.tmp\libraries\SD\SD.cpp.o
LOAD C:\Users\dario\AppData\Local\Temp\buildc3856b5a6fa9d9644dab3f2c136f5b91.tmp\libraries\SD\utility\Sd2Card.cpp.o
LOAD C:\Users\dario\AppData\Local\Temp\buildc3856b5a6fa9d9644dab3f2c136f5b91.tmp\libraries\SD\utility\SdFile.cpp.o
LOAD C:\Users\dario\AppData\Local\Temp\buildc3856b5a6fa9d9644dab3f2c136f5b91.tmp\libraries\SD\utility\SdVolume.cpp.o
LOAD C:\Users\dario\AppData\Local\Temp\buildc3856b5a6fa9d9644dab3f2c136f5b91.tmp\libraries\Encoder\Encoder.cpp.o
LOAD C:\Users\dario\AppData\Local\Arduino15\packages\arduino\hardware\sam\1.6.6\variants\arduino_due_x/libsam_sam3x8e_gcc_rel.a
LOAD C:\Users\dario\AppData\Local\Temp\buildc3856b5a6fa9d9644dab3f2c136f5b91.tmp/core\core.a
END GROUP
LOAD c:/users/dario/appdata/local/arduino15/packages/arduino/tools/arm-none-eabi-gcc/4.8.3-2014q1/bin/../lib/gcc/arm-none-eabi/4.8.3/../../../../arm-none-eabi/lib/armv7-m\libm.a
START GROUP
LOAD c:/users/dario/appdata/local/arduino15/packages/arduino/tools/arm-none-eabi-gcc/4.8.3-2014q1/bin/../lib/gcc/arm-none-eabi/4.8.3/armv7-m\libgcc.a
LOAD c:/users/dario/appdata/local/arduino15/packages/arduino/tools/arm-none-eabi-gcc/4.8.3-2014q1/bin/../lib/gcc/arm-none-eabi/4.8.3/../../../../arm-none-eabi/lib/armv7-m\libg.a
LOAD c:/users/dario/appdata/local/arduino15/packages/arduino/tools/arm-none-eabi-gcc/4.8.3-2014q1/bin/../lib/gcc/arm-none-eabi/4.8.3/../../../../arm-none-eabi/lib/armv7-m\libc.a
END GROUP
LOAD c:/users/dario/appdata/local/arduino15/packages/arduino/tools/arm-none-eabi-gcc/4.8.3-2014q1/bin/../lib/gcc/arm-none-eabi/4.8.3/armv7-m/crtend.o
LOAD c:/users/dario/appdata/local/arduino15/packages/arduino/tools/arm-none-eabi-gcc/4.8.3-2014q1/bin/../lib/gcc/arm-none-eabi/4.8.3/armv7-m/crtn.o

.text           0x00080000     0xd814
                0x00080000                . = ALIGN (0x4)
                0x00080000                _sfixed = .
 *(.vectors .vectors.*)
 .vectors       0x00080000       0xf4 C:\Users\dario\AppData\Local\Arduino15\packages\arduino\hardware\sam\1.6.6\variants\arduino_due_x/libsam_sam3x8e_gcc_rel.a(startup_sam3xa.o)
                0x00080000                exception_table
 *(.text .text.* .gnu.linkonce.t.*)
 .text          0x000800f4       0x54 c:/users/dario/appdata/local/arduino15/packages/arduino/tools/arm-none-eabi-gcc/4.8.3-2014q1/bin/../lib/gcc/arm-none-eabi/4.8.3/armv7-m/crtbegin.o
 .text._sbrk    0x00080148       0x1c C:\Users\dario\AppData\Local\Temp\buildc3856b5a6fa9d9644dab3f2c136f5b91.tmp/core/syscalls_sam3.c.o
                0x00080148                _sbrk
 .text._close   0x00080164        0x6 C:\Users\dario\AppData\Local\Temp\buildc3856b5a6fa9d9644dab3f2c136f5b91.tmp/core/syscalls_sam3.c.o
                0x00080164                _close
 .text._fstat   0x0008016a        0xa C:\Users\dario\AppData\Local\Temp\buildc3856b5a6fa9d9644dab3f2c136f5b91.tmp/core/syscalls_sam3.c.o
                0x0008016a                _fstat
 .text._isatty  0x00080174        0x4 C:\Users\dario\AppData\Local\Temp\buildc3856b5a6fa9d9644dab3f2c136f5b91.tmp/core/syscalls_sam3.c.o
                0x00080174                _isatty
 .text._lseek   0x00080178        0x4 C:\Users\dario\AppData\Local\Temp\buildc3856b5a6fa9d9644dab3f2c136f5b91.tmp/core/syscalls_sam3.c.o
                0x00080178                _lseek
 .text._read    0x0008017c        0x4 C:\Users\dario\AppData\Local\Temp\buildc3856b5a6fa9d9644dab3f2c136f5b91.tmp/core/syscalls_sam3.c.o
                0x0008017c                _read
 .text._write   0x00080180       0x24 C:\Users\dario\AppData\Local\Temp\buildc3856b5a6fa9d9644dab3f2c136f5b91.tmp/core/syscalls_sam3.c.o
                0x00080180                _write
 .text._exit    0x000801a4       0x10 C:\Users\dario\AppData\Local\Temp\buildc3856b5a6fa9d9644dab3f2c136f5b91.tmp/core/syscalls_sam3.c.o
                0x000801a4                _exit
 .text._kill    0x000801b4        0x2 C:\Users\dario\AppData\Local\Temp\buildc3856b5a6fa9d9644dab3f2c136f5b91.tmp/core/syscalls_sam3.c.o
                0x000801b4                _kill
 .text._getpid  0x000801b6        0x6 C:\Users\dario\AppData\Local\Temp\buildc3856b5a6fa9d9644dab3f2c136f5b91.tmp/core/syscalls_sam3.c.o
                0x000801b6                _getpid
 .text._ZN7Encoder6updateEP24Encoder_internal_state_t
                0x000801bc       0x5c C:\Users\dario\AppData\Local\Temp\buildc3856b5a6fa9d9644dab3f2c136f5b91.tmp\sketch\knobby.ino.cpp.o
                0x000801bc                Encoder::update(Encoder_internal_state_t*)
 .text._ZN7Encoder4readEv
                0x00080218       0x1a C:\Users\dario\AppData\Local\Temp\buildc3856b5a6fa9d9644dab3f2c136f5b91.tmp\sketch\knobby.ino.cpp.o
                0x00080218                Encoder::read()
 *fill*         0x00080232        0x2 
 .text._Z10IRQcounterv
                0x00080234       0xe8 C:\Users\dario\AppData\Local\Temp\buildc3856b5a6fa9d9644dab3f2c136f5b91.tmp\sketch\knobby.ino.cpp.o
                0x00080234                IRQcounter()
 .text._ZN7Encoder5isr53Ev
                0x0008031c       0x14 C:\Users\dario\AppData\Local\Temp\buildc3856b5a6fa9d9644dab3f2c136f5b91.tmp\sketch\knobby.ino.cpp.o
                0x0008031c                Encoder::isr53()
 .text._ZN7Encoder5isr52Ev
                0x00080330       0x14 C:\Users\dario\AppData\Local\Temp\buildc3856b5a6fa9d9644dab3f2c136f5b91.tmp\sketch\knobby.ino.cpp.o
                0x00080330                Encoder::isr52()
 .text._ZN7Encoder5isr51Ev
                0x00080344       0x14 C:\Users\dario\AppData\Local\Temp\buildc3856b5a6fa9d9644dab3f2c136f5b91.tmp\sketch\knobby.ino.cpp.o
                0x00080344                Encoder::isr51()
 .text._ZN7Encoder5isr50Ev
                0x00080358       0x14 C:\Users\dario\AppData\Local\Temp\buildc3856b5a6fa9d9644dab3f2c136f5b91.tmp\sketch\knobby.ino.cpp.o
                0x00080358                Encoder::isr50()
 .text._ZN7Encoder5isr49Ev
                0x0008036c       0x14 C:\Users\dario\AppData\Local\Temp\buildc3856b5a6fa9d9644dab3f2c136f5b91.tmp\sketch\knobby.ino.cpp.o
                0x0008036c                Encoder::isr49()
 .text._ZN7Encoder5isr48Ev
                0x00080380       0x14 C:\Users\dario\AppData\Local\Temp\buildc3856b5a6fa9d9644dab3f2c136f5b91.tmp\sketch\knobby.ino.cpp.o
                0x00080380                Encoder::isr48()
 .text._ZN7Encoder5isr47Ev
                0x00080394       0x14 C:\Users\dario\AppData\Local\Temp\buildc3856b5a6fa9d9644dab3f2c136f5b91.tmp\sketch\knobby.ino.cpp.o
                0x00080394                Encoder::isr47()
 .text._ZN7Encoder5isr46Ev
                0x000803a8       0x14 C:\Users\dario\AppData\Local\Temp\buildc3856b5a6fa9d9644dab3f2c136f5b91.tmp\sketch\knobby.ino.cpp.o
                0x000803a8                Encoder::isr46()
 .text._ZN7Encoder5isr45Ev
                0x000803bc       0x14 C:\Users\dario\AppData\Local\Temp\buildc3856b5a6fa9d9644dab3f2c136f5b91.tmp\sketch\knobby.ino.cpp.o
                0x000803bc                Encoder::isr45()
 .text._ZN7Encoder5isr44Ev
                0x000803d0       0x14 C:\Users\dario\AppData\Local\Temp\buildc3856b5a6fa9d9644dab3f2c136f5b91.tmp\sketch\knobby.ino.cpp.o
                0x000803d0                Encoder::isr44()
 .text._ZN7Encoder5isr43Ev
                0x000803e4       0x14 C:\Users\dario\AppData\Local\Temp\buildc3856b5a6fa9d9644dab3f2c136f5b91.tmp\sketch\knobby.ino.cpp.o
                0x000803e4                Encoder::isr43()
 .text._ZN7Encoder5isr42Ev
                0x000803f8       0x14 C:\Users\dario\AppData\Local\Temp\buildc3856b5a6fa9d9644dab3f2c136f5b91.tmp\sketch\knobby.ino.cpp.o
                0x000803f8                Encoder::isr42()
 .text._ZN7Encoder5isr41Ev
                0x0008040c       0x14 C:\Users\dario\AppData\Local\Temp\buildc3856b5a6fa9d9644dab3f2c136f5b91.tmp\sketch\knobby.ino.cpp.o
                0x0008040c                Encoder::isr41()
 .text._ZN7Encoder5isr40Ev
                0x00080420       0x14 C:\Users\dario\AppData\Local\Temp\buildc3856b5a6fa9d9644dab3f2c136f5b91.tmp\sketch\knobby.ino.cpp.o
                0x00080420                Encoder::isr40()
 .text._ZN7Encoder5isr39Ev
                0x00080434       0x14 C:\Users\dario\AppData\Local\Temp\buildc3856b5a6fa9d9644dab3f2c136f5b91.tmp\sketch\knobby.ino.cpp.o
                0x00080434                Encoder::isr39()
 .text._ZN7Encoder5isr38Ev
                0x00080448       0x14 C:\Users\dario\AppData\Local\Temp\buildc3856b5a6fa9d9644dab3f2c136f5b91.tmp\sketch\knobby.ino.cpp.o
                0x00080448                Encoder::isr38()
 .text._ZN7Encoder5isr37Ev
                0x0008045c       0x14 C:\Users\dario\AppData\Local\Temp\buildc3856b5a6fa9d9644dab3f2c136f5b91.tmp\sketch\knobby.ino.cpp.o
                0x0008045c                Encoder::isr37()
 .text._ZN7Encoder5isr36Ev
                0x00080470       0x14 C:\Users\dario\AppData\Local\Temp\buildc3856b5a6fa9d9644dab3f2c136f5b91.tmp\sketch\knobby.ino.cpp.o
                0x00080470                Encoder::isr36()
 .text._ZN7Encoder5isr35Ev
                0x00080484       0x14 C:\Users\dario\AppData\Local\Temp\buildc3856b5a6fa9d9644dab3f2c136f5b91.tmp\sketch\knobby.ino.cpp.o
                0x00080484                Encoder::isr35()
 .text._ZN7Encoder5isr34Ev
                0x00080498       0x14 C:\Users\dario\AppData\Local\Temp\buildc3856b5a6fa9d9644dab3f2c136f5b91.tmp\sketch\knobby.ino.cpp.o
                0x00080498                Encoder::isr34()
 .text._ZN7Encoder5isr33Ev
                0x000804ac       0x14 C:\Users\dario\AppData\Local\Temp\buildc3856b5a6fa9d9644dab3f2c136f5b91.tmp\sketch\knobby.ino.cpp.o
                0x000804ac                Encoder::isr33()
 .text._ZN7Encoder5isr32Ev
                0x000804c0       0x14 C:\Users\dario\AppData\Local\Temp\buildc3856b5a6fa9d9644dab3f2c136f5b91.tmp\sketch\knobby.ino.cpp.o
                0x000804c0                Encoder::isr32()
 .text._ZN7Encoder5isr31Ev
                0x000804d4       0x10 C:\Users\dario\AppData\Local\Temp\buildc3856b5a6fa9d9644dab3f2c136f5b91.tmp\sketch\knobby.ino.cpp.o
                0x000804d4                Encoder::isr31()
 .text._ZN7Encoder5isr30Ev
                0x000804e4       0x10 C:\Users\dario\AppData\Local\Temp\buildc3856b5a6fa9d9644dab3f2c136f5b91.tmp\sketch\knobby.ino.cpp.o
                0x000804e4                Encoder::isr30()
 .text._ZN7Encoder5isr29Ev
                0x000804f4       0x10 C:\Users\dario\AppData\Local\Temp\buildc3856b5a6fa9d9644dab3f2c136f5b91.tmp\sketch\knobby.ino.cpp.o
                0x000804f4                Encoder::isr29()
 .text._ZN7Encoder5isr28Ev
                0x00080504       0x10 C:\Users\dario\AppData\Local\Temp\buildc3856b5a6fa9d9644dab3f2c136f5b91.tmp\sketch\knobby.ino.cpp.o
                0x00080504                Encoder::isr28()
 .text._ZN7Encoder5isr27Ev
                0x00080514       0x10 C:\Users\dario\AppData\Local\Temp\buildc3856b5a6fa9d9644dab3f2c136f5b91.tmp\sketch\knobby.ino.cpp.o
                0x00080514                Encoder::isr27()
 .text._ZN7Encoder5isr26Ev
                0x00080524       0x10 C:\Users\dario\AppData\Local\Temp\buildc3856b5a6fa9d9644dab3f2c136f5b91.tmp\sketch\knobby.ino.cpp.o
                0x00080524                Encoder::isr26()
 .text._ZN7Encoder5isr25Ev
                0x00080534       0x10 C:\Users\dario\AppData\Local\Temp\buildc3856b5a6fa9d9644dab3f2c136f5b91.tmp\sketch\knobby.ino.cpp.o
                0x00080534                Encoder::isr25()
 .text._ZN7Encoder5isr24Ev
                0x00080544       0x10 C:\Users\dario\AppData\Local\Temp\buildc3856b5a6fa9d9644dab3f2c136f5b91.tmp\sketch\knobby.ino.cpp.o
                0x00080544                Encoder::isr24()
 .text._ZN7Encoder5isr23Ev
                0x00080554       0x10 C:\Users\dario\AppData\Local\Temp\buildc3856b5a6fa9d9644dab3f2c136f5b91.tmp\sketch\knobby.ino.cpp.o
                0x00080554                Encoder::isr23()
 .text._ZN7Encoder5isr22Ev
                0x00080564       0x10 C:\Users\dario\AppData\Local\Temp\buildc3856b5a6fa9d9644dab3f2c136f5b91.tmp\sketch\knobby.ino.cpp.o
                0x00080564                Encoder::isr22()
 .text._ZN7Encoder5isr21Ev
                0x00080574       0x10 C:\Users\dario\AppData\Local\Temp\buildc3856b5a6fa9d9644dab3f2c136f5b91.tmp\sketch\knobby.ino.cpp.o
                0x00080574                Encoder::isr21()
 .text._ZN7Encoder5isr20Ev
                0x00080584       0x10 C:\Users\dario\AppData\Local\Temp\buildc3856b5a6fa9d9644dab3f2c136f5b91.tmp\sketch\knobby.ino.cpp.o
                0x00080584                Encoder::isr20()
 .text._ZN7Encoder5isr19Ev
                0x00080594       0x10 C:\Users\dario\AppData\Local\Temp\buildc3856b5a6fa9d9644dab3f2c136f5b91.tmp\sketch\knobby.ino.cpp.o
                0x00080594                Encoder::isr19()
 .text._ZN7Encoder5isr18Ev
                0x000805a4       0x10 C:\Users\dario\AppData\Local\Temp\buildc3856b5a6fa9d9644dab3f2c136f5b91.tmp\sketch\knobby.ino.cpp.o
                0x000805a4                Encoder::isr18()
 .text._ZN7Encoder5isr17Ev
                0x000805b4       0x10 C:\Users\dario\AppData\Local\Temp\buildc3856b5a6fa9d9644dab3f2c136f5b91.tmp\sketch\knobby.ino.cpp.o
                0x000805b4                Encoder::isr17()
 .text._ZN7Encoder5isr16Ev
                0x000805c4       0x10 C:\Users\dario\AppData\Local\Temp\buildc3856b5a6fa9d9644dab3f2c136f5b91.tmp\sketch\knobby.ino.cpp.o
                0x000805c4                Encoder::isr16()
 .text._ZN7Encoder5isr15Ev
                0x000805d4       0x10 C:\Users\dario\AppData\Local\Temp\buildc3856b5a6fa9d9644dab3f2c136f5b91.tmp\sketch\knobby.ino.cpp.o
                0x000805d4                Encoder::isr15()
 .text._ZN7Encoder5isr14Ev
                0x000805e4       0x10 C:\Users\dario\AppData\Local\Temp\buildc3856b5a6fa9d9644dab3f2c136f5b91.tmp\sketch\knobby.ino.cpp.o
                0x000805e4                Encoder::isr14()
 .text._ZN7Encoder5isr13Ev
                0x000805f4       0x10 C:\Users\dario\AppData\Local\Temp\buildc3856b5a6fa9d9644dab3f2c136f5b91.tmp\sketch\knobby.ino.cpp.o
                0x000805f4                Encoder::isr13()
 .text._ZN7Encoder5isr12Ev
                0x00080604       0x10 C:\Users\dario\AppData\Local\Temp\buildc3856b5a6fa9d9644dab3f2c136f5b91.tmp\sketch\knobby.ino.cpp.o
                0x00080604                Encoder::isr12()
 .text._ZN7Encoder5isr11Ev
                0x00080614       0x10 C:\Users\dario\AppData\Local\Temp\buildc3856b5a6fa9d9644dab3f2c136f5b91.tmp\sketch\knobby.ino.cpp.o
                0x00080614                Encoder::isr11()
 .text._ZN7Encoder5isr10Ev
                0x00080624       0x10 C:\Users\dario\AppData\Local\Temp\buildc3856b5a6fa9d9644dab3f2c136f5b91.tmp\sketch\knobby.ino.cpp.o
                0x00080624                Encoder::isr10()
 .text._ZN7Encoder4isr9Ev
                0x00080634       0x10 C:\Users\dario\AppData\Local\Temp\buildc3856b5a6fa9d9644dab3f2c136f5b91.tmp\sketch\knobby.ino.cpp.o
                0x00080634                Encoder::isr9()
 .text._ZN7Encoder4isr8Ev
                0x00080644       0x10 C:\Users\dario\AppData\Local\Temp\buildc3856b5a6fa9d9644dab3f2c136f5b91.tmp\sketch\knobby.ino.cpp.o
                0x00080644                Encoder::isr8()
 .text._ZN7Encoder4isr7Ev
                0x00080654       0x10 C:\Users\dario\AppData\Local\Temp\buildc3856b5a6fa9d9644dab3f2c136f5b91.tmp\sketch\knobby.ino.cpp.o
                0x00080654                Encoder::isr7()
 .text._ZN7Encoder4isr6Ev
                0x00080664       0x10 C:\Users\dario\AppData\Local\Temp\buildc3856b5a6fa9d9644dab3f2c136f5b91.tmp\sketch\knobby.ino.cpp.o
                0x00080664                Encoder::isr6()
 .text._ZN7Encoder4isr5Ev
                0x00080674       0x10 C:\Users\dario\AppData\Local\Temp\buildc3856b5a6fa9d9644dab3f2c136f5b91.tmp\sketch\knobby.ino.cpp.o
                0x00080674                Encoder::isr5()
 .text._ZN7Encoder4isr4Ev
                0x00080684       0x10 C:\Users\dario\AppData\Local\Temp\buildc3856b5a6fa9d9644dab3f2c136f5b91.tmp\sketch\knobby.ino.cpp.o
                0x00080684                Encoder::isr4()
 .text._ZN7Encoder4isr3Ev
                0x00080694       0x10 C:\Users\dario\AppData\Local\Temp\buildc3856b5a6fa9d9644dab3f2c136f5b91.tmp\sketch\knobby.ino.cpp.o
                0x00080694                Encoder::isr3()
 .text._ZN7Encoder4isr2Ev
                0x000806a4       0x10 C:\Users\dario\AppData\Local\Temp\buildc3856b5a6fa9d9644dab3f2c136f5b91.tmp\sketch\knobby.ino.cpp.o
                0x000806a4                Encoder::isr2()
 .text._ZN7Encoder4isr1Ev
                0x000806b4       0x10 C:\Users\dario\AppData\Local\Temp\buildc3856b5a6fa9d9644dab3f2c136f5b91.tmp\sketch\knobby.ino.cpp.o
                0x000806b4                Encoder::isr1()
 .text._ZN7Encoder4isr0Ev
                0x000806c4       0x10 C:\Users\dario\AppData\Local\Temp\buildc3856b5a6fa9d9644dab3f2c136f5b91.tmp\sketch\knobby.ino.cpp.o
                0x000806c4                Encoder::isr0()
 .text._ZN7Encoder16attach_interruptEhP24Encoder_internal_state_t
                0x000806d4      0x3ac C:\Users\dario\AppData\Local\Temp\buildc3856b5a6fa9d9644dab3f2c136f5b91.tmp\sketch\knobby.ino.cpp.o
                0x000806d4                Encoder::attach_interrupt(unsigned char, Encoder_internal_state_t*)
 .text._ZN7EncoderC2Ehh
                0x00080a80       0x88 C:\Users\dario\AppData\Local\Temp\buildc3856b5a6fa9d9644dab3f2c136f5b91.tmp\sketch\knobby.ino.cpp.o
                0x00080a80                Encoder::Encoder(unsigned char, unsigned char)
                0x00080a80                Encoder::Encoder(unsigned char, unsigned char)
 .text._Z10format_dlrcfi
                0x00080b08       0x90 C:\Users\dario\AppData\Local\Temp\buildc3856b5a6fa9d9644dab3f2c136f5b91.tmp\sketch\knobby.ino.cpp.o
                0x00080b08                format_dlr(char, float, int)
 .text._Z11update_axisil
                0x00080b98       0x84 C:\Users\dario\AppData\Local\Temp\buildc3856b5a6fa9d9644dab3f2c136f5b91.tmp\sketch\knobby.ino.cpp.o
                0x00080b98                update_axis(int, long)
 .text._Z11axis_arrowsv
                0x00080c1c       0x78 C:\Users\dario\AppData\Local\Temp\buildc3856b5a6fa9d9644dab3f2c136f5b91.tmp\sketch\knobby.ino.cpp.o
                0x00080c1c                axis_arrows()
 .text._Z12updatezstackv
                0x00080c94       0xe4 C:\Users\dario\AppData\Local\Temp\buildc3856b5a6fa9d9644dab3f2c136f5b91.tmp\sketch\knobby.ino.cpp.o
                0x00080c94                updatezstack()
 .text._Z10updatezeroi
                0x00080d78       0x54 C:\Users\dario\AppData\Local\Temp\buildc3856b5a6fa9d9644dab3f2c136f5b91.tmp\sketch\knobby.ino.cpp.o
                0x00080d78                updatezero(int)
 .text._Z11updatestorei
                0x00080dcc       0xb0 C:\Users\dario\AppData\Local\Temp\buildc3856b5a6fa9d9644dab3f2c136f5b91.tmp\sketch\knobby.ino.cpp.o
                0x00080dcc                updatestore(int)
 .text._Z12updaterecalli
                0x00080e7c       0xb0 C:\Users\dario\AppData\Local\Temp\buildc3856b5a6fa9d9644dab3f2c136f5b91.tmp\sketch\knobby.ino.cpp.o
                0x00080e7c                updaterecall(int)
 .text._Z6read16RN5SDLib4FileE
                0x00080f2c       0x22 C:\Users\dario\AppData\Local\Temp\buildc3856b5a6fa9d9644dab3f2c136f5b91.tmp\sketch\knobby.ino.cpp.o
                0x00080f2c                read16(SDLib::File&)
 .text._Z6read32RN5SDLib4FileE
                0x00080f4e       0x38 C:\Users\dario\AppData\Local\Temp\buildc3856b5a6fa9d9644dab3f2c136f5b91.tmp\sketch\knobby.ino.cpp.o
                0x00080f4e                read32(SDLib::File&)
 *fill*         0x00080f86        0x2 
 .text._Z7bmpDrawPcht
                0x00080f88      0x1bc C:\Users\dario\AppData\Local\Temp\buildc3856b5a6fa9d9644dab3f2c136f5b91.tmp\sketch\knobby.ino.cpp.o
                0x00080f88                bmpDraw(char*, unsigned char, unsigned short)
 .text.startup._GLOBAL__sub_I_ctp
                0x00081144       0x64 C:\Users\dario\AppData\Local\Temp\buildc3856b5a6fa9d9644dab3f2c136f5b91.tmp\sketch\knobby.ino.cpp.o
 .text._Z10updatelocki
                0x000811a8       0x60 C:\Users\dario\AppData\Local\Temp\buildc3856b5a6fa9d9644dab3f2c136f5b91.tmp\sketch\knobby.ino.cpp.o
                0x000811a8                updatelock(int)
 .text._Z7updatevi
                0x00081208       0x64 C:\Users\dario\AppData\Local\Temp\buildc3856b5a6fa9d9644dab3f2c136f5b91.tmp\sketch\knobby.ino.cpp.o
                0x00081208                updatev(int)
 .text._Z7updatemi
                0x0008126c       0x58 C:\Users\dario\AppData\Local\Temp\buildc3856b5a6fa9d9644dab3f2c136f5b91.tmp\sketch\knobby.ino.cpp.o
                0x0008126c                updatem(int)
 .text._Z10updatepagei
                0x000812c4      0x260 C:\Users\dario\AppData\Local\Temp\buildc3856b5a6fa9d9644dab3f2c136f5b91.tmp\sketch\knobby.ino.cpp.o
                0x000812c4                updatepage(int)
 .text.setup    0x00081524      0x130 C:\Users\dario\AppData\Local\Temp\buildc3856b5a6fa9d9644dab3f2c136f5b91.tmp\sketch\knobby.ino.cpp.o
                0x00081524                setup
 .text.loop     0x00081654      0xcb8 C:\Users\dario\AppData\Local\Temp\buildc3856b5a6fa9d9644dab3f2c136f5b91.tmp\sketch\knobby.ino.cpp.o
                0x00081654                loop
 .text._ZN12Adafruit_GFX8drawLineEsssst
                0x0008230c       0xc8 C:\Users\dario\AppData\Local\Temp\buildc3856b5a6fa9d9644dab3f2c136f5b91.tmp\libraries\Adafruit-GFX\Adafruit_GFX.cpp.o
                0x0008230c                Adafruit_GFX::drawLine(short, short, short, short, unsigned short)
 .text._ZN12Adafruit_GFX8drawRectEsssst
                0x000823d4       0x5e C:\Users\dario\AppData\Local\Temp\buildc3856b5a6fa9d9644dab3f2c136f5b91.tmp\libraries\Adafruit-GFX\Adafruit_GFX.cpp.o
                0x000823d4                Adafruit_GFX::drawRect(short, short, short, short, unsigned short)
 .text._ZN12Adafruit_GFX13drawFastVLineEssst
                0x00082432       0x1c C:\Users\dario\AppData\Local\Temp\buildc3856b5a6fa9d9644dab3f2c136f5b91.tmp\libraries\Adafruit-GFX\Adafruit_GFX.cpp.o
                0x00082432                Adafruit_GFX::drawFastVLine(short, short, short, unsigned short)
 .text._ZN12Adafruit_GFX13drawFastHLineEssst
                0x0008244e       0x1a C:\Users\dario\AppData\Local\Temp\buildc3856b5a6fa9d9644dab3f2c136f5b91.tmp\libraries\Adafruit-GFX\Adafruit_GFX.cpp.o
                0x0008244e                Adafruit_GFX::drawFastHLine(short, short, short, unsigned short)
 .text._ZN12Adafruit_GFX8fillRectEsssst
                0x00082468       0x3c C:\Users\dario\AppData\Local\Temp\buildc3856b5a6fa9d9644dab3f2c136f5b91.tmp\libraries\Adafruit-GFX\Adafruit_GFX.cpp.o
                0x00082468                Adafruit_GFX::fillRect(short, short, short, short, unsigned short)
 .text._ZN12Adafruit_GFX10fillScreenEt
                0x000824a4       0x1c C:\Users\dario\AppData\Local\Temp\buildc3856b5a6fa9d9644dab3f2c136f5b91.tmp\libraries\Adafruit-GFX\Adafruit_GFX.cpp.o
                0x000824a4                Adafruit_GFX::fillScreen(unsigned short)
 .text._ZN12Adafruit_GFX13invertDisplayEb
                0x000824c0        0x2 C:\Users\dario\AppData\Local\Temp\buildc3856b5a6fa9d9644dab3f2c136f5b91.tmp\libraries\Adafruit-GFX\Adafruit_GFX.cpp.o
                0x000824c0                Adafruit_GFX::invertDisplay(bool)
 *fill*         0x000824c2        0x2 
 .text._ZN12Adafruit_GFXC2Ess
                0x000824c4       0x30 C:\Users\dario\AppData\Local\Temp\buildc3856b5a6fa9d9644dab3f2c136f5b91.tmp\libraries\Adafruit-GFX\Adafruit_GFX.cpp.o
                0x000824c4                Adafruit_GFX::Adafruit_GFX(short, short)
                0x000824c4                Adafruit_GFX::Adafruit_GFX(short, short)
 .text._ZN12Adafruit_GFX16fillCircleHelperEssshst
                0x000824f4      0x14c C:\Users\dario\AppData\Local\Temp\buildc3856b5a6fa9d9644dab3f2c136f5b91.tmp\libraries\Adafruit-GFX\Adafruit_GFX.cpp.o
                0x000824f4                Adafruit_GFX::fillCircleHelper(short, short, short, unsigned char, short, unsigned short)
 .text._ZN12Adafruit_GFX10fillCircleEssst
                0x00082640       0x46 C:\Users\dario\AppData\Local\Temp\buildc3856b5a6fa9d9644dab3f2c136f5b91.tmp\libraries\Adafruit-GFX\Adafruit_GFX.cpp.o
                0x00082640                Adafruit_GFX::fillCircle(short, short, short, unsigned short)
 *fill*         0x00082686        0x2 
 .text._ZN12Adafruit_GFX8drawCharEsshtth
                0x00082688      0x24c C:\Users\dario\AppData\Local\Temp\buildc3856b5a6fa9d9644dab3f2c136f5b91.tmp\libraries\Adafruit-GFX\Adafruit_GFX.cpp.o
                0x00082688                Adafruit_GFX::drawChar(short, short, unsigned char, unsigned short, unsigned short, unsigned char)
 .text._ZN12Adafruit_GFX5writeEh
                0x000828d4       0xf8 C:\Users\dario\AppData\Local\Temp\buildc3856b5a6fa9d9644dab3f2c136f5b91.tmp\libraries\Adafruit-GFX\Adafruit_GFX.cpp.o
                0x000828d4                Adafruit_GFX::write(unsigned char)
 .text._ZN12Adafruit_GFX9setCursorEss
                0x000829cc        0x6 C:\Users\dario\AppData\Local\Temp\buildc3856b5a6fa9d9644dab3f2c136f5b91.tmp\libraries\Adafruit-GFX\Adafruit_GFX.cpp.o
                0x000829cc                Adafruit_GFX::setCursor(short, short)
 .text._ZN12Adafruit_GFX11setTextSizeEh
                0x000829d2        0xa C:\Users\dario\AppData\Local\Temp\buildc3856b5a6fa9d9644dab3f2c136f5b91.tmp\libraries\Adafruit-GFX\Adafruit_GFX.cpp.o
                0x000829d2                Adafruit_GFX::setTextSize(unsigned char)
 .text._ZN12Adafruit_GFX12setTextColorEt
                0x000829dc        0x6 C:\Users\dario\AppData\Local\Temp\buildc3856b5a6fa9d9644dab3f2c136f5b91.tmp\libraries\Adafruit-GFX\Adafruit_GFX.cpp.o
                0x000829dc                Adafruit_GFX::setTextColor(unsigned short)
 .text._ZN12Adafruit_GFX12setTextColorEtt
                0x000829e2        0x6 C:\Users\dario\AppData\Local\Temp\buildc3856b5a6fa9d9644dab3f2c136f5b91.tmp\libraries\Adafruit-GFX\Adafruit_GFX.cpp.o
                0x000829e2                Adafruit_GFX::setTextColor(unsigned short, unsigned short)
 .text._ZNK12Adafruit_GFX5widthEv
                0x000829e8        0x6 C:\Users\dario\AppData\Local\Temp\buildc3856b5a6fa9d9644dab3f2c136f5b91.tmp\libraries\Adafruit-GFX\Adafruit_GFX.cpp.o
                0x000829e8                Adafruit_GFX::width() const
 .text._ZNK12Adafruit_GFX6heightEv
                0x000829ee        0x6 C:\Users\dario\AppData\Local\Temp\buildc3856b5a6fa9d9644dab3f2c136f5b91.tmp\libraries\Adafruit-GFX\Adafruit_GFX.cpp.o
                0x000829ee                Adafruit_GFX::height() const
 .text._ZL10SPI_0_Initv
                0x000829f4       0x48 C:\Users\dario\AppData\Local\Temp\buildc3856b5a6fa9d9644dab3f2c136f5b91.tmp\libraries\SPI\SPI.cpp.o
 .text._ZN8SPIClass4initEv
                0x00082a3c       0x36 C:\Users\dario\AppData\Local\Temp\buildc3856b5a6fa9d9644dab3f2c136f5b91.tmp\libraries\SPI\SPI.cpp.o
                0x00082a3c                SPIClass::init()
 *fill*         0x00082a72        0x2 
 .text._ZN8SPIClass16beginTransactionEh11SPISettings
                0x00082a74       0x98 C:\Users\dario\AppData\Local\Temp\buildc3856b5a6fa9d9644dab3f2c136f5b91.tmp\libraries\SPI\SPI.cpp.o
                0x00082a74                SPIClass::beginTransaction(unsigned char, SPISettings)
 .text._ZN8SPIClass14endTransactionEv
                0x00082b0c       0x50 C:\Users\dario\AppData\Local\Temp\buildc3856b5a6fa9d9644dab3f2c136f5b91.tmp\libraries\SPI\SPI.cpp.o
                0x00082b0c                SPIClass::endTransaction()
 .text._ZN8SPIClass11setDataModeEhh
                0x00082b5c       0x34 C:\Users\dario\AppData\Local\Temp\buildc3856b5a6fa9d9644dab3f2c136f5b91.tmp\libraries\SPI\SPI.cpp.o
                0x00082b5c                SPIClass::setDataMode(unsigned char, unsigned char)
 .text._ZN8SPIClass15setClockDividerEhh
                0x00082b90       0x2e C:\Users\dario\AppData\Local\Temp\buildc3856b5a6fa9d9644dab3f2c136f5b91.tmp\libraries\SPI\SPI.cpp.o
                0x00082b90                SPIClass::setClockDivider(unsigned char, unsigned char)
 .text._ZN8SPIClass5beginEv
                0x00082bbe       0x22 C:\Users\dario\AppData\Local\Temp\buildc3856b5a6fa9d9644dab3f2c136f5b91.tmp\libraries\SPI\SPI.cpp.o
                0x00082bbe                SPIClass::begin()
 .text._ZN8SPIClass8transferEhh15SPITransferMode
                0x00082be0       0x5e C:\Users\dario\AppData\Local\Temp\buildc3856b5a6fa9d9644dab3f2c136f5b91.tmp\libraries\SPI\SPI.cpp.o
                0x00082be0                SPIClass::transfer(unsigned char, unsigned char, SPITransferMode)
 *fill*         0x00082c3e        0x2 
 .text.startup._GLOBAL__sub_I__ZN8SPIClassC2EP3SpimPFvvE
                0x00082c40       0x24 C:\Users\dario\AppData\Local\Temp\buildc3856b5a6fa9d9644dab3f2c136f5b91.tmp\libraries\SPI\SPI.cpp.o
 .text._ZN16Adafruit_ILI934110fillScreenEt
                0x00082c64       0x1c C:\Users\dario\AppData\Local\Temp\buildc3856b5a6fa9d9644dab3f2c136f5b91.tmp\libraries\Adafruit_ILI9341\Adafruit_ILI9341.cpp.o
                0x00082c64                Adafruit_ILI9341::fillScreen(unsigned short)
 .text._ZN8SPIClass16beginTransactionE11SPISettings
                0x00082c80       0x12 C:\Users\dario\AppData\Local\Temp\buildc3856b5a6fa9d9644dab3f2c136f5b91.tmp\libraries\Adafruit_ILI9341\Adafruit_ILI9341.cpp.o
                0x00082c80                SPIClass::beginTransaction(SPISettings)
 *fill*         0x00082c92        0x2 
 .text._ZN16Adafruit_ILI9341C2Eaaa
                0x00082c94       0x34 C:\Users\dario\AppData\Local\Temp\buildc3856b5a6fa9d9644dab3f2c136f5b91.tmp\libraries\Adafruit_ILI9341\Adafruit_ILI9341.cpp.o
                0x00082c94                Adafruit_ILI9341::Adafruit_ILI9341(signed char, signed char, signed char)
                0x00082c94                Adafruit_ILI9341::Adafruit_ILI9341(signed char, signed char, signed char)
 .text._ZN16Adafruit_ILI93418spiwriteEh
                0x00082cc8       0x54 C:\Users\dario\AppData\Local\Temp\buildc3856b5a6fa9d9644dab3f2c136f5b91.tmp\libraries\Adafruit_ILI9341\Adafruit_ILI9341.cpp.o
                0x00082cc8                Adafruit_ILI9341::spiwrite(unsigned char)
 .text._ZN16Adafruit_ILI934112writecommandEh
                0x00082d1c       0x2c C:\Users\dario\AppData\Local\Temp\buildc3856b5a6fa9d9644dab3f2c136f5b91.tmp\libraries\Adafruit_ILI9341\Adafruit_ILI9341.cpp.o
                0x00082d1c                Adafruit_ILI9341::writecommand(unsigned char)
 .text._ZN16Adafruit_ILI934113invertDisplayEb
                0x00082d48       0x50 C:\Users\dario\AppData\Local\Temp\buildc3856b5a6fa9d9644dab3f2c136f5b91.tmp\libraries\Adafruit_ILI9341\Adafruit_ILI9341.cpp.o
                0x00082d48                Adafruit_ILI9341::invertDisplay(bool)
 .text._ZN16Adafruit_ILI93419writedataEh
                0x00082d98       0x2a C:\Users\dario\AppData\Local\Temp\buildc3856b5a6fa9d9644dab3f2c136f5b91.tmp\libraries\Adafruit_ILI9341\Adafruit_ILI9341.cpp.o
                0x00082d98                Adafruit_ILI9341::writedata(unsigned char)
 *fill*         0x00082dc2        0x2 
 .text._ZN16Adafruit_ILI93415beginEv
                0x00082dc4      0x3fc C:\Users\dario\AppData\Local\Temp\buildc3856b5a6fa9d9644dab3f2c136f5b91.tmp\libraries\Adafruit_ILI9341\Adafruit_ILI9341.cpp.o
                0x00082dc4                Adafruit_ILI9341::begin()
 .text._ZN16Adafruit_ILI934113setAddrWindowEtttt
                0x000831c0       0x6e C:\Users\dario\AppData\Local\Temp\buildc3856b5a6fa9d9644dab3f2c136f5b91.tmp\libraries\Adafruit_ILI9341\Adafruit_ILI9341.cpp.o
                0x000831c0                Adafruit_ILI9341::setAddrWindow(unsigned short, unsigned short, unsigned short, unsigned short)
 *fill*         0x0008322e        0x2 
 .text._ZN16Adafruit_ILI93419drawPixelEsst
                0x00083230       0xa8 C:\Users\dario\AppData\Local\Temp\buildc3856b5a6fa9d9644dab3f2c136f5b91.tmp\libraries\Adafruit_ILI9341\Adafruit_ILI9341.cpp.o
                0x00083230                Adafruit_ILI9341::drawPixel(short, short, unsigned short)
 .text._ZN16Adafruit_ILI934113drawFastVLineEssst
                0x000832d8       0xc0 C:\Users\dario\AppData\Local\Temp\buildc3856b5a6fa9d9644dab3f2c136f5b91.tmp\libraries\Adafruit_ILI9341\Adafruit_ILI9341.cpp.o
                0x000832d8                Adafruit_ILI9341::drawFastVLine(short, short, short, unsigned short)
 .text._ZN16Adafruit_ILI934113drawFastHLineEssst
                0x00083398       0xc4 C:\Users\dario\AppData\Local\Temp\buildc3856b5a6fa9d9644dab3f2c136f5b91.tmp\libraries\Adafruit_ILI9341\Adafruit_ILI9341.cpp.o
                0x00083398                Adafruit_ILI9341::drawFastHLine(short, short, short, unsigned short)
 .text._ZN16Adafruit_ILI93418fillRectEsssst
                0x0008345c       0xec C:\Users\dario\AppData\Local\Temp\buildc3856b5a6fa9d9644dab3f2c136f5b91.tmp\libraries\Adafruit_ILI9341\Adafruit_ILI9341.cpp.o
                0x0008345c                Adafruit_ILI9341::fillRect(short, short, short, short, unsigned short)
 .text._ZN16Adafruit_ILI93419pushColorEt
                0x00083548       0x74 C:\Users\dario\AppData\Local\Temp\buildc3856b5a6fa9d9644dab3f2c136f5b91.tmp\libraries\Adafruit_ILI9341\Adafruit_ILI9341.cpp.o
                0x00083548                Adafruit_ILI9341::pushColor(unsigned short)
 .text._ZN16Adafruit_ILI93418color565Ehhh
                0x000835bc       0x14 C:\Users\dario\AppData\Local\Temp\buildc3856b5a6fa9d9644dab3f2c136f5b91.tmp\libraries\Adafruit_ILI9341\Adafruit_ILI9341.cpp.o
                0x000835bc                Adafruit_ILI9341::color565(unsigned char, unsigned char, unsigned char)
 .text._ZN16Adafruit_ILI934111setRotationEh
                0x000835d0       0x88 C:\Users\dario\AppData\Local\Temp\buildc3856b5a6fa9d9644dab3f2c136f5b91.tmp\libraries\Adafruit_ILI9341\Adafruit_ILI9341.cpp.o
                0x000835d0                Adafruit_ILI9341::setRotation(unsigned char)
 .text._ZN7TwoWire5writeEPKhj
                0x00083658       0x50 C:\Users\dario\AppData\Local\Temp\buildc3856b5a6fa9d9644dab3f2c136f5b91.tmp\libraries\Wire\Wire.cpp.o
                0x00083658                TwoWire::write(unsigned char const*, unsigned int)
 .text._ZN7TwoWire9availableEv
                0x000836a8        0xc C:\Users\dario\AppData\Local\Temp\buildc3856b5a6fa9d9644dab3f2c136f5b91.tmp\libraries\Wire\Wire.cpp.o
                0x000836a8                TwoWire::available()
 .text._ZN7TwoWire4readEv
                0x000836b4       0x1e C:\Users\dario\AppData\Local\Temp\buildc3856b5a6fa9d9644dab3f2c136f5b91.tmp\libraries\Wire\Wire.cpp.o
                0x000836b4                TwoWire::read()
 .text._ZN7TwoWire4peekEv
                0x000836d2       0x16 C:\Users\dario\AppData\Local\Temp\buildc3856b5a6fa9d9644dab3f2c136f5b91.tmp\libraries\Wire\Wire.cpp.o
                0x000836d2                TwoWire::peek()
 .text._ZN7TwoWire5flushEv
                0x000836e8        0x2 C:\Users\dario\AppData\Local\Temp\buildc3856b5a6fa9d9644dab3f2c136f5b91.tmp\libraries\Wire\Wire.cpp.o
                0x000836e8                TwoWire::flush()
 .text._ZN7TwoWire5writeEh
                0x000836ea       0x3a C:\Users\dario\AppData\Local\Temp\buildc3856b5a6fa9d9644dab3f2c136f5b91.tmp\libraries\Wire\Wire.cpp.o
                0x000836ea                TwoWire::write(unsigned char)
 .text._ZL16TWI_WaitByteSentP3Twim.constprop.3
                0x00083724       0x2c C:\Users\dario\AppData\Local\Temp\buildc3856b5a6fa9d9644dab3f2c136f5b91.tmp\libraries\Wire\Wire.cpp.o
 .text._ZL24TWI_WaitTransferCompleteP3Twim.constprop.4
                0x00083750       0x2c C:\Users\dario\AppData\Local\Temp\buildc3856b5a6fa9d9644dab3f2c136f5b91.tmp\libraries\Wire\Wire.cpp.o
 .text._ZL9Wire_Initv
                0x0008377c       0x54 C:\Users\dario\AppData\Local\Temp\buildc3856b5a6fa9d9644dab3f2c136f5b91.tmp\libraries\Wire\Wire.cpp.o
 .text._ZL12Wire1_Deinitv
                0x000837d0       0x18 C:\Users\dario\AppData\Local\Temp\buildc3856b5a6fa9d9644dab3f2c136f5b91.tmp\libraries\Wire\Wire.cpp.o
 .text._ZL11Wire_Deinitv
                0x000837e8       0x18 C:\Users\dario\AppData\Local\Temp\buildc3856b5a6fa9d9644dab3f2c136f5b91.tmp\libraries\Wire\Wire.cpp.o
 .text._ZL10Wire1_Initv
                0x00083800       0x54 C:\Users\dario\AppData\Local\Temp\buildc3856b5a6fa9d9644dab3f2c136f5b91.tmp\libraries\Wire\Wire.cpp.o
 .text._ZN7TwoWireC2EP3TwiPFvvES3_
                0x00083854       0x48 C:\Users\dario\AppData\Local\Temp\buildc3856b5a6fa9d9644dab3f2c136f5b91.tmp\libraries\Wire\Wire.cpp.o
                0x00083854                TwoWire::TwoWire(Twi*, void (*)(), void (*)())
                0x00083854                TwoWire::TwoWire(Twi*, void (*)(), void (*)())
 .text._ZN7TwoWire5beginEv
                0x0008389c       0x30 C:\Users\dario\AppData\Local\Temp\buildc3856b5a6fa9d9644dab3f2c136f5b91.tmp\libraries\Wire\Wire.cpp.o
                0x0008389c                TwoWire::begin()
 .text._ZN7TwoWire11requestFromEhhmhh
                0x000838cc       0x78 C:\Users\dario\AppData\Local\Temp\buildc3856b5a6fa9d9644dab3f2c136f5b91.tmp\libraries\Wire\Wire.cpp.o
                0x000838cc                TwoWire::requestFrom(unsigned char, unsigned char, unsigned long, unsigned char, unsigned char)
 .text._ZN7TwoWire11requestFromEhhh
                0x00083944       0x12 C:\Users\dario\AppData\Local\Temp\buildc3856b5a6fa9d9644dab3f2c136f5b91.tmp\libraries\Wire\Wire.cpp.o
                0x00083944                TwoWire::requestFrom(unsigned char, unsigned char, unsigned char)
 .text._ZN7TwoWire11requestFromEhh
                0x00083956        0x6 C:\Users\dario\AppData\Local\Temp\buildc3856b5a6fa9d9644dab3f2c136f5b91.tmp\libraries\Wire\Wire.cpp.o
                0x00083956                TwoWire::requestFrom(unsigned char, unsigned char)
 .text._ZN7TwoWire17beginTransmissionEi
                0x0008395c       0x12 C:\Users\dario\AppData\Local\Temp\buildc3856b5a6fa9d9644dab3f2c136f5b91.tmp\libraries\Wire\Wire.cpp.o
                0x0008395c                TwoWire::beginTransmission(int)
 .text._ZN7TwoWire15endTransmissionEh
                0x0008396e       0x82 C:\Users\dario\AppData\Local\Temp\buildc3856b5a6fa9d9644dab3f2c136f5b91.tmp\libraries\Wire\Wire.cpp.o
                0x0008396e                TwoWire::endTransmission(unsigned char)
 .text._ZN7TwoWire15endTransmissionEv
                0x000839f0        0x6 C:\Users\dario\AppData\Local\Temp\buildc3856b5a6fa9d9644dab3f2c136f5b91.tmp\libraries\Wire\Wire.cpp.o
                0x000839f0                TwoWire::endTransmission()
 .text._ZN7TwoWire9onServiceEv
                0x000839f6      0x118 C:\Users\dario\AppData\Local\Temp\buildc3856b5a6fa9d9644dab3f2c136f5b91.tmp\libraries\Wire\Wire.cpp.o
                0x000839f6                TwoWire::onService()
 *fill*         0x00083b0e        0x2 
 .text.TWI1_Handler
                0x00083b10        0xc C:\Users\dario\AppData\Local\Temp\buildc3856b5a6fa9d9644dab3f2c136f5b91.tmp\libraries\Wire\Wire.cpp.o
                0x00083b10                TWI1_Handler
 .text.TWI0_Handler
                0x00083b1c        0xc C:\Users\dario\AppData\Local\Temp\buildc3856b5a6fa9d9644dab3f2c136f5b91.tmp\libraries\Wire\Wire.cpp.o
                0x00083b1c                TWI0_Handler
 .text.startup._GLOBAL__sub_I__ZN7TwoWireC2EP3TwiPFvvES3_
                0x00083b28       0x40 C:\Users\dario\AppData\Local\Temp\buildc3856b5a6fa9d9644dab3f2c136f5b91.tmp\libraries\Wire\Wire.cpp.o
 .text._ZN15Adafruit_FT6206C2Ev
                0x00083b68        0x2 C:\Users\dario\AppData\Local\Temp\buildc3856b5a6fa9d9644dab3f2c136f5b91.tmp\libraries\Adafruit_FT6206\Adafruit_FT6206.cpp.o
                0x00083b68                Adafruit_FT6206::Adafruit_FT6206()
                0x00083b68                Adafruit_FT6206::Adafruit_FT6206()
 .text._ZN8TS_PointC2Ev
                0x00083b6a        0x8 C:\Users\dario\AppData\Local\Temp\buildc3856b5a6fa9d9644dab3f2c136f5b91.tmp\libraries\Adafruit_FT6206\Adafruit_FT6206.cpp.o
                0x00083b6a                TS_Point::TS_Point()
                0x00083b6a                TS_Point::TS_Point()
 *fill*         0x00083b72        0x2 
 .text._ZN15Adafruit_FT620614writeRegister8Ehh
                0x00083b74       0x30 C:\Users\dario\AppData\Local\Temp\buildc3856b5a6fa9d9644dab3f2c136f5b91.tmp\libraries\Adafruit_FT6206\Adafruit_FT6206.cpp.o
                0x00083b74                Adafruit_FT6206::writeRegister8(unsigned char, unsigned char)
 .text._ZN15Adafruit_FT62068readDataEPtS0_
                0x00083ba4       0xc8 C:\Users\dario\AppData\Local\Temp\buildc3856b5a6fa9d9644dab3f2c136f5b91.tmp\libraries\Adafruit_FT6206\Adafruit_FT6206.cpp.o
                0x00083ba4                Adafruit_FT6206::readData(unsigned short*, unsigned short*)
 .text._ZN15Adafruit_FT62068getPointEv
                0x00083c6c       0x26 C:\Users\dario\AppData\Local\Temp\buildc3856b5a6fa9d9644dab3f2c136f5b91.tmp\libraries\Adafruit_FT6206\Adafruit_FT6206.cpp.o
                0x00083c6c                Adafruit_FT6206::getPoint()
 *fill*         0x00083c92        0x2 
 .text._ZN15Adafruit_FT620613readRegister8Eh
                0x00083c94       0x44 C:\Users\dario\AppData\Local\Temp\buildc3856b5a6fa9d9644dab3f2c136f5b91.tmp\libraries\Adafruit_FT6206\Adafruit_FT6206.cpp.o
                0x00083c94                Adafruit_FT6206::readRegister8(unsigned char)
 .text._ZN15Adafruit_FT62065beginEh
                0x00083cd8       0x3c C:\Users\dario\AppData\Local\Temp\buildc3856b5a6fa9d9644dab3f2c136f5b91.tmp\libraries\Adafruit_FT6206\Adafruit_FT6206.cpp.o
                0x00083cd8                Adafruit_FT6206::begin(unsigned char)
 .text._ZN15Adafruit_FT62067touchedEv
                0x00083d14       0x16 C:\Users\dario\AppData\Local\Temp\buildc3856b5a6fa9d9644dab3f2c136f5b91.tmp\libraries\Adafruit_FT6206\Adafruit_FT6206.cpp.o
                0x00083d14                Adafruit_FT6206::touched()
 .text._ZN5SDLib4File5writeEh
                0x00083d2a       0x16 C:\Users\dario\AppData\Local\Temp\buildc3856b5a6fa9d9644dab3f2c136f5b91.tmp\libraries\SD\File.cpp.o
                0x00083d2a                SDLib::File::write(unsigned char)
 .text._ZN5SDLib4File5writeEPKhj
                0x00083d40       0x26 C:\Users\dario\AppData\Local\Temp\buildc3856b5a6fa9d9644dab3f2c136f5b91.tmp\libraries\SD\File.cpp.o
                0x00083d40                SDLib::File::write(unsigned char const*, unsigned int)
 .text._ZN5SDLib4File5flushEv
                0x00083d66        0xa C:\Users\dario\AppData\Local\Temp\buildc3856b5a6fa9d9644dab3f2c136f5b91.tmp\libraries\SD\File.cpp.o
                0x00083d66                SDLib::File::flush()
 .text._ZN6SdFile4readEv
                0x00083d70       0x20 C:\Users\dario\AppData\Local\Temp\buildc3856b5a6fa9d9644dab3f2c136f5b91.tmp\libraries\SD\File.cpp.o
                0x00083d70                SdFile::read()
 .text._ZN5SDLib4File4readEv
                0x00083d90       0x12 C:\Users\dario\AppData\Local\Temp\buildc3856b5a6fa9d9644dab3f2c136f5b91.tmp\libraries\SD\File.cpp.o
                0x00083d90                SDLib::File::read()
 .text._ZN5SDLib4File4peekEv
                0x00083da2       0x20 C:\Users\dario\AppData\Local\Temp\buildc3856b5a6fa9d9644dab3f2c136f5b91.tmp\libraries\SD\File.cpp.o
                0x00083da2                SDLib::File::peek()
 *fill*         0x00083dc2        0x2 
 .text._ZN5SDLib4FileC2E6SdFilePKc
                0x00083dc4       0x50 C:\Users\dario\AppData\Local\Temp\buildc3856b5a6fa9d9644dab3f2c136f5b91.tmp\libraries\SD\File.cpp.o
                0x00083dc4                SDLib::File::File(SdFile, char const*)
                0x00083dc4                SDLib::File::File(SdFile, char const*)
 .text._ZN5SDLib4FileC2Ev
                0x00083e14       0x18 C:\Users\dario\AppData\Local\Temp\buildc3856b5a6fa9d9644dab3f2c136f5b91.tmp\libraries\SD\File.cpp.o
                0x00083e14                SDLib::File::File()
                0x00083e14                SDLib::File::File()
 .text._ZN5SDLib4File4readEPvt
                0x00083e2c        0xc C:\Users\dario\AppData\Local\Temp\buildc3856b5a6fa9d9644dab3f2c136f5b91.tmp\libraries\SD\File.cpp.o
                0x00083e2c                SDLib::File::read(void*, unsigned short)
 .text._ZN5SDLib4File4seekEm
                0x00083e38       0x12 C:\Users\dario\AppData\Local\Temp\buildc3856b5a6fa9d9644dab3f2c136f5b91.tmp\libraries\SD\File.cpp.o
                0x00083e38                SDLib::File::seek(unsigned long)
 .text._ZN5SDLib4File8positionEv
                0x00083e4a        0xe C:\Users\dario\AppData\Local\Temp\buildc3856b5a6fa9d9644dab3f2c136f5b91.tmp\libraries\SD\File.cpp.o
                0x00083e4a                SDLib::File::position()
 .text._ZN5SDLib4File4sizeEv
                0x00083e58        0x8 C:\Users\dario\AppData\Local\Temp\buildc3856b5a6fa9d9644dab3f2c136f5b91.tmp\libraries\SD\File.cpp.o
                0x00083e58                SDLib::File::size()
 .text._ZN5SDLib4File9availableEv
                0x00083e60       0x26 C:\Users\dario\AppData\Local\Temp\buildc3856b5a6fa9d9644dab3f2c136f5b91.tmp\libraries\SD\File.cpp.o
                0x00083e60                SDLib::File::available()
 .text._ZN5SDLib4File5closeEv
                0x00083e86       0x18 C:\Users\dario\AppData\Local\Temp\buildc3856b5a6fa9d9644dab3f2c136f5b91.tmp\libraries\SD\File.cpp.o
                0x00083e86                SDLib::File::close()
 .text._ZN5SDLib4FilecvbEv
                0x00083e9e        0xe C:\Users\dario\AppData\Local\Temp\buildc3856b5a6fa9d9644dab3f2c136f5b91.tmp\libraries\SD\File.cpp.o
                0x00083e9e                SDLib::File::operator bool()
 .text._ZN5SDLib7SDClass5beginEh
                0x00083eac       0x44 C:\Users\dario\AppData\Local\Temp\buildc3856b5a6fa9d9644dab3f2c136f5b91.tmp\libraries\SD\SD.cpp.o
                0x00083eac                SDLib::SDClass::begin(unsigned char)
 .text._ZN6SdFileC2ERKS_
                0x00083ef0       0x34 C:\Users\dario\AppData\Local\Temp\buildc3856b5a6fa9d9644dab3f2c136f5b91.tmp\libraries\SD\SD.cpp.o
                0x00083ef0                SdFile::SdFile(SdFile const&)
                0x00083ef0                SdFile::SdFile(SdFile const&)
 .text._ZN5SDLib7SDClass12getParentDirEPKcPi
                0x00083f24       0xac C:\Users\dario\AppData\Local\Temp\buildc3856b5a6fa9d9644dab3f2c136f5b91.tmp\libraries\SD\SD.cpp.o
                0x00083f24                SDLib::SDClass::getParentDir(char const*, int*)
 .text._ZN5SDLib7SDClass4openEPKch
                0x00083fd0       0xa4 C:\Users\dario\AppData\Local\Temp\buildc3856b5a6fa9d9644dab3f2c136f5b91.tmp\libraries\SD\SD.cpp.o
                0x00083fd0                SDLib::SDClass::open(char const*, unsigned char)
 .text.startup._GLOBAL__sub_I__ZN5SDLib20getNextPathComponentEPKcPjPc
                0x00084074       0x28 C:\Users\dario\AppData\Local\Temp\buildc3856b5a6fa9d9644dab3f2c136f5b91.tmp\libraries\SD\SD.cpp.o
 .text._ZL7spiSendh
                0x0008409c       0x10 C:\Users\dario\AppData\Local\Temp\buildc3856b5a6fa9d9644dab3f2c136f5b91.tmp\libraries\SD\utility\Sd2Card.cpp.o
 .text._ZL6spiRecv
                0x000840ac       0x10 C:\Users\dario\AppData\Local\Temp\buildc3856b5a6fa9d9644dab3f2c136f5b91.tmp\libraries\SD\utility\Sd2Card.cpp.o
 .text._ZN7Sd2Card14chipSelectHighEv
                0x000840bc       0x28 C:\Users\dario\AppData\Local\Temp\buildc3856b5a6fa9d9644dab3f2c136f5b91.tmp\libraries\SD\utility\Sd2Card.cpp.o
                0x000840bc                Sd2Card::chipSelectHigh()
 .text._ZN7Sd2Card13chipSelectLowEv
                0x000840e4       0x40 C:\Users\dario\AppData\Local\Temp\buildc3856b5a6fa9d9644dab3f2c136f5b91.tmp\libraries\SD\utility\Sd2Card.cpp.o
                0x000840e4                Sd2Card::chipSelectLow()
 .text._ZN7Sd2Card7readEndEv
                0x00084124       0x2a C:\Users\dario\AppData\Local\Temp\buildc3856b5a6fa9d9644dab3f2c136f5b91.tmp\libraries\SD\utility\Sd2Card.cpp.o
                0x00084124                Sd2Card::readEnd()
 *fill*         0x0008414e        0x2 
 .text._ZN7Sd2Card10setSckRateEh
                0x00084150       0x58 C:\Users\dario\AppData\Local\Temp\buildc3856b5a6fa9d9644dab3f2c136f5b91.tmp\libraries\SD\utility\Sd2Card.cpp.o
                0x00084150                Sd2Card::setSckRate(unsigned char)
 .text._ZN7Sd2Card11waitNotBusyEt
                0x000841a8       0x28 C:\Users\dario\AppData\Local\Temp\buildc3856b5a6fa9d9644dab3f2c136f5b91.tmp\libraries\SD\utility\Sd2Card.cpp.o
                0x000841a8                Sd2Card::waitNotBusy(unsigned short)
 .text._ZN7Sd2Card11cardCommandEhm
                0x000841d0       0x60 C:\Users\dario\AppData\Local\Temp\buildc3856b5a6fa9d9644dab3f2c136f5b91.tmp\libraries\SD\utility\Sd2Card.cpp.o
                0x000841d0                Sd2Card::cardCommand(unsigned char, unsigned long)
 .text._ZN7Sd2Card4initEhh
                0x00084230      0x150 C:\Users\dario\AppData\Local\Temp\buildc3856b5a6fa9d9644dab3f2c136f5b91.tmp\libraries\SD\utility\Sd2Card.cpp.o
                0x00084230                Sd2Card::init(unsigned char, unsigned char)
 .text._ZN7Sd2Card14waitStartBlockEv
                0x00084380       0x3e C:\Users\dario\AppData\Local\Temp\buildc3856b5a6fa9d9644dab3f2c136f5b91.tmp\libraries\SD\utility\Sd2Card.cpp.o
                0x00084380                Sd2Card::waitStartBlock()
 .text._ZN7Sd2Card8readDataEmttPh
                0x000843be       0xa4 C:\Users\dario\AppData\Local\Temp\buildc3856b5a6fa9d9644dab3f2c136f5b91.tmp\libraries\SD\utility\Sd2Card.cpp.o
                0x000843be                Sd2Card::readData(unsigned long, unsigned short, unsigned short, unsigned char*)
 .text._ZN7Sd2Card9readBlockEmPh
                0x00084462       0x14 C:\Users\dario\AppData\Local\Temp\buildc3856b5a6fa9d9644dab3f2c136f5b91.tmp\libraries\SD\utility\Sd2Card.cpp.o
                0x00084462                Sd2Card::readBlock(unsigned long, unsigned char*)
 .text._ZN7Sd2Card9writeDataEhPKh
                0x00084476       0x48 C:\Users\dario\AppData\Local\Temp\buildc3856b5a6fa9d9644dab3f2c136f5b91.tmp\libraries\SD\utility\Sd2Card.cpp.o
                0x00084476                Sd2Card::writeData(unsigned char, unsigned char const*)
 .text._ZN7Sd2Card10writeBlockEmPKh
                0x000844be       0x6c C:\Users\dario\AppData\Local\Temp\buildc3856b5a6fa9d9644dab3f2c136f5b91.tmp\libraries\SD\utility\Sd2Card.cpp.o
                0x000844be                Sd2Card::writeBlock(unsigned long, unsigned char const*)
 *fill*         0x0008452a        0x2 
 .text.startup._GLOBAL__sub_I__ZN7Sd2Card11cardCommandEhm
                0x0008452c       0x14 C:\Users\dario\AppData\Local\Temp\buildc3856b5a6fa9d9644dab3f2c136f5b91.tmp\libraries\SD\utility\Sd2Card.cpp.o
 .text._ZN6SdFile10addClusterEv
                0x00084540       0x26 C:\Users\dario\AppData\Local\Temp\buildc3856b5a6fa9d9644dab3f2c136f5b91.tmp\libraries\SD\utility\SdFile.cpp.o
                0x00084540                SdFile::addCluster()
 .text._ZN6SdFile13addDirClusterEv
                0x00084566       0x46 C:\Users\dario\AppData\Local\Temp\buildc3856b5a6fa9d9644dab3f2c136f5b91.tmp\libraries\SD\utility\SdFile.cpp.o
                0x00084566                SdFile::addDirCluster()
 .text._ZN6SdFile13cacheDirEntryEh
                0x000845ac       0x1c C:\Users\dario\AppData\Local\Temp\buildc3856b5a6fa9d9644dab3f2c136f5b91.tmp\libraries\SD\utility\SdFile.cpp.o
                0x000845ac                SdFile::cacheDirEntry(unsigned char)
 .text._ZN6SdFile10make83NameEPKcPh
                0x000845c8       0x98 C:\Users\dario\AppData\Local\Temp\buildc3856b5a6fa9d9644dab3f2c136f5b91.tmp\libraries\SD\utility\SdFile.cpp.o
                0x000845c8                SdFile::make83Name(char const*, unsigned char*)
 .text._ZN6SdFile8openRootEP8SdVolume
                0x00084660       0x50 C:\Users\dario\AppData\Local\Temp\buildc3856b5a6fa9d9644dab3f2c136f5b91.tmp\libraries\SD\utility\SdFile.cpp.o
                0x00084660                SdFile::openRoot(SdVolume*)
 .text._ZN6SdFile4readEPvt
                0x000846b0      0x104 C:\Users\dario\AppData\Local\Temp\buildc3856b5a6fa9d9644dab3f2c136f5b91.tmp\libraries\SD\utility\SdFile.cpp.o
                0x000846b0                SdFile::read(void*, unsigned short)
 .text._ZN6SdFile12readDirCacheEv
                0x000847b4       0x44 C:\Users\dario\AppData\Local\Temp\buildc3856b5a6fa9d9644dab3f2c136f5b91.tmp\libraries\SD\utility\SdFile.cpp.o
                0x000847b4                SdFile::readDirCache()
 .text._ZN6SdFile7seekSetEm
                0x000847f8       0x5e C:\Users\dario\AppData\Local\Temp\buildc3856b5a6fa9d9644dab3f2c136f5b91.tmp\libraries\SD\utility\SdFile.cpp.o
                0x000847f8                SdFile::seekSet(unsigned long)
 *fill*         0x00084856        0x2 
 .text._ZN6SdFile4syncEv
                0x00084858       0x58 C:\Users\dario\AppData\Local\Temp\buildc3856b5a6fa9d9644dab3f2c136f5b91.tmp\libraries\SD\utility\SdFile.cpp.o
                0x00084858                SdFile::sync()
 .text._ZN6SdFile5closeEv
                0x000848b0       0x12 C:\Users\dario\AppData\Local\Temp\buildc3856b5a6fa9d9644dab3f2c136f5b91.tmp\libraries\SD\utility\SdFile.cpp.o
                0x000848b0                SdFile::close()
 *fill*         0x000848c2        0x2 
 .text._ZN6SdFile8truncateEm
                0x000848c4       0xb0 C:\Users\dario\AppData\Local\Temp\buildc3856b5a6fa9d9644dab3f2c136f5b91.tmp\libraries\SD\utility\SdFile.cpp.o
                0x000848c4                SdFile::truncate(unsigned long)
 .text._ZN6SdFile15openCachedEntryEhh
                0x00084974       0x7c C:\Users\dario\AppData\Local\Temp\buildc3856b5a6fa9d9644dab3f2c136f5b91.tmp\libraries\SD\utility\SdFile.cpp.o
                0x00084974                SdFile::openCachedEntry(unsigned char, unsigned char)
 .text._ZN6SdFile4openEPS_PKch
                0x000849f0      0x110 C:\Users\dario\AppData\Local\Temp\buildc3856b5a6fa9d9644dab3f2c136f5b91.tmp\libraries\SD\utility\SdFile.cpp.o
                0x000849f0                SdFile::open(SdFile*, char const*, unsigned char)
 .text._ZN6SdFile5writeEPKvt
                0x00084b00      0x194 C:\Users\dario\AppData\Local\Temp\buildc3856b5a6fa9d9644dab3f2c136f5b91.tmp\libraries\SD\utility\SdFile.cpp.o
                0x00084b00                SdFile::write(void const*, unsigned short)
 .text._ZN6SdFile5writeEh
                0x00084c94       0x16 C:\Users\dario\AppData\Local\Temp\buildc3856b5a6fa9d9644dab3f2c136f5b91.tmp\libraries\SD\utility\SdFile.cpp.o
                0x00084c94                SdFile::write(unsigned char)
 *fill*         0x00084caa        0x2 
 .text._ZN8SdVolume10cacheFlushEv
                0x00084cac       0x4c C:\Users\dario\AppData\Local\Temp\buildc3856b5a6fa9d9644dab3f2c136f5b91.tmp\libraries\SD\utility\SdVolume.cpp.o
                0x00084cac                SdVolume::cacheFlush()
 .text._ZN8SdVolume13cacheRawBlockEmh
                0x00084cf8       0x48 C:\Users\dario\AppData\Local\Temp\buildc3856b5a6fa9d9644dab3f2c136f5b91.tmp\libraries\SD\utility\SdVolume.cpp.o
                0x00084cf8                SdVolume::cacheRawBlock(unsigned long, unsigned char)
 .text._ZN8SdVolume14cacheZeroBlockEm
                0x00084d40       0x38 C:\Users\dario\AppData\Local\Temp\buildc3856b5a6fa9d9644dab3f2c136f5b91.tmp\libraries\SD\utility\SdVolume.cpp.o
                0x00084d40                SdVolume::cacheZeroBlock(unsigned long)
 .text._ZNK8SdVolume6fatGetEmPm
                0x00084d78       0x64 C:\Users\dario\AppData\Local\Temp\buildc3856b5a6fa9d9644dab3f2c136f5b91.tmp\libraries\SD\utility\SdVolume.cpp.o
                0x00084d78                SdVolume::fatGet(unsigned long, unsigned long*) const
 .text._ZNK8SdVolume9chainSizeEmPm
                0x00084ddc       0x44 C:\Users\dario\AppData\Local\Temp\buildc3856b5a6fa9d9644dab3f2c136f5b91.tmp\libraries\SD\utility\SdVolume.cpp.o
                0x00084ddc                SdVolume::chainSize(unsigned long, unsigned long*) const
 .text._ZN8SdVolume6fatPutEmm
                0x00084e20       0x84 C:\Users\dario\AppData\Local\Temp\buildc3856b5a6fa9d9644dab3f2c136f5b91.tmp\libraries\SD\utility\SdVolume.cpp.o
                0x00084e20                SdVolume::fatPut(unsigned long, unsigned long)
 .text._ZN8SdVolume15allocContiguousEmPm
                0x00084ea4       0xb4 C:\Users\dario\AppData\Local\Temp\buildc3856b5a6fa9d9644dab3f2c136f5b91.tmp\libraries\SD\utility\SdVolume.cpp.o
                0x00084ea4                SdVolume::allocContiguous(unsigned long, unsigned long*)
 .text._ZN8SdVolume9freeChainEm
                0x00084f58       0x48 C:\Users\dario\AppData\Local\Temp\buildc3856b5a6fa9d9644dab3f2c136f5b91.tmp\libraries\SD\utility\SdVolume.cpp.o
                0x00084f58                SdVolume::freeChain(unsigned long)
 .text._ZN8SdVolume4initEP7Sd2Cardh
                0x00084fa0       0xf4 C:\Users\dario\AppData\Local\Temp\buildc3856b5a6fa9d9644dab3f2c136f5b91.tmp\libraries\SD\utility\SdVolume.cpp.o
                0x00084fa0                SdVolume::init(Sd2Card*, unsigned char)
 .text.PIO_PullUp
                0x00085094        0xa C:\Users\dario\AppData\Local\Arduino15\packages\arduino\hardware\sam\1.6.6\variants\arduino_due_x/libsam_sam3x8e_gcc_rel.a(pio.o)
                0x00085094                PIO_PullUp
 .text.PIO_SetPeripheral
                0x0008509e       0x26 C:\Users\dario\AppData\Local\Arduino15\packages\arduino\hardware\sam\1.6.6\variants\arduino_due_x/libsam_sam3x8e_gcc_rel.a(pio.o)
                0x0008509e                PIO_SetPeripheral
 .text.PIO_SetInput
                0x000850c4       0x26 C:\Users\dario\AppData\Local\Arduino15\packages\arduino\hardware\sam\1.6.6\variants\arduino_due_x/libsam_sam3x8e_gcc_rel.a(pio.o)
                0x000850c4                PIO_SetInput
 .text.PIO_SetOutput
                0x000850ea       0x24 C:\Users\dario\AppData\Local\Arduino15\packages\arduino\hardware\sam\1.6.6\variants\arduino_due_x/libsam_sam3x8e_gcc_rel.a(pio.o)
                0x000850ea                PIO_SetOutput
 *fill*         0x0008510e        0x2 
 .text.PIO_Configure
                0x00085110       0x64 C:\Users\dario\AppData\Local\Arduino15\packages\arduino\hardware\sam\1.6.6\variants\arduino_due_x/libsam_sam3x8e_gcc_rel.a(pio.o)
                0x00085110                PIO_Configure
 .text.PIO_GetOutputDataStatus
                0x00085174       0x14 C:\Users\dario\AppData\Local\Arduino15\packages\arduino\hardware\sam\1.6.6\variants\arduino_due_x/libsam_sam3x8e_gcc_rel.a(pio.o)
                0x00085174                PIO_GetOutputDataStatus
 .text.pmc_enable_upll_clock
                0x00085188       0x14 C:\Users\dario\AppData\Local\Arduino15\packages\arduino\hardware\sam\1.6.6\variants\arduino_due_x/libsam_sam3x8e_gcc_rel.a(pmc.o)
                0x00085188                pmc_enable_upll_clock
 .text.pmc_enable_periph_clk
                0x0008519c       0x44 C:\Users\dario\AppData\Local\Arduino15\packages\arduino\hardware\sam\1.6.6\variants\arduino_due_x/libsam_sam3x8e_gcc_rel.a(pmc.o)
                0x0008519c                pmc_enable_periph_clk
 .text.pmc_disable_periph_clk
                0x000851e0       0x40 C:\Users\dario\AppData\Local\Arduino15\packages\arduino\hardware\sam\1.6.6\variants\arduino_due_x/libsam_sam3x8e_gcc_rel.a(pmc.o)
                0x000851e0                pmc_disable_periph_clk
 .text.pmc_switch_udpck_to_upllck
                0x00085220       0x14 C:\Users\dario\AppData\Local\Arduino15\packages\arduino\hardware\sam\1.6.6\variants\arduino_due_x/libsam_sam3x8e_gcc_rel.a(pmc.o)
                0x00085220                pmc_switch_udpck_to_upllck
 .text.pmc_enable_udpck
                0x00085234        0xc C:\Users\dario\AppData\Local\Arduino15\packages\arduino\hardware\sam\1.6.6\variants\arduino_due_x/libsam_sam3x8e_gcc_rel.a(pmc.o)
                0x00085234                pmc_enable_udpck
 .text.SPI_Enable
                0x00085240        0x6 C:\Users\dario\AppData\Local\Arduino15\packages\arduino\hardware\sam\1.6.6\variants\arduino_due_x/libsam_sam3x8e_gcc_rel.a(spi.o)
                0x00085240                SPI_Enable
 *fill*         0x00085246        0x2 
 .text.SPI_Configure
                0x00085248       0x20 C:\Users\dario\AppData\Local\Arduino15\packages\arduino\hardware\sam\1.6.6\variants\arduino_due_x/libsam_sam3x8e_gcc_rel.a(spi.o)
                0x00085248                SPI_Configure
 .text.SPI_ConfigureNPCS
                0x00085268        0x8 C:\Users\dario\AppData\Local\Arduino15\packages\arduino\hardware\sam\1.6.6\variants\arduino_due_x/libsam_sam3x8e_gcc_rel.a(spi.o)
                0x00085268                SPI_ConfigureNPCS
 .text.TWI_SetClock
                0x00085270       0x58 C:\Users\dario\AppData\Local\Arduino15\packages\arduino\hardware\sam\1.6.6\variants\arduino_due_x/libsam_sam3x8e_gcc_rel.a(twi.o)
                0x00085270                TWI_SetClock
 .text.TWI_Disable
                0x000852c8       0x2c C:\Users\dario\AppData\Local\Arduino15\packages\arduino\hardware\sam\1.6.6\variants\arduino_due_x/libsam_sam3x8e_gcc_rel.a(twi.o)
                0x000852c8                TWI_Disable
 .text.TWI_ConfigureMaster
                0x000852f4       0x48 C:\Users\dario\AppData\Local\Arduino15\packages\arduino\hardware\sam\1.6.6\variants\arduino_due_x/libsam_sam3x8e_gcc_rel.a(twi.o)
                0x000852f4                TWI_ConfigureMaster
 .text.TWI_Stop
                0x0008533c       0x28 C:\Users\dario\AppData\Local\Arduino15\packages\arduino\hardware\sam\1.6.6\variants\arduino_due_x/libsam_sam3x8e_gcc_rel.a(twi.o)
                0x0008533c                TWI_Stop
 .text.TWI_StartRead
                0x00085364       0x70 C:\Users\dario\AppData\Local\Arduino15\packages\arduino\hardware\sam\1.6.6\variants\arduino_due_x/libsam_sam3x8e_gcc_rel.a(twi.o)
                0x00085364                TWI_StartRead
 .text.TWI_ReadByte
                0x000853d4       0x28 C:\Users\dario\AppData\Local\Arduino15\packages\arduino\hardware\sam\1.6.6\variants\arduino_due_x/libsam_sam3x8e_gcc_rel.a(twi.o)
                0x000853d4                TWI_ReadByte
 .text.TWI_WriteByte
                0x000853fc       0x24 C:\Users\dario\AppData\Local\Arduino15\packages\arduino\hardware\sam\1.6.6\variants\arduino_due_x/libsam_sam3x8e_gcc_rel.a(twi.o)
                0x000853fc                TWI_WriteByte
 .text.TWI_StartWrite
                0x00085420       0x7c C:\Users\dario\AppData\Local\Arduino15\packages\arduino\hardware\sam\1.6.6\variants\arduino_due_x/libsam_sam3x8e_gcc_rel.a(twi.o)
                0x00085420                TWI_StartWrite
 .text.TWI_EnableIt
                0x0008549c       0x40 C:\Users\dario\AppData\Local\Arduino15\packages\arduino\hardware\sam\1.6.6\variants\arduino_due_x/libsam_sam3x8e_gcc_rel.a(twi.o)
                0x0008549c                TWI_EnableIt
 .text.TWI_DisableIt
                0x000854dc       0x40 C:\Users\dario\AppData\Local\Arduino15\packages\arduino\hardware\sam\1.6.6\variants\arduino_due_x/libsam_sam3x8e_gcc_rel.a(twi.o)
                0x000854dc                TWI_DisableIt
 .text.TWI_GetStatus
                0x0008551c       0x28 C:\Users\dario\AppData\Local\Arduino15\packages\arduino\hardware\sam\1.6.6\variants\arduino_due_x/libsam_sam3x8e_gcc_rel.a(twi.o)
                0x0008551c                TWI_GetStatus
 .text.TWI_SendSTOPCondition
                0x00085544       0x2c C:\Users\dario\AppData\Local\Arduino15\packages\arduino\hardware\sam\1.6.6\variants\arduino_due_x/libsam_sam3x8e_gcc_rel.a(twi.o)
                0x00085544                TWI_SendSTOPCondition
 .text.Reset_Handler
                0x00085570       0x78 C:\Users\dario\AppData\Local\Arduino15\packages\arduino\hardware\sam\1.6.6\variants\arduino_due_x/libsam_sam3x8e_gcc_rel.a(startup_sam3xa.o)
                0x00085570                Reset_Handler
 .text.UOTGHS_Handler
                0x000855e8       0x10 C:\Users\dario\AppData\Local\Arduino15\packages\arduino\hardware\sam\1.6.6\variants\arduino_due_x/libsam_sam3x8e_gcc_rel.a(uotghs.o)
                0x000855e8                UOTGHS_Handler
 .text.attachInterrupt
                0x000855f8      0x148 C:\Users\dario\AppData\Local\Temp\buildc3856b5a6fa9d9644dab3f2c136f5b91.tmp/core\core.a(WInterrupts.c.o)
                0x000855f8                attachInterrupt
 .text.detachInterrupt
                0x00085740       0x14 C:\Users\dario\AppData\Local\Temp\buildc3856b5a6fa9d9644dab3f2c136f5b91.tmp/core\core.a(WInterrupts.c.o)
                0x00085740                detachInterrupt
 .text.PIOA_Handler
                0x00085754       0x28 C:\Users\dario\AppData\Local\Temp\buildc3856b5a6fa9d9644dab3f2c136f5b91.tmp/core\core.a(WInterrupts.c.o)
                0x00085754                PIOA_Handler
 .text.PIOB_Handler
                0x0008577c       0x28 C:\Users\dario\AppData\Local\Temp\buildc3856b5a6fa9d9644dab3f2c136f5b91.tmp/core\core.a(WInterrupts.c.o)
                0x0008577c                PIOB_Handler
 .text.PIOC_Handler
                0x000857a4       0x28 C:\Users\dario\AppData\Local\Temp\buildc3856b5a6fa9d9644dab3f2c136f5b91.tmp/core\core.a(WInterrupts.c.o)
                0x000857a4                PIOC_Handler
 .text.PIOD_Handler
                0x000857cc       0x28 C:\Users\dario\AppData\Local\Temp\buildc3856b5a6fa9d9644dab3f2c136f5b91.tmp/core\core.a(WInterrupts.c.o)
                0x000857cc                PIOD_Handler
 .text.__halt   0x000857f4        0x2 C:\Users\dario\AppData\Local\Temp\buildc3856b5a6fa9d9644dab3f2c136f5b91.tmp/core\core.a(cortex_handlers.c.o)
                0x000857f4                DACC_Handler
                0x000857f4                DebugMon_Handler
                0x000857f4                DMAC_Handler
                0x000857f4                TRNG_Handler
                0x000857f4                HardFault_Handler
                0x000857f4                TC2_Handler
                0x000857f4                NMI_Handler
                0x000857f4                TC7_Handler
                0x000857f4                ADC_Handler
                0x000857f4                SMC_Handler
                0x000857f4                RTT_Handler
                0x000857f4                EFC1_Handler
                0x000857f4                RTC_Handler
                0x000857f4                UsageFault_Handler
                0x000857f4                TC6_Handler
                0x000857f4                WDT_Handler
                0x000857f4                CAN0_Handler
                0x000857f4                TC4_Handler
                0x000857f4                TC1_Handler
                0x000857f4                HSMCI_Handler
                0x000857f4                TC3_Handler
                0x000857f4                SSC_Handler
                0x000857f4                EFC0_Handler
                0x000857f4                PMC_Handler
                0x000857f4                PWM_Handler
                0x000857f4                CAN1_Handler
                0x000857f4                MemManage_Handler
                0x000857f4                SUPC_Handler
                0x000857f4                TC8_Handler
                0x000857f4                USART2_Handler
                0x000857f4                EMAC_Handler
                0x000857f4                BusFault_Handler
                0x000857f4                RSTC_Handler
                0x000857f4                TC0_Handler
                0x000857f4                TC5_Handler
                0x000857f4                SPI0_Handler
 .text.SVC_Handler
                0x000857f6        0x4 C:\Users\dario\AppData\Local\Temp\buildc3856b5a6fa9d9644dab3f2c136f5b91.tmp/core\core.a(cortex_handlers.c.o)
                0x000857f6                SVC_Handler
 .text.PendSV_Handler
                0x000857fa        0x4 C:\Users\dario\AppData\Local\Temp\buildc3856b5a6fa9d9644dab3f2c136f5b91.tmp/core\core.a(cortex_handlers.c.o)
                0x000857fa                PendSV_Handler
 .text.SysTick_Handler
                0x000857fe       0x16 C:\Users\dario\AppData\Local\Temp\buildc3856b5a6fa9d9644dab3f2c136f5b91.tmp/core\core.a(cortex_handlers.c.o)
                0x000857fe                SysTick_Handler
 .text.__empty  0x00085814        0x2 C:\Users\dario\AppData\Local\Temp\buildc3856b5a6fa9d9644dab3f2c136f5b91.tmp/core\core.a(hooks.c.o)
                0x00085814                yield
 .text.__false  0x00085816        0x4 C:\Users\dario\AppData\Local\Temp\buildc3856b5a6fa9d9644dab3f2c136f5b91.tmp/core\core.a(hooks.c.o)
                0x00085816                sysTickHook
 .text.__halt   0x0008581a        0x2 C:\Users\dario\AppData\Local\Temp\buildc3856b5a6fa9d9644dab3f2c136f5b91.tmp/core\core.a(hooks.c.o)
                0x0008581a                svcHook
                0x0008581a                pendSVHook
 .text.millis   0x0008581c        0x4 C:\Users\dario\AppData\Local\Temp\buildc3856b5a6fa9d9644dab3f2c136f5b91.tmp/core\core.a(wiring.c.o)
                0x0008581c                millis
 .text.delay    0x00085820       0x1c C:\Users\dario\AppData\Local\Temp\buildc3856b5a6fa9d9644dab3f2c136f5b91.tmp/core\core.a(wiring.c.o)
                0x00085820                delay
 .text.pinMode  0x0008583c       0x64 C:\Users\dario\AppData\Local\Temp\buildc3856b5a6fa9d9644dab3f2c136f5b91.tmp/core\core.a(wiring_digital.c.o)
                0x0008583c                pinMode
 .text.digitalWrite
                0x000858a0       0x48 C:\Users\dario\AppData\Local\Temp\buildc3856b5a6fa9d9644dab3f2c136f5b91.tmp/core\core.a(wiring_digital.c.o)
                0x000858a0                digitalWrite
 .text._ZN5Print5writeEPKhj
                0x000858e8       0x22 C:\Users\dario\AppData\Local\Temp\buildc3856b5a6fa9d9644dab3f2c136f5b91.tmp/core\core.a(Print.cpp.o)
                0x000858e8                Print::write(unsigned char const*, unsigned int)
 .text._ZN5Print5writeEPKc
                0x0008590a       0x1e C:\Users\dario\AppData\Local\Temp\buildc3856b5a6fa9d9644dab3f2c136f5b91.tmp/core\core.a(Print.cpp.o)
                0x0008590a                Print::write(char const*)
 .text._ZN5Print5printEPKc
                0x00085928        0x8 C:\Users\dario\AppData\Local\Temp\buildc3856b5a6fa9d9644dab3f2c136f5b91.tmp/core\core.a(Print.cpp.o)
                0x00085928                Print::print(char const*)
 .text._ZN5Print5printEc
                0x00085930        0xa C:\Users\dario\AppData\Local\Temp\buildc3856b5a6fa9d9644dab3f2c136f5b91.tmp/core\core.a(Print.cpp.o)
                0x00085930                Print::print(char)
 .text._ZN5Print11printNumberEmh
                0x0008593a       0x3c C:\Users\dario\AppData\Local\Temp\buildc3856b5a6fa9d9644dab3f2c136f5b91.tmp/core\core.a(Print.cpp.o)
                0x0008593a                Print::printNumber(unsigned long, unsigned char)
 .text._ZN5Print5printEli
                0x00085976       0x3c C:\Users\dario\AppData\Local\Temp\buildc3856b5a6fa9d9644dab3f2c136f5b91.tmp/core\core.a(Print.cpp.o)
                0x00085976                Print::print(long, int)
 .text._ZN5Print5printEii
                0x000859b2        0x4 C:\Users\dario\AppData\Local\Temp\buildc3856b5a6fa9d9644dab3f2c136f5b91.tmp/core\core.a(Print.cpp.o)
                0x000859b2                Print::print(int, int)
 *fill*         0x000859b6        0x2 
 .text.initiateReset
                0x000859b8        0xc C:\Users\dario\AppData\Local\Temp\buildc3856b5a6fa9d9644dab3f2c136f5b91.tmp/core\core.a(Reset.cpp.o)
                0x000859b8                initiateReset
 .text.cancelReset
                0x000859c4       0x10 C:\Users\dario\AppData\Local\Temp\buildc3856b5a6fa9d9644dab3f2c136f5b91.tmp/core\core.a(Reset.cpp.o)
                0x000859c4                cancelReset
 .text.tickReset
                0x000859d4       0x20 C:\Users\dario\AppData\Local\Temp\buildc3856b5a6fa9d9644dab3f2c136f5b91.tmp/core\core.a(Reset.cpp.o)
                0x000859d4                tickReset
 .text._ZN6Stream9timedReadEv
                0x000859f4       0x2a C:\Users\dario\AppData\Local\Temp\buildc3856b5a6fa9d9644dab3f2c136f5b91.tmp/core\core.a(Stream.cpp.o)
                0x000859f4                Stream::timedRead()
 .text._ZN6Stream9readBytesEPcj
                0x00085a1e       0x22 C:\Users\dario\AppData\Local\Temp\buildc3856b5a6fa9d9644dab3f2c136f5b91.tmp/core\core.a(Stream.cpp.o)
                0x00085a1e                Stream::readBytes(char*, unsigned int)
 .text._ZN9UARTClasscvbEv
                0x00085a40        0x4 C:\Users\dario\AppData\Local\Temp\buildc3856b5a6fa9d9644dab3f2c136f5b91.tmp/core\core.a(UARTClass.cpp.o)
                0x00085a40                UARTClass::operator bool()
 .text._ZN9UARTClass9availableEv
                0x00085a44       0x12 C:\Users\dario\AppData\Local\Temp\buildc3856b5a6fa9d9644dab3f2c136f5b91.tmp/core\core.a(UARTClass.cpp.o)
                0x00085a44                UARTClass::available()
 .text._ZN9UARTClass4peekEv
                0x00085a56       0x1c C:\Users\dario\AppData\Local\Temp\buildc3856b5a6fa9d9644dab3f2c136f5b91.tmp/core\core.a(UARTClass.cpp.o)
                0x00085a56                UARTClass::peek()
 .text._ZN9UARTClass4readEv
                0x00085a72       0x2a C:\Users\dario\AppData\Local\Temp\buildc3856b5a6fa9d9644dab3f2c136f5b91.tmp/core\core.a(UARTClass.cpp.o)
                0x00085a72                UARTClass::read()
 .text._ZN9UARTClass5flushEv
                0x00085a9c       0x18 C:\Users\dario\AppData\Local\Temp\buildc3856b5a6fa9d9644dab3f2c136f5b91.tmp/core\core.a(UARTClass.cpp.o)
                0x00085a9c                UARTClass::flush()
 .text._ZN9UARTClass5writeEh
                0x00085ab4       0x54 C:\Users\dario\AppData\Local\Temp\buildc3856b5a6fa9d9644dab3f2c136f5b91.tmp/core\core.a(UARTClass.cpp.o)
                0x00085ab4                UARTClass::write(unsigned char)
 .text._ZN9UARTClass3endEv
                0x00085b08       0x3c C:\Users\dario\AppData\Local\Temp\buildc3856b5a6fa9d9644dab3f2c136f5b91.tmp/core\core.a(UARTClass.cpp.o)
                0x00085b08                UARTClass::end()
 .text._ZN9UARTClassC2EP4Uart4IRQnmP10RingBufferS4_
                0x00085b44       0x24 C:\Users\dario\AppData\Local\Temp\buildc3856b5a6fa9d9644dab3f2c136f5b91.tmp/core\core.a(UARTClass.cpp.o)
                0x00085b44                UARTClass::UARTClass(Uart*, IRQn, unsigned long, RingBuffer*, RingBuffer*)
                0x00085b44                UARTClass::UARTClass(Uart*, IRQn, unsigned long, RingBuffer*, RingBuffer*)
 .text._ZN9UARTClass4initEmm
                0x00085b68       0x70 C:\Users\dario\AppData\Local\Temp\buildc3856b5a6fa9d9644dab3f2c136f5b91.tmp/core\core.a(UARTClass.cpp.o)
                0x00085b68                UARTClass::init(unsigned long, unsigned long)
 .text._ZN9UARTClass5beginEm
                0x00085bd8        0x8 C:\Users\dario\AppData\Local\Temp\buildc3856b5a6fa9d9644dab3f2c136f5b91.tmp/core\core.a(UARTClass.cpp.o)
                0x00085bd8                UARTClass::begin(unsigned long)
 .text._ZN9UARTClass10IrqHandlerEv
                0x00085be0       0x5a C:\Users\dario\AppData\Local\Temp\buildc3856b5a6fa9d9644dab3f2c136f5b91.tmp/core\core.a(UARTClass.cpp.o)
                0x00085be0                UARTClass::IrqHandler()
 .text.__cxa_pure_virtual
                0x00085c3a        0x2 C:\Users\dario\AppData\Local\Temp\buildc3856b5a6fa9d9644dab3f2c136f5b91.tmp/core\core.a(abi.cpp.o)
                0x00085c3a                __cxa_pure_virtual
 .text.initVariant
                0x00085c3c        0x2 C:\Users\dario\AppData\Local\Temp\buildc3856b5a6fa9d9644dab3f2c136f5b91.tmp/core\core.a(main.cpp.o)
                0x00085c3c                initVariant
 *fill*         0x00085c3e        0x2 
 .text.startup.main
                0x00085c40       0x38 C:\Users\dario\AppData\Local\Temp\buildc3856b5a6fa9d9644dab3f2c136f5b91.tmp/core\core.a(main.cpp.o)
                0x00085c40                main
 .text._watchdogDefaultSetup
                0x00085c78        0xc C:\Users\dario\AppData\Local\Temp\buildc3856b5a6fa9d9644dab3f2c136f5b91.tmp/core\core.a(watchdog.cpp.o)
                0x00085c78                _watchdogDefaultSetup
                0x00085c78                watchdogSetup()
 .text.unlikely._ZL11USB_SendZlpv
                0x00085c84       0x20 C:\Users\dario\AppData\Local\Temp\buildc3856b5a6fa9d9644dab3f2c136f5b91.tmp/core\core.a(USBCore.cpp.o)
 .text._Z14USBD_Availablem
                0x00085ca4       0x2c C:\Users\dario\AppData\Local\Temp\buildc3856b5a6fa9d9644dab3f2c136f5b91.tmp/core\core.a(USBCore.cpp.o)
                0x00085ca4                USBD_Available(unsigned long)
 .text._Z9USBD_RecvmPvm
                0x00085cd0       0x7c C:\Users\dario\AppData\Local\Temp\buildc3856b5a6fa9d9644dab3f2c136f5b91.tmp/core\core.a(USBCore.cpp.o)
                0x00085cd0                USBD_Recv(unsigned long, void*, unsigned long)
 .text._Z9USBD_Recvm
                0x00085d4c       0x22 C:\Users\dario\AppData\Local\Temp\buildc3856b5a6fa9d9644dab3f2c136f5b91.tmp/core\core.a(USBCore.cpp.o)
                0x00085d4c                USBD_Recv(unsigned long)
 *fill*         0x00085d6e        0x2 
 .text._Z9USBD_SendmPKvm
                0x00085d70       0x4c C:\Users\dario\AppData\Local\Temp\buildc3856b5a6fa9d9644dab3f2c136f5b91.tmp/core\core.a(USBCore.cpp.o)
                0x00085d70                USBD_Send(unsigned long, void const*, unsigned long)
 .text._Z16USBD_SendControlhPKvm
                0x00085dbc       0x40 C:\Users\dario\AppData\Local\Temp\buildc3856b5a6fa9d9644dab3f2c136f5b91.tmp/core\core.a(USBCore.cpp.o)
                0x00085dbc                USBD_SendControl(unsigned char, void const*, unsigned long)
 .text.unlikely._ZL24USB_SendStringDescriptorPKhi
                0x00085dfc       0x38 C:\Users\dario\AppData\Local\Temp\buildc3856b5a6fa9d9644dab3f2c136f5b91.tmp/core\core.a(USBCore.cpp.o)
 .text._Z16USBD_RecvControlPvm
                0x00085e34       0x1c C:\Users\dario\AppData\Local\Temp\buildc3856b5a6fa9d9644dab3f2c136f5b91.tmp/core\core.a(USBCore.cpp.o)
                0x00085e34                USBD_RecvControl(void*, unsigned long)
 .text._Z26USBD_ClassInterfaceRequestR8USBSetup
                0x00085e50       0x1e C:\Users\dario\AppData\Local\Temp\buildc3856b5a6fa9d9644dab3f2c136f5b91.tmp/core\core.a(USBCore.cpp.o)
                0x00085e50                USBD_ClassInterfaceRequest(USBSetup&)
 .text._Z19USBD_SendInterfacesv
                0x00085e6e       0x22 C:\Users\dario\AppData\Local\Temp\buildc3856b5a6fa9d9644dab3f2c136f5b91.tmp/core\core.a(USBCore.cpp.o)
                0x00085e6e                USBD_SendInterfaces()
 .text._Z24USBD_SendOtherInterfacesv
                0x00085e90       0x22 C:\Users\dario\AppData\Local\Temp\buildc3856b5a6fa9d9644dab3f2c136f5b91.tmp/core\core.a(USBCore.cpp.o)
                0x00085e90                USBD_SendOtherInterfaces()
 .text._Z10USBD_Flushm
                0x00085eb2       0x16 C:\Users\dario\AppData\Local\Temp\buildc3856b5a6fa9d9644dab3f2c136f5b91.tmp/core\core.a(USBCore.cpp.o)
                0x00085eb2                USBD_Flush(unsigned long)
 .text._ZN10USBDevice_C2Ev
                0x00085ec8       0x24 C:\Users\dario\AppData\Local\Temp\buildc3856b5a6fa9d9644dab3f2c136f5b91.tmp/core\core.a(USBCore.cpp.o)
                0x00085ec8                USBDevice_::USBDevice_()
                0x00085ec8                USBDevice_::USBDevice_()
 .text._ZN10USBDevice_6attachEv
                0x00085eec       0x20 C:\Users\dario\AppData\Local\Temp\buildc3856b5a6fa9d9644dab3f2c136f5b91.tmp/core\core.a(USBCore.cpp.o)
                0x00085eec                USBDevice_::attach()
 .text.startup._GLOBAL__sub_I_EndPoints
                0x00085f0c        0xc C:\Users\dario\AppData\Local\Temp\buildc3856b5a6fa9d9644dab3f2c136f5b91.tmp/core\core.a(USBCore.cpp.o)
 .text._ZL7USB_ISRv
                0x00085f18      0x454 C:\Users\dario\AppData\Local\Temp\buildc3856b5a6fa9d9644dab3f2c136f5b91.tmp/core\core.a(USBCore.cpp.o)
 .text._Z11serialEventv
                0x0008636c        0x2 C:\Users\dario\AppData\Local\Temp\buildc3856b5a6fa9d9644dab3f2c136f5b91.tmp/core\core.a(variant.cpp.o)
                0x0008636c                serialEvent()
 *fill*         0x0008636e        0x2 
 .text.UART_Handler
                0x00086370        0xc C:\Users\dario\AppData\Local\Temp\buildc3856b5a6fa9d9644dab3f2c136f5b91.tmp/core\core.a(variant.cpp.o)
                0x00086370                UART_Handler
 .text._Z12serialEvent1v
                0x0008637c        0x2 C:\Users\dario\AppData\Local\Temp\buildc3856b5a6fa9d9644dab3f2c136f5b91.tmp/core\core.a(variant.cpp.o)
                0x0008637c                serialEvent1()
 .text._Z12serialEvent2v
                0x0008637e        0x2 C:\Users\dario\AppData\Local\Temp\buildc3856b5a6fa9d9644dab3f2c136f5b91.tmp/core\core.a(variant.cpp.o)
                0x0008637e                serialEvent2()
 .text._Z12serialEvent3v
                0x00086380        0x2 C:\Users\dario\AppData\Local\Temp\buildc3856b5a6fa9d9644dab3f2c136f5b91.tmp/core\core.a(variant.cpp.o)
                0x00086380                serialEvent3()
 *fill*         0x00086382        0x2 
 .text.USART0_Handler
                0x00086384        0xc C:\Users\dario\AppData\Local\Temp\buildc3856b5a6fa9d9644dab3f2c136f5b91.tmp/core\core.a(variant.cpp.o)
                0x00086384                USART0_Handler
 .text.USART1_Handler
                0x00086390        0xc C:\Users\dario\AppData\Local\Temp\buildc3856b5a6fa9d9644dab3f2c136f5b91.tmp/core\core.a(variant.cpp.o)
                0x00086390                USART1_Handler
 .text.USART3_Handler
                0x0008639c        0xc C:\Users\dario\AppData\Local\Temp\buildc3856b5a6fa9d9644dab3f2c136f5b91.tmp/core\core.a(variant.cpp.o)
                0x0008639c                USART3_Handler
 .text.init     0x000863a8      0x128 C:\Users\dario\AppData\Local\Temp\buildc3856b5a6fa9d9644dab3f2c136f5b91.tmp/core\core.a(variant.cpp.o)
                0x000863a8                init
 .text.startup._GLOBAL__sub_I_g_APinDescription
                0x000864d0       0xd4 C:\Users\dario\AppData\Local\Temp\buildc3856b5a6fa9d9644dab3f2c136f5b91.tmp/core\core.a(variant.cpp.o)
 .text._Z14serialEventRunv
                0x000865a4       0x44 C:\Users\dario\AppData\Local\Temp\buildc3856b5a6fa9d9644dab3f2c136f5b91.tmp/core\core.a(variant.cpp.o)
                0x000865a4                serialEventRun()
 .text.analogOutputInit
                0x000865e8       0x14 C:\Users\dario\AppData\Local\Temp\buildc3856b5a6fa9d9644dab3f2c136f5b91.tmp/core\core.a(wiring_analog.c.o)
                0x000865e8                analogOutputInit
 .text._ZN10RingBufferC2Ev
                0x000865fc       0x1a C:\Users\dario\AppData\Local\Temp\buildc3856b5a6fa9d9644dab3f2c136f5b91.tmp/core\core.a(RingBuffer.cpp.o)
                0x000865fc                RingBuffer::RingBuffer()
                0x000865fc                RingBuffer::RingBuffer()
 .text._ZN10RingBuffer10store_charEh
                0x00086616       0x1e C:\Users\dario\AppData\Local\Temp\buildc3856b5a6fa9d9644dab3f2c136f5b91.tmp/core\core.a(RingBuffer.cpp.o)
                0x00086616                RingBuffer::store_char(unsigned char)
 .text._ZN10USARTClass5beginEm
                0x00086634        0x8 C:\Users\dario\AppData\Local\Temp\buildc3856b5a6fa9d9644dab3f2c136f5b91.tmp/core\core.a(USARTClass.cpp.o)
                0x00086634                USARTClass::begin(unsigned long)
 .text._ZN10USARTClassC2EP5Usart4IRQnmP10RingBufferS4_
                0x0008663c       0x24 C:\Users\dario\AppData\Local\Temp\buildc3856b5a6fa9d9644dab3f2c136f5b91.tmp/core\core.a(USARTClass.cpp.o)
                0x0008663c                USARTClass::USARTClass(Usart*, IRQn, unsigned long, RingBuffer*, RingBuffer*)
                0x0008663c                USARTClass::USARTClass(Usart*, IRQn, unsigned long, RingBuffer*, RingBuffer*)
 .text._ZN7Serial_9availableEv
                0x00086660       0x18 C:\Users\dario\AppData\Local\Temp\buildc3856b5a6fa9d9644dab3f2c136f5b91.tmp/core\core.a(CDC.cpp.o)
                0x00086660                Serial_::available()
 .text._ZN7Serial_4peekEv
                0x00086678       0x20 C:\Users\dario\AppData\Local\Temp\buildc3856b5a6fa9d9644dab3f2c136f5b91.tmp/core\core.a(CDC.cpp.o)
                0x00086678                Serial_::peek()
 .text._ZN7Serial_5writeEh
                0x00086698       0x16 C:\Users\dario\AppData\Local\Temp\buildc3856b5a6fa9d9644dab3f2c136f5b91.tmp/core\core.a(CDC.cpp.o)
                0x00086698                Serial_::write(unsigned char)
 *fill*         0x000866ae        0x2 
 .text._ZN7Serial_4readEv
                0x000866b0       0x44 C:\Users\dario\AppData\Local\Temp\buildc3856b5a6fa9d9644dab3f2c136f5b91.tmp/core\core.a(CDC.cpp.o)
                0x000866b0                Serial_::read()
 .text._ZN7Serial_5flushEv
                0x000866f4        0x6 C:\Users\dario\AppData\Local\Temp\buildc3856b5a6fa9d9644dab3f2c136f5b91.tmp/core\core.a(CDC.cpp.o)
                0x000866f4                Serial_::flush()
 *fill*         0x000866fa        0x2 
 .text._ZN7Serial_6acceptEv
                0x000866fc       0x70 C:\Users\dario\AppData\Local\Temp\buildc3856b5a6fa9d9644dab3f2c136f5b91.tmp/core\core.a(CDC.cpp.o)
                0x000866fc                Serial_::accept()
 .text._ZN7Serial_5writeEPKhj
                0x0008676c       0x2c C:\Users\dario\AppData\Local\Temp\buildc3856b5a6fa9d9644dab3f2c136f5b91.tmp/core\core.a(CDC.cpp.o)
                0x0008676c                Serial_::write(unsigned char const*, unsigned int)
 .text._Z16CDC_GetInterfacePh
                0x00086798       0x14 C:\Users\dario\AppData\Local\Temp\buildc3856b5a6fa9d9644dab3f2c136f5b91.tmp/core\core.a(CDC.cpp.o)
                0x00086798                CDC_GetInterface(unsigned char*)
 .text._Z21CDC_GetOtherInterfacePh
                0x000867ac       0x14 C:\Users\dario\AppData\Local\Temp\buildc3856b5a6fa9d9644dab3f2c136f5b91.tmp/core\core.a(CDC.cpp.o)
                0x000867ac                CDC_GetOtherInterface(unsigned char*)
 .text._Z9CDC_SetupR8USBSetup
                0x000867c0       0x64 C:\Users\dario\AppData\Local\Temp\buildc3856b5a6fa9d9644dab3f2c136f5b91.tmp/core\core.a(CDC.cpp.o)
                0x000867c0                CDC_Setup(USBSetup&)
 .text.startup._GLOBAL__sub_I_cdc_rx_buffer
                0x00086824       0x1c C:\Users\dario\AppData\Local\Temp\buildc3856b5a6fa9d9644dab3f2c136f5b91.tmp/core\core.a(CDC.cpp.o)
 .text._ZN13PluggableUSB_12getInterfaceEPh
                0x00086840       0x28 C:\Users\dario\AppData\Local\Temp\buildc3856b5a6fa9d9644dab3f2c136f5b91.tmp/core\core.a(PluggableUSB.cpp.o)
                0x00086840                PluggableUSB_::getInterface(unsigned char*)
 .text._ZN13PluggableUSB_13getDescriptorER8USBSetup
                0x00086868       0x1c C:\Users\dario\AppData\Local\Temp\buildc3856b5a6fa9d9644dab3f2c136f5b91.tmp/core\core.a(PluggableUSB.cpp.o)
                0x00086868                PluggableUSB_::getDescriptor(USBSetup&)
 .text._ZN13PluggableUSB_12getShortNameEPc
                0x00086884       0x1c C:\Users\dario\AppData\Local\Temp\buildc3856b5a6fa9d9644dab3f2c136f5b91.tmp/core\core.a(PluggableUSB.cpp.o)
                0x00086884                PluggableUSB_::getShortName(char*)
 .text._ZN13PluggableUSB_5setupER8USBSetup
                0x000868a0       0x20 C:\Users\dario\AppData\Local\Temp\buildc3856b5a6fa9d9644dab3f2c136f5b91.tmp/core\core.a(PluggableUSB.cpp.o)
                0x000868a0                PluggableUSB_::setup(USBSetup&)
 .text._Z12PluggableUSBv
                0x000868c0       0x28 C:\Users\dario\AppData\Local\Temp\buildc3856b5a6fa9d9644dab3f2c136f5b91.tmp/core\core.a(PluggableUSB.cpp.o)
                0x000868c0                PluggableUSB()
 .text.TimeTick_Increment
                0x000868e8       0x10 C:\Users\dario\AppData\Local\Arduino15\packages\arduino\hardware\sam\1.6.6\variants\arduino_due_x/libsam_sam3x8e_gcc_rel.a(timetick.o)
                0x000868e8                TimeTick_Increment
 .text.GetTickCount
                0x000868f8        0xc C:\Users\dario\AppData\Local\Arduino15\packages\arduino\hardware\sam\1.6.6\variants\arduino_due_x/libsam_sam3x8e_gcc_rel.a(timetick.o)
                0x000868f8                GetTickCount
 .text.WDT_Disable
                0x00086904        0x8 C:\Users\dario\AppData\Local\Arduino15\packages\arduino\hardware\sam\1.6.6\variants\arduino_due_x/libsam_sam3x8e_gcc_rel.a(wdt.o)
                0x00086904                WDT_Disable
 .text.SystemInit
                0x0008690c       0x88 C:\Users\dario\AppData\Local\Arduino15\packages\arduino\hardware\sam\1.6.6\variants\arduino_due_x/libsam_sam3x8e_gcc_rel.a(system_sam3xa.o)
                0x0008690c                SystemInit
 .text.adc_init
                0x00086994       0x98 C:\Users\dario\AppData\Local\Arduino15\packages\arduino\hardware\sam\1.6.6\variants\arduino_due_x/libsam_sam3x8e_gcc_rel.a(adc.o)
                0x00086994                adc_init
 .text.adc_configure_trigger
                0x00086a2c        0xe C:\Users\dario\AppData\Local\Arduino15\packages\arduino\hardware\sam\1.6.6\variants\arduino_due_x/libsam_sam3x8e_gcc_rel.a(adc.o)
                0x00086a2c                adc_configure_trigger
 .text.adc_configure_timing
                0x00086a3a       0x1a C:\Users\dario\AppData\Local\Arduino15\packages\arduino\hardware\sam\1.6.6\variants\arduino_due_x/libsam_sam3x8e_gcc_rel.a(adc.o)
                0x00086a3a                adc_configure_timing
 .text.adc_disable_all_channel
                0x00086a54        0x8 C:\Users\dario\AppData\Local\Arduino15\packages\arduino\hardware\sam\1.6.6\variants\arduino_due_x/libsam_sam3x8e_gcc_rel.a(adc.o)
                0x00086a54                adc_disable_all_channel
 .text.adc_disable_interrupt
                0x00086a5c        0x4 C:\Users\dario\AppData\Local\Arduino15\packages\arduino\hardware\sam\1.6.6\variants\arduino_due_x/libsam_sam3x8e_gcc_rel.a(adc.o)
                0x00086a5c                adc_disable_interrupt
 .text.UDD_SetStack
                0x00086a60        0xc C:\Users\dario\AppData\Local\Arduino15\packages\arduino\hardware\sam\1.6.6\variants\arduino_due_x/libsam_sam3x8e_gcc_rel.a(uotghs_device.o)
                0x00086a60                UDD_SetStack
 .text.UDD_Init
                0x00086a6c       0xd0 C:\Users\dario\AppData\Local\Arduino15\packages\arduino\hardware\sam\1.6.6\variants\arduino_due_x/libsam_sam3x8e_gcc_rel.a(uotghs_device.o)
                0x00086a6c                UDD_Init
 .text.UDD_Attach
                0x00086b3c       0x50 C:\Users\dario\AppData\Local\Arduino15\packages\arduino\hardware\sam\1.6.6\variants\arduino_due_x/libsam_sam3x8e_gcc_rel.a(uotghs_device.o)
                0x00086b3c                UDD_Attach
 .text.UDD_InitEP
                0x00086b8c       0x2c C:\Users\dario\AppData\Local\Arduino15\packages\arduino\hardware\sam\1.6.6\variants\arduino_due_x/libsam_sam3x8e_gcc_rel.a(uotghs_device.o)
                0x00086b8c                UDD_InitEP
 .text.UDD_InitEndpoints
                0x00086bb8       0x3c C:\Users\dario\AppData\Local\Arduino15\packages\arduino\hardware\sam\1.6.6\variants\arduino_due_x/libsam_sam3x8e_gcc_rel.a(uotghs_device.o)
                0x00086bb8                UDD_InitEndpoints
 .text.UDD_WaitIN
                0x00086bf4       0x10 C:\Users\dario\AppData\Local\Arduino15\packages\arduino\hardware\sam\1.6.6\variants\arduino_due_x/libsam_sam3x8e_gcc_rel.a(uotghs_device.o)
                0x00086bf4                UDD_WaitIN
 .text.UDD_WaitOUT
                0x00086c04       0x10 C:\Users\dario\AppData\Local\Arduino15\packages\arduino\hardware\sam\1.6.6\variants\arduino_due_x/libsam_sam3x8e_gcc_rel.a(uotghs_device.o)
                0x00086c04                UDD_WaitOUT
 .text.UDD_ClearIN
                0x00086c14       0x18 C:\Users\dario\AppData\Local\Arduino15\packages\arduino\hardware\sam\1.6.6\variants\arduino_due_x/libsam_sam3x8e_gcc_rel.a(uotghs_device.o)
                0x00086c14                UDD_ClearIN
 .text.UDD_ClearOUT
                0x00086c2c       0x18 C:\Users\dario\AppData\Local\Arduino15\packages\arduino\hardware\sam\1.6.6\variants\arduino_due_x/libsam_sam3x8e_gcc_rel.a(uotghs_device.o)
                0x00086c2c                UDD_ClearOUT
 .text.UDD_ReceivedSetupInt