Archive member included because of file (symbol)

C:\Users\dario\AppData\Local\Arduino15\packages\arduino\hardware\sam\1.6.6\variants\arduino_due_x/libsam_sam3x8e_gcc_rel.a(pio.o)
                              C:\Users\dario\Documents\MATLAB\yeti\scanknob\bin\libraries\Wire\Wire.cpp.o (PIO_Configure)
C:\Users\dario\AppData\Local\Arduino15\packages\arduino\hardware\sam\1.6.6\variants\arduino_due_x/libsam_sam3x8e_gcc_rel.a(pmc.o)
                              C:\Users\dario\Documents\MATLAB\yeti\scanknob\bin\libraries\Wire\Wire.cpp.o (pmc_enable_periph_clk)
C:\Users\dario\AppData\Local\Arduino15\packages\arduino\hardware\sam\1.6.6\variants\arduino_due_x/libsam_sam3x8e_gcc_rel.a(spi.o)
                              C:\Users\dario\Documents\MATLAB\yeti\scanknob\bin\libraries\SPI\SPI.cpp.o (SPI_Enable)
C:\Users\dario\AppData\Local\Arduino15\packages\arduino\hardware\sam\1.6.6\variants\arduino_due_x/libsam_sam3x8e_gcc_rel.a(twi.o)
                              C:\Users\dario\Documents\MATLAB\yeti\scanknob\bin\libraries\Wire\Wire.cpp.o (TWI_SetClock)
C:\Users\dario\AppData\Local\Arduino15\packages\arduino\hardware\sam\1.6.6\variants\arduino_due_x/libsam_sam3x8e_gcc_rel.a(startup_sam3xa.o)
                              (Reset_Handler)
C:\Users\dario\AppData\Local\Arduino15\packages\arduino\hardware\sam\1.6.6\variants\arduino_due_x/libsam_sam3x8e_gcc_rel.a(uotghs.o)
                              C:\Users\dario\AppData\Local\Arduino15\packages\arduino\hardware\sam\1.6.6\variants\arduino_due_x/libsam_sam3x8e_gcc_rel.a(startup_sam3xa.o) (UOTGHS_Handler)
C:\Users\dario\Documents\MATLAB\yeti\scanknob\bin/core\core.a(WInterrupts.c.o)
                              C:\Users\dario\Documents\MATLAB\yeti\scanknob\bin\sketch\scanknob_v4.ino.cpp.o (attachInterrupt)
C:\Users\dario\Documents\MATLAB\yeti\scanknob\bin/core\core.a(cortex_handlers.c.o)
                              C:\Users\dario\AppData\Local\Arduino15\packages\arduino\hardware\sam\1.6.6\variants\arduino_due_x/libsam_sam3x8e_gcc_rel.a(startup_sam3xa.o) (NMI_Handler)
C:\Users\dario\Documents\MATLAB\yeti\scanknob\bin/core\core.a(hooks.c.o)
                              C:\Users\dario\Documents\MATLAB\yeti\scanknob\bin/core\core.a(cortex_handlers.c.o) (sysTickHook)
C:\Users\dario\Documents\MATLAB\yeti\scanknob\bin/core\core.a(wiring.c.o)
                              C:\Users\dario\Documents\MATLAB\yeti\scanknob\bin\sketch\scanknob_v4.ino.cpp.o (millis)
C:\Users\dario\Documents\MATLAB\yeti\scanknob\bin/core\core.a(wiring_digital.c.o)
                              C:\Users\dario\Documents\MATLAB\yeti\scanknob\bin\sketch\scanknob_v4.ino.cpp.o (pinMode)
C:\Users\dario\Documents\MATLAB\yeti\scanknob\bin/core\core.a(Print.cpp.o)
                              C:\Users\dario\Documents\MATLAB\yeti\scanknob\bin\libraries\Wire\Wire.cpp.o (Print::write(unsigned char const*, unsigned int))
C:\Users\dario\Documents\MATLAB\yeti\scanknob\bin/core\core.a(Reset.cpp.o)
                              C:\Users\dario\Documents\MATLAB\yeti\scanknob\bin/core\core.a(cortex_handlers.c.o) (tickReset)
C:\Users\dario\Documents\MATLAB\yeti\scanknob\bin/core\core.a(Stream.cpp.o)
                              C:\Users\dario\Documents\MATLAB\yeti\scanknob\bin\sketch\scanknob_v4.ino.cpp.o (Stream::readBytes(char*, unsigned int))
C:\Users\dario\Documents\MATLAB\yeti\scanknob\bin/core\core.a(UARTClass.cpp.o)
                              C:\Users\dario\Documents\MATLAB\yeti\scanknob\bin\sketch\scanknob_v4.ino.cpp.o (UARTClass::available())
C:\Users\dario\Documents\MATLAB\yeti\scanknob\bin/core\core.a(WString.cpp.o)
                              C:\Users\dario\Documents\MATLAB\yeti\scanknob\bin/core\core.a(Stream.cpp.o) (String::String(char const*))
C:\Users\dario\Documents\MATLAB\yeti\scanknob\bin/core\core.a(abi.cpp.o)
                              C:\Users\dario\Documents\MATLAB\yeti\scanknob\bin\libraries\Wire\Wire.cpp.o (__cxa_pure_virtual)
C:\Users\dario\Documents\MATLAB\yeti\scanknob\bin/core\core.a(main.cpp.o)
                              c:/users/dario/appdata/local/arduino15/packages/arduino/tools/arm-none-eabi-gcc/4.8.3-2014q1/bin/../lib/gcc/arm-none-eabi/4.8.3/../../../../arm-none-eabi/lib/armv7-m/crt0.o (main)
C:\Users\dario\Documents\MATLAB\yeti\scanknob\bin/core\core.a(watchdog.cpp.o)
                              C:\Users\dario\Documents\MATLAB\yeti\scanknob\bin/core\core.a(main.cpp.o) (watchdogSetup())
C:\Users\dario\Documents\MATLAB\yeti\scanknob\bin/core\core.a(USBCore.cpp.o)
                              C:\Users\dario\Documents\MATLAB\yeti\scanknob\bin/core\core.a(main.cpp.o) (USBDevice_::attach())
C:\Users\dario\Documents\MATLAB\yeti\scanknob\bin/core\core.a(variant.cpp.o)
                              C:\Users\dario\Documents\MATLAB\yeti\scanknob\bin/core\core.a(main.cpp.o) (init)
C:\Users\dario\Documents\MATLAB\yeti\scanknob\bin/core\core.a(itoa.c.o)
                              C:\Users\dario\Documents\MATLAB\yeti\scanknob\bin/core\core.a(WString.cpp.o) (ltoa)
[...]
Memory Configuration

Name             Origin             Length             Attributes
rom              0x00080000         0x00080000         xr
sram0            0x20000000         0x00010000         xrw
sram1            0x20080000         0x00008000         xrw
ram              0x20070000         0x00018000         xrw
*default*        0x00000000         0xffffffff

Linker script and memory map

LOAD c:/users/dario/appdata/local/arduino15/packages/arduino/tools/arm-none-eabi-gcc/4.8.3-2014q1/bin/../lib/gcc/arm-none-eabi/4.8.3/armv7-m/crti.o
LOAD c:/users/dario/appdata/local/arduino15/packages/arduino/tools/arm-none-eabi-gcc/4.8.3-2014q1/bin/../lib/gcc/arm-none-eabi/4.8.3/armv7-m/crtbegin.o
LOAD c:/users/dario/appdata/local/arduino15/packages/arduino/tools/arm-none-eabi-gcc/4.8.3-2014q1/bin/../lib/gcc/arm-none-eabi/4.8.3/../../../../arm-none-eabi/lib/armv7-m/crt0.o
START GROUP
LOAD C:\Users\dario\Documents\MATLAB\yeti\scanknob\bin/core/syscalls_sam3.c.o
LOAD C:\Users\dario\Documents\MATLAB\yeti\scanknob\bin\sketch\scanknob_v4.ino.cpp.o
LOAD C:\Users\dario\Documents\MATLAB\yeti\scanknob\bin\libraries\Wire\Wire.cpp.o
LOAD C:\Users\dario\Documents\MATLAB\yeti\scanknob\bin\libraries\Adafruit_FT6206\Adafruit_FT6206.cpp.o
LOAD C:\Users\dario\Documents\MATLAB\yeti\scanknob\bin\libraries\SD\File.cpp.o
LOAD C:\Users\dario\Documents\MATLAB\yeti\scanknob\bin\libraries\SD\SD.cpp.o
LOAD C:\Users\dario\Documents\MATLAB\yeti\scanknob\bin\libraries\SD\utility\Sd2Card.cpp.o
LOAD C:\Users\dario\Documents\MATLAB\yeti\scanknob\bin\libraries\SD\utility\SdFile.cpp.o
LOAD C:\Users\dario\Documents\MATLAB\yeti\scanknob\bin\libraries\SD\utility\SdVolume.cpp.o
LOAD C:\Users\dario\Documents\MATLAB\yeti\scanknob\bin\libraries\Encoder\Encoder.cpp.o
LOAD C:\Users\dario\Documents\MATLAB\yeti\scanknob\bin\libraries\Adafruit-GFX\glcdfont.c.o
LOAD C:\Users\dario\Documents\MATLAB\yeti\scanknob\bin\libraries\Adafruit-GFX\Adafruit_GFX.cpp.o
LOAD C:\Users\dario\Documents\MATLAB\yeti\scanknob\bin\libraries\SPI\SPI.cpp.o
LOAD C:\Users\dario\Documents\MATLAB\yeti\scanknob\bin\libraries\Adafruit_ILI9341\Adafruit_ILI9341.cpp.o
LOAD C:\Users\dario\AppData\Local\Arduino15\packages\arduino\hardware\sam\1.6.6\variants\arduino_due_x/libsam_sam3x8e_gcc_rel.a
LOAD C:\Users\dario\Documents\MATLAB\yeti\scanknob\bin/core\core.a
END GROUP
LOAD c:/users/dario/appdata/local/arduino15/packages/arduino/tools/arm-none-eabi-gcc/4.8.3-2014q1/bin/../lib/gcc/arm-none-eabi/4.8.3/../../../../arm-none-eabi/lib/armv7-m\libm.a
START GROUP
LOAD c:/users/dario/appdata/local/arduino15/packages/arduino/tools/arm-none-eabi-gcc/4.8.3-2014q1/bin/../lib/gcc/arm-none-eabi/4.8.3/armv7-m\libgcc.a
LOAD c:/users/dario/appdata/local/arduino15/packages/arduino/tools/arm-none-eabi-gcc/4.8.3-2014q1/bin/../lib/gcc/arm-none-eabi/4.8.3/../../../../arm-none-eabi/lib/armv7-m\libg.a
LOAD c:/users/dario/appdata/local/arduino15/packages/arduino/tools/arm-none-eabi-gcc/4.8.3-2014q1/bin/../lib/gcc/arm-none-eabi/4.8.3/../../../../arm-none-eabi/lib/armv7-m\libc.a
END GROUP
LOAD c:/users/dario/appdata/local/arduino15/packages/arduino/tools/arm-none-eabi-gcc/4.8.3-2014q1/bin/../lib/gcc/arm-none-eabi/4.8.3/armv7-m/crtend.o
LOAD c:/users/dario/appdata/local/arduino15/packages/arduino/tools/arm-none-eabi-gcc/4.8.3-2014q1/bin/../lib/gcc/arm-none-eabi/4.8.3/armv7-m/crtn.o

.text           0x00080000     0xcc34
                0x00080000                . = ALIGN (0x4)
                0x00080000                _sfixed = .
 *(.vectors .vectors.*)
 .vectors       0x00080000       0xf4 C:\Users\dario\AppData\Local\Arduino15\packages\arduino\hardware\sam\1.6.6\variants\arduino_due_x/libsam_sam3x8e_gcc_rel.a(startup_sam3xa.o)
                0x00080000                exception_table
 *(.text .text.* .gnu.linkonce.t.*)
 .text          0x000800f4       0x54 c:/users/dario/appdata/local/arduino15/packages/arduino/tools/arm-none-eabi-gcc/4.8.3-2014q1/bin/../lib/gcc/arm-none-eabi/4.8.3/armv7-m/crtbegin.o
 .text._sbrk    0x00080148       0x1c C:\Users\dario\Documents\MATLAB\yeti\scanknob\bin/core/syscalls_sam3.c.o
                0x00080148                _sbrk
 .text._close   0x00080164        0x6 C:\Users\dario\Documents\MATLAB\yeti\scanknob\bin/core/syscalls_sam3.c.o
                0x00080164                _close
 .text._fstat   0x0008016a        0xa C:\Users\dario\Documents\MATLAB\yeti\scanknob\bin/core/syscalls_sam3.c.o
                0x0008016a                _fstat
 .text._isatty  0x00080174        0x4 C:\Users\dario\Documents\MATLAB\yeti\scanknob\bin/core/syscalls_sam3.c.o
                0x00080174                _isatty
 .text._lseek   0x00080178        0x4 C:\Users\dario\Documents\MATLAB\yeti\scanknob\bin/core/syscalls_sam3.c.o
                0x00080178                _lseek
 .text._read    0x0008017c        0x4 C:\Users\dario\Documents\MATLAB\yeti\scanknob\bin/core/syscalls_sam3.c.o
                0x0008017c                _read
 .text._write   0x00080180       0x24 C:\Users\dario\Documents\MATLAB\yeti\scanknob\bin/core/syscalls_sam3.c.o
                0x00080180                _write
 .text._exit    0x000801a4       0x10 C:\Users\dario\Documents\MATLAB\yeti\scanknob\bin/core/syscalls_sam3.c.o
                0x000801a4                _exit
 .text._kill    0x000801b4        0x2 C:\Users\dario\Documents\MATLAB\yeti\scanknob\bin/core/syscalls_sam3.c.o
                0x000801b4                _kill
 .text._getpid  0x000801b6        0x6 C:\Users\dario\Documents\MATLAB\yeti\scanknob\bin/core/syscalls_sam3.c.o
                0x000801b6                _getpid
 .text._ZN7Encoder6updateEP24Encoder_internal_state_t
                0x000801bc       0x5c C:\Users\dario\Documents\MATLAB\yeti\scanknob\bin\sketch\scanknob_v4.ino.cpp.o
                0x000801bc                Encoder::update(Encoder_internal_state_t*)
 .text._ZN7Encoder4readEv
                0x00080218       0x1a C:\Users\dario\Documents\MATLAB\yeti\scanknob\bin\sketch\scanknob_v4.ino.cpp.o
                0x00080218                Encoder::read()
 *fill*         0x00080232        0x2 
 .text._ZN7Encoder5isr53Ev
                0x00080234       0x14 C:\Users\dario\Documents\MATLAB\yeti\scanknob\bin\sketch\scanknob_v4.ino.cpp.o
                0x00080234                Encoder::isr53()
 .text._ZN7Encoder5isr52Ev
                0x00080248       0x14 C:\Users\dario\Documents\MATLAB\yeti\scanknob\bin\sketch\scanknob_v4.ino.cpp.o
                0x00080248                Encoder::isr52()
 .text._ZN7Encoder5isr51Ev
                0x0008025c       0x14 C:\Users\dario\Documents\MATLAB\yeti\scanknob\bin\sketch\scanknob_v4.ino.cpp.o
                0x0008025c                Encoder::isr51()
 .text._ZN7Encoder5isr50Ev
                0x00080270       0x14 C:\Users\dario\Documents\MATLAB\yeti\scanknob\bin\sketch\scanknob_v4.ino.cpp.o
                0x00080270                Encoder::isr50()
 .text._ZN7Encoder5isr49Ev
                0x00080284       0x14 C:\Users\dario\Documents\MATLAB\yeti\scanknob\bin\sketch\scanknob_v4.ino.cpp.o
                0x00080284                Encoder::isr49()
 .text._ZN7Encoder5isr48Ev
                0x00080298       0x14 C:\Users\dario\Documents\MATLAB\yeti\scanknob\bin\sketch\scanknob_v4.ino.cpp.o
                0x00080298                Encoder::isr48()
 .text._ZN7Encoder5isr47Ev
                0x000802ac       0x14 C:\Users\dario\Documents\MATLAB\yeti\scanknob\bin\sketch\scanknob_v4.ino.cpp.o
                0x000802ac                Encoder::isr47()
 .text._ZN7Encoder5isr46Ev
                0x000802c0       0x14 C:\Users\dario\Documents\MATLAB\yeti\scanknob\bin\sketch\scanknob_v4.ino.cpp.o
                0x000802c0                Encoder::isr46()
 .text._ZN7Encoder5isr45Ev
                0x000802d4       0x14 C:\Users\dario\Documents\MATLAB\yeti\scanknob\bin\sketch\scanknob_v4.ino.cpp.o
                0x000802d4                Encoder::isr45()
 .text._ZN7Encoder5isr44Ev
                0x000802e8       0x14 C:\Users\dario\Documents\MATLAB\yeti\scanknob\bin\sketch\scanknob_v4.ino.cpp.o
                0x000802e8                Encoder::isr44()
 .text._ZN7Encoder5isr43Ev
                0x000802fc       0x14 C:\Users\dario\Documents\MATLAB\yeti\scanknob\bin\sketch\scanknob_v4.ino.cpp.o
                0x000802fc                Encoder::isr43()
 .text._ZN7Encoder5isr42Ev
                0x00080310       0x14 C:\Users\dario\Documents\MATLAB\yeti\scanknob\bin\sketch\scanknob_v4.ino.cpp.o
                0x00080310                Encoder::isr42()
 .text._ZN7Encoder5isr41Ev
                0x00080324       0x14 C:\Users\dario\Documents\MATLAB\yeti\scanknob\bin\sketch\scanknob_v4.ino.cpp.o
                0x00080324                Encoder::isr41()
 .text._ZN7Encoder5isr40Ev
                0x00080338       0x14 C:\Users\dario\Documents\MATLAB\yeti\scanknob\bin\sketch\scanknob_v4.ino.cpp.o
                0x00080338                Encoder::isr40()
 .text._ZN7Encoder5isr39Ev
                0x0008034c       0x14 C:\Users\dario\Documents\MATLAB\yeti\scanknob\bin\sketch\scanknob_v4.ino.cpp.o
                0x0008034c                Encoder::isr39()
 .text._ZN7Encoder5isr38Ev
                0x00080360       0x14 C:\Users\dario\Documents\MATLAB\yeti\scanknob\bin\sketch\scanknob_v4.ino.cpp.o
                0x00080360                Encoder::isr38()
 .text._ZN7Encoder5isr37Ev
                0x00080374       0x14 C:\Users\dario\Documents\MATLAB\yeti\scanknob\bin\sketch\scanknob_v4.ino.cpp.o
                0x00080374                Encoder::isr37()
 .text._ZN7Encoder5isr36Ev
                0x00080388       0x14 C:\Users\dario\Documents\MATLAB\yeti\scanknob\bin\sketch\scanknob_v4.ino.cpp.o
                0x00080388                Encoder::isr36()
 .text._ZN7Encoder5isr35Ev
                0x0008039c       0x14 C:\Users\dario\Documents\MATLAB\yeti\scanknob\bin\sketch\scanknob_v4.ino.cpp.o
                0x0008039c                Encoder::isr35()
 .text._ZN7Encoder5isr34Ev
                0x000803b0       0x14 C:\Users\dario\Documents\MATLAB\yeti\scanknob\bin\sketch\scanknob_v4.ino.cpp.o
                0x000803b0                Encoder::isr34()
 .text._ZN7Encoder5isr33Ev
                0x000803c4       0x14 C:\Users\dario\Documents\MATLAB\yeti\scanknob\bin\sketch\scanknob_v4.ino.cpp.o
                0x000803c4                Encoder::isr33()
 .text._ZN7Encoder5isr32Ev
                0x000803d8       0x14 C:\Users\dario\Documents\MATLAB\yeti\scanknob\bin\sketch\scanknob_v4.ino.cpp.o
                0x000803d8                Encoder::isr32()
 .text._ZN7Encoder5isr31Ev
                0x000803ec       0x10 C:\Users\dario\Documents\MATLAB\yeti\scanknob\bin\sketch\scanknob_v4.ino.cpp.o
                0x000803ec                Encoder::isr31()
 .text._ZN7Encoder5isr30Ev
                0x000803fc       0x10 C:\Users\dario\Documents\MATLAB\yeti\scanknob\bin\sketch\scanknob_v4.ino.cpp.o
                0x000803fc                Encoder::isr30()
 .text._ZN7Encoder5isr29Ev
                0x0008040c       0x10 C:\Users\dario\Documents\MATLAB\yeti\scanknob\bin\sketch\scanknob_v4.ino.cpp.o
                0x0008040c                Encoder::isr29()
 .text._ZN7Encoder5isr28Ev
                0x0008041c       0x10 C:\Users\dario\Documents\MATLAB\yeti\scanknob\bin\sketch\scanknob_v4.ino.cpp.o
                0x0008041c                Encoder::isr28()
 .text._ZN7Encoder5isr27Ev
                0x0008042c       0x10 C:\Users\dario\Documents\MATLAB\yeti\scanknob\bin\sketch\scanknob_v4.ino.cpp.o
                0x0008042c                Encoder::isr27()
 .text._ZN7Encoder5isr26Ev
                0x0008043c       0x10 C:\Users\dario\Documents\MATLAB\yeti\scanknob\bin\sketch\scanknob_v4.ino.cpp.o
                0x0008043c                Encoder::isr26()
 .text._ZN7Encoder5isr25Ev
                0x0008044c       0x10 C:\Users\dario\Documents\MATLAB\yeti\scanknob\bin\sketch\scanknob_v4.ino.cpp.o
                0x0008044c                Encoder::isr25()
 .text._ZN7Encoder5isr24Ev
                0x0008045c       0x10 C:\Users\dario\Documents\MATLAB\yeti\scanknob\bin\sketch\scanknob_v4.ino.cpp.o
                0x0008045c                Encoder::isr24()
 .text._ZN7Encoder5isr23Ev
                0x0008046c       0x10 C:\Users\dario\Documents\MATLAB\yeti\scanknob\bin\sketch\scanknob_v4.ino.cpp.o
                0x0008046c                Encoder::isr23()
 .text._ZN7Encoder5isr22Ev
                0x0008047c       0x10 C:\Users\dario\Documents\MATLAB\yeti\scanknob\bin\sketch\scanknob_v4.ino.cpp.o
                0x0008047c                Encoder::isr22()
 .text._ZN7Encoder5isr21Ev
                0x0008048c       0x10 C:\Users\dario\Documents\MATLAB\yeti\scanknob\bin\sketch\scanknob_v4.ino.cpp.o
                0x0008048c                Encoder::isr21()
 .text._ZN7Encoder5isr20Ev
                0x0008049c       0x10 C:\Users\dario\Documents\MATLAB\yeti\scanknob\bin\sketch\scanknob_v4.ino.cpp.o
                0x0008049c                Encoder::isr20()
 .text._ZN7Encoder5isr19Ev
                0x000804ac       0x10 C:\Users\dario\Documents\MATLAB\yeti\scanknob\bin\sketch\scanknob_v4.ino.cpp.o
                0x000804ac                Encoder::isr19()
 .text._ZN7Encoder5isr18Ev
                0x000804bc       0x10 C:\Users\dario\Documents\MATLAB\yeti\scanknob\bin\sketch\scanknob_v4.ino.cpp.o
                0x000804bc                Encoder::isr18()
 .text._ZN7Encoder5isr17Ev
                0x000804cc       0x10 C:\Users\dario\Documents\MATLAB\yeti\scanknob\bin\sketch\scanknob_v4.ino.cpp.o
                0x000804cc                Encoder::isr17()
 .text._ZN7Encoder5isr16Ev
                0x000804dc       0x10 C:\Users\dario\Documents\MATLAB\yeti\scanknob\bin\sketch\scanknob_v4.ino.cpp.o
                0x000804dc                Encoder::isr16()
 .text._ZN7Encoder5isr15Ev
                0x000804ec       0x10 C:\Users\dario\Documents\MATLAB\yeti\scanknob\bin\sketch\scanknob_v4.ino.cpp.o
                0x000804ec                Encoder::isr15()
 .text._ZN7Encoder5isr14Ev
                0x000804fc       0x10 C:\Users\dario\Documents\MATLAB\yeti\scanknob\bin\sketch\scanknob_v4.ino.cpp.o
                0x000804fc                Encoder::isr14()
 .text._ZN7Encoder5isr13Ev
                0x0008050c       0x10 C:\Users\dario\Documents\MATLAB\yeti\scanknob\bin\sketch\scanknob_v4.ino.cpp.o
                0x0008050c                Encoder::isr13()
 .text._ZN7Encoder5isr12Ev
                0x0008051c       0x10 C:\Users\dario\Documents\MATLAB\yeti\scanknob\bin\sketch\scanknob_v4.ino.cpp.o
                0x0008051c                Encoder::isr12()
 .text._ZN7Encoder5isr11Ev
                0x0008052c       0x10 C:\Users\dario\Documents\MATLAB\yeti\scanknob\bin\sketch\scanknob_v4.ino.cpp.o
                0x0008052c                Encoder::isr11()
 .text._ZN7Encoder5isr10Ev
                0x0008053c       0x10 C:\Users\dario\Documents\MATLAB\yeti\scanknob\bin\sketch\scanknob_v4.ino.cpp.o
                0x0008053c                Encoder::isr10()
 .text._ZN7Encoder4isr9Ev
                0x0008054c       0x10 C:\Users\dario\Documents\MATLAB\yeti\scanknob\bin\sketch\scanknob_v4.ino.cpp.o
                0x0008054c                Encoder::isr9()
 .text._ZN7Encoder4isr8Ev
                0x0008055c       0x10 C:\Users\dario\Documents\MATLAB\yeti\scanknob\bin\sketch\scanknob_v4.ino.cpp.o
                0x0008055c                Encoder::isr8()
 .text._ZN7Encoder4isr7Ev
                0x0008056c       0x10 C:\Users\dario\Documents\MATLAB\yeti\scanknob\bin\sketch\scanknob_v4.ino.cpp.o
                0x0008056c                Encoder::isr7()
 .text._ZN7Encoder4isr6Ev
                0x0008057c       0x10 C:\Users\dario\Documents\MATLAB\yeti\scanknob\bin\sketch\scanknob_v4.ino.cpp.o
                0x0008057c                Encoder::isr6()
 .text._ZN7Encoder4isr5Ev
                0x0008058c       0x10 C:\Users\dario\Documents\MATLAB\yeti\scanknob\bin\sketch\scanknob_v4.ino.cpp.o
                0x0008058c                Encoder::isr5()
 .text._ZN7Encoder4isr4Ev
                0x0008059c       0x10 C:\Users\dario\Documents\MATLAB\yeti\scanknob\bin\sketch\scanknob_v4.ino.cpp.o
                0x0008059c                Encoder::isr4()
 .text._ZN7Encoder4isr3Ev
                0x000805ac       0x10 C:\Users\dario\Documents\MATLAB\yeti\scanknob\bin\sketch\scanknob_v4.ino.cpp.o
                0x000805ac                Encoder::isr3()
 .text._ZN7Encoder4isr2Ev
                0x000805bc       0x10 C:\Users\dario\Documents\MATLAB\yeti\scanknob\bin\sketch\scanknob_v4.ino.cpp.o
                0x000805bc                Encoder::isr2()
 .text._ZN7Encoder4isr1Ev
                0x000805cc       0x10 C:\Users\dario\Documents\MATLAB\yeti\scanknob\bin\sketch\scanknob_v4.ino.cpp.o
                0x000805cc                Encoder::isr1()
 .text._ZN7Encoder4isr0Ev
                0x000805dc       0x10 C:\Users\dario\Documents\MATLAB\yeti\scanknob\bin\sketch\scanknob_v4.ino.cpp.o
                0x000805dc                Encoder::isr0()
 .text._ZN7Encoder16attach_interruptEhP24Encoder_internal_state_t
                0x000805ec      0x3ac C:\Users\dario\Documents\MATLAB\yeti\scanknob\bin\sketch\scanknob_v4.ino.cpp.o
                0x000805ec                Encoder::attach_interrupt(unsigned char, Encoder_internal_state_t*)
 .text._ZN7EncoderC2Ehh
                0x00080998       0x88 C:\Users\dario\Documents\MATLAB\yeti\scanknob\bin\sketch\scanknob_v4.ino.cpp.o
                0x00080998                Encoder::Encoder(unsigned char, unsigned char)
                0x00080998                Encoder::Encoder(unsigned char, unsigned char)
 .text._Z10format_dlrcfi
                0x00080a20       0x90 C:\Users\dario\Documents\MATLAB\yeti\scanknob\bin\sketch\scanknob_v4.ino.cpp.o
                0x00080a20                format_dlr(char, float, int)
 .text._Z11update_axisil
                0x00080ab0       0x84 C:\Users\dario\Documents\MATLAB\yeti\scanknob\bin\sketch\scanknob_v4.ino.cpp.o
                0x00080ab0                update_axis(int, long)
 .text._Z10updatezeroi
                0x00080b34       0x54 C:\Users\dario\Documents\MATLAB\yeti\scanknob\bin\sketch\scanknob_v4.ino.cpp.o
                0x00080b34                updatezero(int)
 .text._Z11updatestorei
                0x00080b88       0xb0 C:\Users\dario\Documents\MATLAB\yeti\scanknob\bin\sketch\scanknob_v4.ino.cpp.o
                0x00080b88                updatestore(int)
 .text._Z12updaterecalli
                0x00080c38       0xb0 C:\Users\dario\Documents\MATLAB\yeti\scanknob\bin\sketch\scanknob_v4.ino.cpp.o
                0x00080c38                updaterecall(int)
 .text._Z6read16RN5SDLib4FileE
                0x00080ce8       0x22 C:\Users\dario\Documents\MATLAB\yeti\scanknob\bin\sketch\scanknob_v4.ino.cpp.o
                0x00080ce8                read16(SDLib::File&)
 .text._Z6read32RN5SDLib4FileE
                0x00080d0a       0x38 C:\Users\dario\Documents\MATLAB\yeti\scanknob\bin\sketch\scanknob_v4.ino.cpp.o
                0x00080d0a                read32(SDLib::File&)
 *fill*         0x00080d42        0x2 
 .text._Z7bmpDrawPcht
                0x00080d44      0x1bc C:\Users\dario\Documents\MATLAB\yeti\scanknob\bin\sketch\scanknob_v4.ino.cpp.o
                0x00080d44                bmpDraw(char*, unsigned char, unsigned short)
 .text.startup._GLOBAL__sub_I_ctp
                0x00080f00       0x64 C:\Users\dario\Documents\MATLAB\yeti\scanknob\bin\sketch\scanknob_v4.ino.cpp.o
 .text._Z10updatelocki
                0x00080f64       0x60 C:\Users\dario\Documents\MATLAB\yeti\scanknob\bin\sketch\scanknob_v4.ino.cpp.o
                0x00080f64                updatelock(int)
 .text._Z7updatevi
                0x00080fc4       0x64 C:\Users\dario\Documents\MATLAB\yeti\scanknob\bin\sketch\scanknob_v4.ino.cpp.o
                0x00080fc4                updatev(int)
 .text._Z7updatemi
                0x00081028       0x58 C:\Users\dario\Documents\MATLAB\yeti\scanknob\bin\sketch\scanknob_v4.ino.cpp.o
                0x00081028                updatem(int)
 .text.setup    0x00081080       0xf8 C:\Users\dario\Documents\MATLAB\yeti\scanknob\bin\sketch\scanknob_v4.ino.cpp.o
                0x00081080                setup
 .text.loop     0x00081178      0x824 C:\Users\dario\Documents\MATLAB\yeti\scanknob\bin\sketch\scanknob_v4.ino.cpp.o
                0x00081178                loop
 .text._ZN7TwoWire5writeEPKhj
                0x0008199c       0x50 C:\Users\dario\Documents\MATLAB\yeti\scanknob\bin\libraries\Wire\Wire.cpp.o
                0x0008199c                TwoWire::write(unsigned char const*, unsigned int)
 .text._ZN7TwoWire9availableEv
                0x000819ec        0xc C:\Users\dario\Documents\MATLAB\yeti\scanknob\bin\libraries\Wire\Wire.cpp.o
                0x000819ec                TwoWire::available()
 .text._ZN7TwoWire4readEv
                0x000819f8       0x1e C:\Users\dario\Documents\MATLAB\yeti\scanknob\bin\libraries\Wire\Wire.cpp.o
                0x000819f8                TwoWire::read()
 .text._ZN7TwoWire4peekEv
                0x00081a16       0x16 C:\Users\dario\Documents\MATLAB\yeti\scanknob\bin\libraries\Wire\Wire.cpp.o
                0x00081a16                TwoWire::peek()
 .text._ZN7TwoWire5flushEv
                0x00081a2c        0x2 C:\Users\dario\Documents\MATLAB\yeti\scanknob\bin\libraries\Wire\Wire.cpp.o
                0x00081a2c                TwoWire::flush()
 .text._ZN7TwoWire5writeEh
                0x00081a2e       0x3a C:\Users\dario\Documents\MATLAB\yeti\scanknob\bin\libraries\Wire\Wire.cpp.o
                0x00081a2e                TwoWire::write(unsigned char)
 .text._ZL16TWI_WaitByteSentP3Twim.constprop.3
                0x00081a68       0x2c C:\Users\dario\Documents\MATLAB\yeti\scanknob\bin\libraries\Wire\Wire.cpp.o
 .text._ZL24TWI_WaitTransferCompleteP3Twim.constprop.4
                0x00081a94       0x2c C:\Users\dario\Documents\MATLAB\yeti\scanknob\bin\libraries\Wire\Wire.cpp.o
 .text._ZL9Wire_Initv
                0x00081ac0       0x54 C:\Users\dario\Documents\MATLAB\yeti\scanknob\bin\libraries\Wire\Wire.cpp.o
 .text._ZL12Wire1_Deinitv
                0x00081b14       0x18 C:\Users\dario\Documents\MATLAB\yeti\scanknob\bin\libraries\Wire\Wire.cpp.o
 .text._ZL11Wire_Deinitv
                0x00081b2c       0x18 C:\Users\dario\Documents\MATLAB\yeti\scanknob\bin\libraries\Wire\Wire.cpp.o
 .text._ZL10Wire1_Initv
                0x00081b44       0x54 C:\Users\dario\Documents\MATLAB\yeti\scanknob\bin\libraries\Wire\Wire.cpp.o
 .text._ZN7TwoWireC2EP3TwiPFvvES3_
                0x00081b98       0x48 C:\Users\dario\Documents\MATLAB\yeti\scanknob\bin\libraries\Wire\Wire.cpp.o
                0x00081b98                TwoWire::TwoWire(Twi*, void (*)(), void (*)())
                0x00081b98                TwoWire::TwoWire(Twi*, void (*)(), void (*)())
 .text._ZN7TwoWire5beginEv
                0x00081be0       0x30 C:\Users\dario\Documents\MATLAB\yeti\scanknob\bin\libraries\Wire\Wire.cpp.o
                0x00081be0                TwoWire::begin()
 .text._ZN7TwoWire11requestFromEhhmhh
                0x00081c10       0x78 C:\Users\dario\Documents\MATLAB\yeti\scanknob\bin\libraries\Wire\Wire.cpp.o
                0x00081c10                TwoWire::requestFrom(unsigned char, unsigned char, unsigned long, unsigned char, unsigned char)
 .text._ZN7TwoWire11requestFromEhhh
                0x00081c88       0x12 C:\Users\dario\Documents\MATLAB\yeti\scanknob\bin\libraries\Wire\Wire.cpp.o
                0x00081c88                TwoWire::requestFrom(unsigned char, unsigned char, unsigned char)
 .text._ZN7TwoWire11requestFromEhh
                0x00081c9a        0x6 C:\Users\dario\Documents\MATLAB\yeti\scanknob\bin\libraries\Wire\Wire.cpp.o
                0x00081c9a                TwoWire::requestFrom(unsigned char, unsigned char)
 .text._ZN7TwoWire17beginTransmissionEi
                0x00081ca0       0x12 C:\Users\dario\Documents\MATLAB\yeti\scanknob\bin\libraries\Wire\Wire.cpp.o
                0x00081ca0                TwoWire::beginTransmission(int)
 .text._ZN7TwoWire15endTransmissionEh
                0x00081cb2       0x82 C:\Users\dario\Documents\MATLAB\yeti\scanknob\bin\libraries\Wire\Wire.cpp.o
                0x00081cb2                TwoWire::endTransmission(unsigned char)
 .text._ZN7TwoWire15endTransmissionEv
                0x00081d34        0x6 C:\Users\dario\Documents\MATLAB\yeti\scanknob\bin\libraries\Wire\Wire.cpp.o
                0x00081d34                TwoWire::endTransmission()
 .text._ZN7TwoWire9onServiceEv
                0x00081d3a      0x118 C:\Users\dario\Documents\MATLAB\yeti\scanknob\bin\libraries\Wire\Wire.cpp.o
                0x00081d3a                TwoWire::onService()
 *fill*         0x00081e52        0x2 
 .text.TWI1_Handler
                0x00081e54        0xc C:\Users\dario\Documents\MATLAB\yeti\scanknob\bin\libraries\Wire\Wire.cpp.o
                0x00081e54                TWI1_Handler
 .text.TWI0_Handler
                0x00081e60        0xc C:\Users\dario\Documents\MATLAB\yeti\scanknob\bin\libraries\Wire\Wire.cpp.o
                0x00081e60                TWI0_Handler
 .text.startup._GLOBAL__sub_I__ZN7TwoWireC2EP3TwiPFvvES3_
                0x00081e6c       0x40 C:\Users\dario\Documents\MATLAB\yeti\scanknob\bin\libraries\Wire\Wire.cpp.o
 .text._ZN15Adafruit_FT6206C2Ev
                0x00081eac        0x2 C:\Users\dario\Documents\MATLAB\yeti\scanknob\bin\libraries\Adafruit_FT6206\Adafruit_FT6206.cpp.o
                0x00081eac                Adafruit_FT6206::Adafruit_FT6206()
                0x00081eac                Adafruit_FT6206::Adafruit_FT6206()
 .text._ZN8TS_PointC2Ev
                0x00081eae        0x8 C:\Users\dario\Documents\MATLAB\yeti\scanknob\bin\libraries\Adafruit_FT6206\Adafruit_FT6206.cpp.o
                0x00081eae                TS_Point::TS_Point()
                0x00081eae                TS_Point::TS_Point()
 *fill*         0x00081eb6        0x2 
 .text._ZN15Adafruit_FT620614writeRegister8Ehh
                0x00081eb8       0x30 C:\Users\dario\Documents\MATLAB\yeti\scanknob\bin\libraries\Adafruit_FT6206\Adafruit_FT6206.cpp.o
                0x00081eb8                Adafruit_FT6206::writeRegister8(unsigned char, unsigned char)
 .text._ZN15Adafruit_FT62068readDataEPtS0_
                0x00081ee8       0xc8 C:\Users\dario\Documents\MATLAB\yeti\scanknob\bin\libraries\Adafruit_FT6206\Adafruit_FT6206.cpp.o
                0x00081ee8                Adafruit_FT6206::readData(unsigned short*, unsigned short*)
 .text._ZN15Adafruit_FT62068getPointEv
                0x00081fb0       0x26 C:\Users\dario\Documents\MATLAB\yeti\scanknob\bin\libraries\Adafruit_FT6206\Adafruit_FT6206.cpp.o
                0x00081fb0                Adafruit_FT6206::getPoint()
 *fill*         0x00081fd6        0x2 
 .text._ZN15Adafruit_FT620613readRegister8Eh
                0x00081fd8       0x44 C:\Users\dario\Documents\MATLAB\yeti\scanknob\bin\libraries\Adafruit_FT6206\Adafruit_FT6206.cpp.o
                0x00081fd8                Adafruit_FT6206::readRegister8(unsigned char)
 .text._ZN15Adafruit_FT62065beginEh
                0x0008201c       0x3c C:\Users\dario\Documents\MATLAB\yeti\scanknob\bin\libraries\Adafruit_FT6206\Adafruit_FT6206.cpp.o
                0x0008201c                Adafruit_FT6206::begin(unsigned char)
 .text._ZN15Adafruit_FT62067touchedEv
                0x00082058       0x16 C:\Users\dario\Documents\MATLAB\yeti\scanknob\bin\libraries\Adafruit_FT6206\Adafruit_FT6206.cpp.o
                0x00082058                Adafruit_FT6206::touched()
 .text._ZN5SDLib4File5writeEh
                0x0008206e       0x16 C:\Users\dario\Documents\MATLAB\yeti\scanknob\bin\libraries\SD\File.cpp.o
                0x0008206e                SDLib::File::write(unsigned char)
 .text._ZN5SDLib4File5writeEPKhj
                0x00082084       0x26 C:\Users\dario\Documents\MATLAB\yeti\scanknob\bin\libraries\SD\File.cpp.o
                0x00082084                SDLib::File::write(unsigned char const*, unsigned int)
 .text._ZN5SDLib4File5flushEv
                0x000820aa        0xa C:\Users\dario\Documents\MATLAB\yeti\scanknob\bin\libraries\SD\File.cpp.o
                0x000820aa                SDLib::File::flush()
 .text._ZN6SdFile4readEv
                0x000820b4       0x20 C:\Users\dario\Documents\MATLAB\yeti\scanknob\bin\libraries\SD\File.cpp.o
                0x000820b4                SdFile::read()
 .text._ZN5SDLib4File4readEv
                0x000820d4       0x12 C:\Users\dario\Documents\MATLAB\yeti\scanknob\bin\libraries\SD\File.cpp.o
                0x000820d4                SDLib::File::read()
 .text._ZN5SDLib4File4peekEv
                0x000820e6       0x20 C:\Users\dario\Documents\MATLAB\yeti\scanknob\bin\libraries\SD\File.cpp.o
                0x000820e6                SDLib::File::peek()
 *fill*         0x00082106        0x2 
 .text._ZN5SDLib4FileC2E6SdFilePKc
                0x00082108       0x50 C:\Users\dario\Documents\MATLAB\yeti\scanknob\bin\libraries\SD\File.cpp.o
                0x00082108                SDLib::File::File(SdFile, char const*)
                0x00082108                SDLib::File::File(SdFile, char const*)
 .text._ZN5SDLib4FileC2Ev
                0x00082158       0x18 C:\Users\dario\Documents\MATLAB\yeti\scanknob\bin\libraries\SD\File.cpp.o
                0x00082158                SDLib::File::File()
                0x00082158                SDLib::File::File()
 .text._ZN5SDLib4File4readEPvt
                0x00082170        0xc C:\Users\dario\Documents\MATLAB\yeti\scanknob\bin\libraries\SD\File.cpp.o
                0x00082170                SDLib::File::read(void*, unsigned short)
 .text._ZN5SDLib4File4seekEm
                0x0008217c       0x12 C:\Users\dario\Documents\MATLAB\yeti\scanknob\bin\libraries\SD\File.cpp.o
                0x0008217c                SDLib::File::seek(unsigned long)
 .text._ZN5SDLib4File8positionEv
                0x0008218e        0xe C:\Users\dario\Documents\MATLAB\yeti\scanknob\bin\libraries\SD\File.cpp.o
                0x0008218e                SDLib::File::position()
 .text._ZN5SDLib4File4sizeEv
                0x0008219c        0x8 C:\Users\dario\Documents\MATLAB\yeti\scanknob\bin\libraries\SD\File.cpp.o
                0x0008219c                SDLib::File::size()
 .text._ZN5SDLib4File9availableEv
                0x000821a4       0x26 C:\Users\dario\Documents\MATLAB\yeti\scanknob\bin\libraries\SD\File.cpp.o
                0x000821a4                SDLib::File::available()
 .text._ZN5SDLib4File5closeEv
                0x000821ca       0x18 C:\Users\dario\Documents\MATLAB\yeti\scanknob\bin\libraries\SD\File.cpp.o
                0x000821ca                SDLib::File::close()
 .text._ZN5SDLib4FilecvbEv
                0x000821e2        0xe C:\Users\dario\Documents\MATLAB\yeti\scanknob\bin\libraries\SD\File.cpp.o
                0x000821e2                SDLib::File::operator bool()
 .text._ZN5SDLib7SDClass5beginEh
                0x000821f0       0x44 C:\Users\dario\Documents\MATLAB\yeti\scanknob\bin\libraries\SD\SD.cpp.o
                0x000821f0                SDLib::SDClass::begin(unsigned char)
 .text._ZN6SdFileC2ERKS_
                0x00082234       0x34 C:\Users\dario\Documents\MATLAB\yeti\scanknob\bin\libraries\SD\SD.cpp.o
                0x00082234                SdFile::SdFile(SdFile const&)
                0x00082234                SdFile::SdFile(SdFile const&)
 .text._ZN5SDLib7SDClass12getParentDirEPKcPi
                0x00082268       0xac C:\Users\dario\Documents\MATLAB\yeti\scanknob\bin\libraries\SD\SD.cpp.o
                0x00082268                SDLib::SDClass::getParentDir(char const*, int*)
 .text._ZN5SDLib7SDClass4openEPKch
                0x00082314       0xa4 C:\Users\dario\Documents\MATLAB\yeti\scanknob\bin\libraries\SD\SD.cpp.o
                0x00082314                SDLib::SDClass::open(char const*, unsigned char)
 .text.startup._GLOBAL__sub_I__ZN5SDLib20getNextPathComponentEPKcPjPc
                0x000823b8       0x28 C:\Users\dario\Documents\MATLAB\yeti\scanknob\bin\libraries\SD\SD.cpp.o
 .text._ZL7spiSendh
                0x000823e0       0x10 C:\Users\dario\Documents\MATLAB\yeti\scanknob\bin\libraries\SD\utility\Sd2Card.cpp.o
 .text._ZL6spiRecv
                0x000823f0       0x10 C:\Users\dario\Documents\MATLAB\yeti\scanknob\bin\libraries\SD\utility\Sd2Card.cpp.o
 .text._ZN7Sd2Card14chipSelectHighEv
                0x00082400       0x28 C:\Users\dario\Documents\MATLAB\yeti\scanknob\bin\libraries\SD\utility\Sd2Card.cpp.o
                0x00082400                Sd2Card::chipSelectHigh()
 .text._ZN7Sd2Card13chipSelectLowEv
                0x00082428       0x40 C:\Users\dario\Documents\MATLAB\yeti\scanknob\bin\libraries\SD\utility\Sd2Card.cpp.o
                0x00082428                Sd2Card::chipSelectLow()
 .text._ZN7Sd2Card7readEndEv
                0x00082468       0x2a C:\Users\dario\Documents\MATLAB\yeti\scanknob\bin\libraries\SD\utility\Sd2Card.cpp.o
                0x00082468                Sd2Card::readEnd()
 *fill*         0x00082492        0x2 
 .text._ZN7Sd2Card10setSckRateEh
                0x00082494       0x58 C:\Users\dario\Documents\MATLAB\yeti\scanknob\bin\libraries\SD\utility\Sd2Card.cpp.o
                0x00082494                Sd2Card::setSckRate(unsigned char)
 .text._ZN7Sd2Card11waitNotBusyEt
                0x000824ec       0x28 C:\Users\dario\Documents\MATLAB\yeti\scanknob\bin\libraries\SD\utility\Sd2Card.cpp.o
                0x000824ec                Sd2Card::waitNotBusy(unsigned short)
 .text._ZN7Sd2Card11cardCommandEhm
                0x00082514       0x60 C:\Users\dario\Documents\MATLAB\yeti\scanknob\bin\libraries\SD\utility\Sd2Card.cpp.o
                0x00082514                Sd2Card::cardCommand(unsigned char, unsigned long)
 .text._ZN7Sd2Card4initEhh
                0x00082574      0x150 C:\Users\dario\Documents\MATLAB\yeti\scanknob\bin\libraries\SD\utility\Sd2Card.cpp.o
                0x00082574                Sd2Card::init(unsigned char, unsigned char)
 .text._ZN7Sd2Card14waitStartBlockEv
                0x000826c4       0x3e C:\Users\dario\Documents\MATLAB\yeti\scanknob\bin\libraries\SD\utility\Sd2Card.cpp.o
                0x000826c4                Sd2Card::waitStartBlock()
 .text._ZN7Sd2Card8readDataEmttPh
                0x00082702       0xa4 C:\Users\dario\Documents\MATLAB\yeti\scanknob\bin\libraries\SD\utility\Sd2Card.cpp.o
                0x00082702                Sd2Card::readData(unsigned long, unsigned short, unsigned short, unsigned char*)
 .text._ZN7Sd2Card9readBlockEmPh
                0x000827a6       0x14 C:\Users\dario\Documents\MATLAB\yeti\scanknob\bin\libraries\SD\utility\Sd2Card.cpp.o
                0x000827a6                Sd2Card::readBlock(unsigned long, unsigned char*)
 .text._ZN7Sd2Card9writeDataEhPKh
                0x000827ba       0x48 C:\Users\dario\Documents\MATLAB\yeti\scanknob\bin\libraries\SD\utility\Sd2Card.cpp.o
                0x000827ba                Sd2Card::writeData(unsigned char, unsigned char const*)
 .text._ZN7Sd2Card10writeBlockEmPKh
                0x00082802       0x6c C:\Users\dario\Documents\MATLAB\yeti\scanknob\bin\libraries\SD\utility\Sd2Card.cpp.o
                0x00082802                Sd2Card::writeBlock(unsigned long, unsigned char const*)
 *fill*         0x0008286e        0x2 
 .text.startup._GLOBAL__sub_I__ZN7Sd2Card11cardCommandEhm
                0x00082870       0x14 C:\Users\dario\Documents\MATLAB\yeti\scanknob\bin\libraries\SD\utility\Sd2Card.cpp.o
 .text._ZN6SdFile10addClusterEv
                0x00082884       0x26 C:\Users\dario\Documents\MATLAB\yeti\scanknob\bin\libraries\SD\utility\SdFile.cpp.o
                0x00082884                SdFile::addCluster()
 .text._ZN6SdFile13addDirClusterEv
                0x000828aa       0x46 C:\Users\dario\Documents\MATLAB\yeti\scanknob\bin\libraries\SD\utility\SdFile.cpp.o
                0x000828aa                SdFile::addDirCluster()
 .text._ZN6SdFile13cacheDirEntryEh
                0x000828f0       0x1c C:\Users\dario\Documents\MATLAB\yeti\scanknob\bin\libraries\SD\utility\SdFile.cpp.o
                0x000828f0                SdFile::cacheDirEntry(unsigned char)
 .text._ZN6SdFile10make83NameEPKcPh
                0x0008290c       0x98 C:\Users\dario\Documents\MATLAB\yeti\scanknob\bin\libraries\SD\utility\SdFile.cpp.o
                0x0008290c                SdFile::make83Name(char const*, unsigned char*)
 .text._ZN6SdFile8openRootEP8SdVolume
                0x000829a4       0x50 C:\Users\dario\Documents\MATLAB\yeti\scanknob\bin\libraries\SD\utility\SdFile.cpp.o
                0x000829a4                SdFile::openRoot(SdVolume*)
 .text._ZN6SdFile4readEPvt
                0x000829f4      0x104 C:\Users\dario\Documents\MATLAB\yeti\scanknob\bin\libraries\SD\utility\SdFile.cpp.o
                0x000829f4                SdFile::read(void*, unsigned short)
 .text._ZN6SdFile12readDirCacheEv
                0x00082af8       0x44 C:\Users\dario\Documents\MATLAB\yeti\scanknob\bin\libraries\SD\utility\SdFile.cpp.o
                0x00082af8                SdFile::readDirCache()
 .text._ZN6SdFile7seekSetEm
                0x00082b3c       0x5e C:\Users\dario\Documents\MATLAB\yeti\scanknob\bin\libraries\SD\utility\SdFile.cpp.o
                0x00082b3c                SdFile::seekSet(unsigned long)
 *fill*         0x00082b9a        0x2 
 .text._ZN6SdFile4syncEv
                0x00082b9c       0x58 C:\Users\dario\Documents\MATLAB\yeti\scanknob\bin\libraries\SD\utility\SdFile.cpp.o
                0x00082b9c                SdFile::sync()
 .text._ZN6SdFile5closeEv
                0x00082bf4       0x12 C:\Users\dario\Documents\MATLAB\yeti\scanknob\bin\libraries\SD\utility\SdFile.cpp.o
                0x00082bf4                SdFile::close()
 *fill*         0x00082c06        0x2 
 .text._ZN6SdFile8truncateEm
                0x00082c08       0xb0 C:\Users\dario\Documents\MATLAB\yeti\scanknob\bin\libraries\SD\utility\SdFile.cpp.o
                0x00082c08                SdFile::truncate(unsigned long)
 .text._ZN6SdFile15openCachedEntryEhh
                0x00082cb8       0x7c C:\Users\dario\Documents\MATLAB\yeti\scanknob\bin\libraries\SD\utility\SdFile.cpp.o
                0x00082cb8                SdFile::openCachedEntry(unsigned char, unsigned char)
 .text._ZN6SdFile4openEPS_PKch
                0x00082d34      0x110 C:\Users\dario\Documents\MATLAB\yeti\scanknob\bin\libraries\SD\utility\SdFile.cpp.o
                0x00082d34                SdFile::open(SdFile*, char const*, unsigned char)
 .text._ZN6SdFile5writeEPKvt
                0x00082e44      0x194 C:\Users\dario\Documents\MATLAB\yeti\scanknob\bin\libraries\SD\utility\SdFile.cpp.o
                0x00082e44                SdFile::write(void const*, unsigned short)
 .text._ZN6SdFile5writeEh
                0x00082fd8       0x16 C:\Users\dario\Documents\MATLAB\yeti\scanknob\bin\libraries\SD\utility\SdFile.cpp.o
                0x00082fd8                SdFile::write(unsigned char)
 *fill*         0x00082fee        0x2 
 .text._ZN8SdVolume10cacheFlushEv
                0x00082ff0       0x4c C:\Users\dario\Documents\MATLAB\yeti\scanknob\bin\libraries\SD\utility\SdVolume.cpp.o
                0x00082ff0                SdVolume::cacheFlush()
 .text._ZN8SdVolume13cacheRawBlockEmh
                0x0008303c       0x48 C:\Users\dario\Documents\MATLAB\yeti\scanknob\bin\libraries\SD\utility\SdVolume.cpp.o
                0x0008303c                SdVolume::cacheRawBlock(unsigned long, unsigned char)
 .text._ZN8SdVolume14cacheZeroBlockEm
                0x00083084       0x38 C:\Users\dario\Documents\MATLAB\yeti\scanknob\bin\libraries\SD\utility\SdVolume.cpp.o
                0x00083084                SdVolume::cacheZeroBlock(unsigned long)
 .text._ZNK8SdVolume6fatGetEmPm
                0x000830bc       0x64 C:\Users\dario\Documents\MATLAB\yeti\scanknob\bin\libraries\SD\utility\SdVolume.cpp.o
                0x000830bc                SdVolume::fatGet(unsigned long, unsigned long*) const
 .text._ZNK8SdVolume9chainSizeEmPm
                0x00083120       0x44 C:\Users\dario\Documents\MATLAB\yeti\scanknob\bin\libraries\SD\utility\SdVolume.cpp.o
                0x00083120                SdVolume::chainSize(unsigned long, unsigned long*) const
 .text._ZN8SdVolume6fatPutEmm
                0x00083164       0x84 C:\Users\dario\Documents\MATLAB\yeti\scanknob\bin\libraries\SD\utility\SdVolume.cpp.o
                0x00083164                SdVolume::fatPut(unsigned long, unsigned long)
 .text._ZN8SdVolume15allocContiguousEmPm
                0x000831e8       0xb4 C:\Users\dario\Documents\MATLAB\yeti\scanknob\bin\libraries\SD\utility\SdVolume.cpp.o
                0x000831e8                SdVolume::allocContiguous(unsigned long, unsigned long*)
 .text._ZN8SdVolume9freeChainEm
                0x0008329c       0x48 C:\Users\dario\Documents\MATLAB\yeti\scanknob\bin\libraries\SD\utility\SdVolume.cpp.o
                0x0008329c                SdVolume::freeChain(unsigned long)
 .text._ZN8SdVolume4initEP7Sd2Cardh
                0x000832e4       0xf4 C:\Users\dario\Documents\MATLAB\yeti\scanknob\bin\libraries\SD\utility\SdVolume.cpp.o
                0x000832e4                SdVolume::init(Sd2Card*, unsigned char)
 .text._ZN12Adafruit_GFX8drawLineEsssst
                0x000833d8       0xc8 C:\Users\dario\Documents\MATLAB\yeti\scanknob\bin\libraries\Adafruit-GFX\Adafruit_GFX.cpp.o
                0x000833d8                Adafruit_GFX::drawLine(short, short, short, short, unsigned short)
 .text._ZN12Adafruit_GFX8drawRectEsssst
                0x000834a0       0x5e C:\Users\dario\Documents\MATLAB\yeti\scanknob\bin\libraries\Adafruit-GFX\Adafruit_GFX.cpp.o
                0x000834a0                Adafruit_GFX::drawRect(short, short, short, short, unsigned short)
 .text._ZN12Adafruit_GFX13drawFastVLineEssst
                0x000834fe       0x1c C:\Users\dario\Documents\MATLAB\yeti\scanknob\bin\libraries\Adafruit-GFX\Adafruit_GFX.cpp.o
                0x000834fe                Adafruit_GFX::drawFastVLine(short, short, short, unsigned short)
 .text._ZN12Adafruit_GFX13drawFastHLineEssst
                0x0008351a       0x1a C:\Users\dario\Documents\MATLAB\yeti\scanknob\bin\libraries\Adafruit-GFX\Adafruit_GFX.cpp.o
                0x0008351a                Adafruit_GFX::drawFastHLine(short, short, short, unsigned short)
 .text._ZN12Adafruit_GFX8fillRectEsssst
                0x00083534       0x3c C:\Users\dario\Documents\MATLAB\yeti\scanknob\bin\libraries\Adafruit-GFX\Adafruit_GFX.cpp.o
                0x00083534                Adafruit_GFX::fillRect(short, short, short, short, unsigned short)
 .text._ZN12Adafruit_GFX10fillScreenEt
                0x00083570       0x1c C:\Users\dario\Documents\MATLAB\yeti\scanknob\bin\libraries\Adafruit-GFX\Adafruit_GFX.cpp.o
                0x00083570                Adafruit_GFX::fillScreen(unsigned short)
 .text._ZN12Adafruit_GFX13invertDisplayEb
                0x0008358c        0x2 C:\Users\dario\Documents\MATLAB\yeti\scanknob\bin\libraries\Adafruit-GFX\Adafruit_GFX.cpp.o
                0x0008358c                Adafruit_GFX::invertDisplay(bool)
 *fill*         0x0008358e        0x2 
 .text._ZN12Adafruit_GFXC2Ess
                0x00083590       0x30 C:\Users\dario\Documents\MATLAB\yeti\scanknob\bin\libraries\Adafruit-GFX\Adafruit_GFX.cpp.o
                0x00083590                Adafruit_GFX::Adafruit_GFX(short, short)
                0x00083590                Adafruit_GFX::Adafruit_GFX(short, short)
 .text._ZN12Adafruit_GFX8drawCharEsshtth
                0x000835c0      0x24c C:\Users\dario\Documents\MATLAB\yeti\scanknob\bin\libraries\Adafruit-GFX\Adafruit_GFX.cpp.o
                0x000835c0                Adafruit_GFX::drawChar(short, short, unsigned char, unsigned short, unsigned short, unsigned char)
 .text._ZN12Adafruit_GFX5writeEh
                0x0008380c       0xf8 C:\Users\dario\Documents\MATLAB\yeti\scanknob\bin\libraries\Adafruit-GFX\Adafruit_GFX.cpp.o
                0x0008380c                Adafruit_GFX::write(unsigned char)
 .text._ZN12Adafruit_GFX9setCursorEss
                0x00083904        0x6 C:\Users\dario\Documents\MATLAB\yeti\scanknob\bin\libraries\Adafruit-GFX\Adafruit_GFX.cpp.o
                0x00083904                Adafruit_GFX::setCursor(short, short)
 .text._ZN12Adafruit_GFX11setTextSizeEh
                0x0008390a        0xa C:\Users\dario\Documents\MATLAB\yeti\scanknob\bin\libraries\Adafruit-GFX\Adafruit_GFX.cpp.o
                0x0008390a                Adafruit_GFX::setTextSize(unsigned char)
 .text._ZN12Adafruit_GFX12setTextColorEt
                0x00083914        0x6 C:\Users\dario\Documents\MATLAB\yeti\scanknob\bin\libraries\Adafruit-GFX\Adafruit_GFX.cpp.o
                0x00083914                Adafruit_GFX::setTextColor(unsigned short)
 .text._ZN12Adafruit_GFX12setTextColorEtt
                0x0008391a        0x6 C:\Users\dario\Documents\MATLAB\yeti\scanknob\bin\libraries\Adafruit-GFX\Adafruit_GFX.cpp.o
                0x0008391a                Adafruit_GFX::setTextColor(unsigned short, unsigned short)
 .text._ZNK12Adafruit_GFX5widthEv
                0x00083920        0x6 C:\Users\dario\Documents\MATLAB\yeti\scanknob\bin\libraries\Adafruit-GFX\Adafruit_GFX.cpp.o
                0x00083920                Adafruit_GFX::width() const
 .text._ZNK12Adafruit_GFX6heightEv
                0x00083926        0x6 C:\Users\dario\Documents\MATLAB\yeti\scanknob\bin\libraries\Adafruit-GFX\Adafruit_GFX.cpp.o
                0x00083926                Adafruit_GFX::height() const
 .text._ZL10SPI_0_Initv
                0x0008392c       0x48 C:\Users\dario\Documents\MATLAB\yeti\scanknob\bin\libraries\SPI\SPI.cpp.o
 .text._ZN8SPIClass4initEv
                0x00083974       0x36 C:\Users\dario\Documents\MATLAB\yeti\scanknob\bin\libraries\SPI\SPI.cpp.o
                0x00083974                SPIClass::init()
 *fill*         0x000839aa        0x2 
 .text._ZN8SPIClass16beginTransactionEh11SPISettings
                0x000839ac       0x98 C:\Users\dario\Documents\MATLAB\yeti\scanknob\bin\libraries\SPI\SPI.cpp.o
                0x000839ac                SPIClass::beginTransaction(unsigned char, SPISettings)
 .text._ZN8SPIClass14endTransactionEv
                0x00083a44       0x50 C:\Users\dario\Documents\MATLAB\yeti\scanknob\bin\libraries\SPI\SPI.cpp.o
                0x00083a44                SPIClass::endTransaction()
 .text._ZN8SPIClass11setDataModeEhh
                0x00083a94       0x34 C:\Users\dario\Documents\MATLAB\yeti\scanknob\bin\libraries\SPI\SPI.cpp.o
                0x00083a94                SPIClass::setDataMode(unsigned char, unsigned char)
 .text._ZN8SPIClass15setClockDividerEhh
                0x00083ac8       0x2e C:\Users\dario\Documents\MATLAB\yeti\scanknob\bin\libraries\SPI\SPI.cpp.o
                0x00083ac8                SPIClass::setClockDivider(unsigned char, unsigned char)
 .text._ZN8SPIClass5beginEv
                0x00083af6       0x22 C:\Users\dario\Documents\MATLAB\yeti\scanknob\bin\libraries\SPI\SPI.cpp.o
                0x00083af6                SPIClass::begin()
 .text._ZN8SPIClass8transferEhh15SPITransferMode
                0x00083b18       0x5e C:\Users\dario\Documents\MATLAB\yeti\scanknob\bin\libraries\SPI\SPI.cpp.o
                0x00083b18                SPIClass::transfer(unsigned char, unsigned char, SPITransferMode)
 *fill*         0x00083b76        0x2 
 .text.startup._GLOBAL__sub_I__ZN8SPIClassC2EP3SpimPFvvE
                0x00083b78       0x24 C:\Users\dario\Documents\MATLAB\yeti\scanknob\bin\libraries\SPI\SPI.cpp.o
 .text._ZN16Adafruit_ILI934110fillScreenEt
                0x00083b9c       0x1c C:\Users\dario\Documents\MATLAB\yeti\scanknob\bin\libraries\Adafruit_ILI9341\Adafruit_ILI9341.cpp.o
                0x00083b9c                Adafruit_ILI9341::fillScreen(unsigned short)
 .text._ZN8SPIClass16beginTransactionE11SPISettings
                0x00083bb8       0x12 C:\Users\dario\Documents\MATLAB\yeti\scanknob\bin\libraries\Adafruit_ILI9341\Adafruit_ILI9341.cpp.o
                0x00083bb8                SPIClass::beginTransaction(SPISettings)
 *fill*         0x00083bca        0x2 
 .text._ZN16Adafruit_ILI9341C2Eaaa
                0x00083bcc       0x34 C:\Users\dario\Documents\MATLAB\yeti\scanknob\bin\libraries\Adafruit_ILI9341\Adafruit_ILI9341.cpp.o
                0x00083bcc                Adafruit_ILI9341::Adafruit_ILI9341(signed char, signed char, signed char)
                0x00083bcc                Adafruit_ILI9341::Adafruit_ILI9341(signed char, signed char, signed char)
 .text._ZN16Adafruit_ILI93418spiwriteEh
                0x00083c00       0x54 C:\Users\dario\Documents\MATLAB\yeti\scanknob\bin\libraries\Adafruit_ILI9341\Adafruit_ILI9341.cpp.o
                0x00083c00                Adafruit_ILI9341::spiwrite(unsigned char)
 .text._ZN16Adafruit_ILI934112writecommandEh
                0x00083c54       0x2c C:\Users\dario\Documents\MATLAB\yeti\scanknob\bin\libraries\Adafruit_ILI9341\Adafruit_ILI9341.cpp.o
                0x00083c54                Adafruit_ILI9341::writecommand(unsigned char)
 .text._ZN16Adafruit_ILI934113invertDisplayEb
                0x00083c80       0x50 C:\Users\dario\Documents\MATLAB\yeti\scanknob\bin\libraries\Adafruit_ILI9341\Adafruit_ILI9341.cpp.o
                0x00083c80                Adafruit_ILI9341::invertDisplay(bool)
 .text._ZN16Adafruit_ILI93419writedataEh
                0x00083cd0       0x2a C:\Users\dario\Documents\MATLAB\yeti\scanknob\bin\libraries\Adafruit_ILI9341\Adafruit_ILI9341.cpp.o
                0x00083cd0                Adafruit_ILI9341::writedata(unsigned char)
 *fill*         0x00083cfa        0x2 
 .text._ZN16Adafruit_ILI93415beginEv
                0x00083cfc      0x3fc C:\Users\dario\Documents\MATLAB\yeti\scanknob\bin\libraries\Adafruit_ILI9341\Adafruit_ILI9341.cpp.o
                0x00083cfc                Adafruit_ILI9341::begin()
 .text._ZN16Adafruit_ILI934113setAddrWindowEtttt
                0x000840f8       0x6e C:\Users\dario\Documents\MATLAB\yeti\scanknob\bin\libraries\Adafruit_ILI9341\Adafruit_ILI9341.cpp.o
                0x000840f8                Adafruit_ILI9341::setAddrWindow(unsigned short, unsigned short, unsigned short, unsigned short)
 *fill*         0x00084166        0x2 
 .text._ZN16Adafruit_ILI93419drawPixelEsst
                0x00084168       0xa8 C:\Users\dario\Documents\MATLAB\yeti\scanknob\bin\libraries\Adafruit_ILI9341\Adafruit_ILI9341.cpp.o
                0x00084168                Adafruit_ILI9341::drawPixel(short, short, unsigned short)
 .text._ZN16Adafruit_ILI934113drawFastVLineEssst
                0x00084210       0xc0 C:\Users\dario\Documents\MATLAB\yeti\scanknob\bin\libraries\Adafruit_ILI9341\Adafruit_ILI9341.cpp.o
                0x00084210                Adafruit_ILI9341::drawFastVLine(short, short, short, unsigned short)
 .text._ZN16Adafruit_ILI934113drawFastHLineEssst
                0x000842d0       0xc4 C:\Users\dario\Documents\MATLAB\yeti\scanknob\bin\libraries\Adafruit_ILI9341\Adafruit_ILI9341.cpp.o
                0x000842d0                Adafruit_ILI9341::drawFastHLine(short, short, short, unsigned short)
 .text._ZN16Adafruit_ILI93418fillRectEsssst
                0x00084394       0xec C:\Users\dario\Documents\MATLAB\yeti\scanknob\bin\libraries\Adafruit_ILI9341\Adafruit_ILI9341.cpp.o
                0x00084394                Adafruit_ILI9341::fillRect(short, short, short, short, unsigned short)
 .text._ZN16Adafruit_ILI93419pushColorEt
                0x00084480       0x74 C:\Users\dario\Documents\MATLAB\yeti\scanknob\bin\libraries\Adafruit_ILI9341\Adafruit_ILI9341.cpp.o
                0x00084480                Adafruit_ILI9341::pushColor(unsigned short)
 .text._ZN16Adafruit_ILI93418color565Ehhh
                0x000844f4       0x14 C:\Users\dario\Documents\MATLAB\yeti\scanknob\bin\libraries\Adafruit_ILI9341\Adafruit_ILI9341.cpp.o
                0x000844f4                Adafruit_ILI9341::color565(unsigned char, unsigned char, unsigned char)
 .text._ZN16Adafruit_ILI934111setRotationEh
                0x00084508       0x88 C:\Users\dario\Documents\MATLAB\yeti\scanknob\bin\libraries\Adafruit_ILI9341\Adafruit_ILI9341.cpp.o
                0x00084508                Adafruit_ILI9341::setRotation(unsigned char)
 .text.PIO_PullUp
                0x00084590        0xa C:\Users\dario\AppData\Local\Arduino15\packages\arduino\hardware\sam\1.6.6\variants\arduino_due_x/libsam_sam3x8e_gcc_rel.a(pio.o)
                0x00084590                PIO_PullUp
 .text.PIO_SetPeripheral
                0x0008459a       0x26 C:\Users\dario\AppData\Local\Arduino15\packages\arduino\hardware\sam\1.6.6\variants\arduino_due_x/libsam_sam3x8e_gcc_rel.a(pio.o)
                0x0008459a                PIO_SetPeripheral
 .text.PIO_SetInput
                0x000845c0       0x26 C:\Users\dario\AppData\Local\Arduino15\packages\arduino\hardware\sam\1.6.6\variants\arduino_due_x/libsam_sam3x8e_gcc_rel.a(pio.o)
                0x000845c0                PIO_SetInput
 .text.PIO_SetOutput
                0x000845e6       0x24 C:\Users\dario\AppData\Local\Arduino15\packages\arduino\hardware\sam\1.6.6\variants\arduino_due_x/libsam_sam3x8e_gcc_rel.a(pio.o)
                0x000845e6                PIO_SetOutput
 *fill*         0x0008460a        0x2 
 .text.PIO_Configure
                0x0008460c       0x64 C:\Users\dario\AppData\Local\Arduino15\packages\arduino\hardware\sam\1.6.6\variants\arduino_due_x/libsam_sam3x8e_gcc_rel.a(pio.o)
                0x0008460c                PIO_Configure
 .text.PIO_GetOutputDataStatus
                0x00084670       0x14 C:\Users\dario\AppData\Local\Arduino15\packages\arduino\hardware\sam\1.6.6\variants\arduino_due_x/libsam_sam3x8e_gcc_rel.a(pio.o)
                0x00084670                PIO_GetOutputDataStatus
 .text.pmc_enable_upll_clock
                0x00084684       0x14 C:\Users\dario\AppData\Local\Arduino15\packages\arduino\hardware\sam\1.6.6\variants\arduino_due_x/libsam_sam3x8e_gcc_rel.a(pmc.o)
                0x00084684                pmc_enable_upll_clock
 .text.pmc_enable_periph_clk
                0x00084698       0x44 C:\Users\dario\AppData\Local\Arduino15\packages\arduino\hardware\sam\1.6.6\variants\arduino_due_x/libsam_sam3x8e_gcc_rel.a(pmc.o)
                0x00084698                pmc_enable_periph_clk
 .text.pmc_disable_periph_clk
                0x000846dc       0x40 C:\Users\dario\AppData\Local\Arduino15\packages\arduino\hardware\sam\1.6.6\variants\arduino_due_x/libsam_sam3x8e_gcc_rel.a(pmc.o)
                0x000846dc                pmc_disable_periph_clk
 .text.pmc_switch_udpck_to_upllck
                0x0008471c       0x14 C:\Users\dario\AppData\Local\Arduino15\packages\arduino\hardware\sam\1.6.6\variants\arduino_due_x/libsam_sam3x8e_gcc_rel.a(pmc.o)
                0x0008471c                pmc_switch_udpck_to_upllck
 .text.pmc_enable_udpck
                0x00084730        0xc C:\Users\dario\AppData\Local\Arduino15\packages\arduino\hardware\sam\1.6.6\variants\arduino_due_x/libsam_sam3x8e_gcc_rel.a(pmc.o)
                0x00084730                pmc_enable_udpck
 .text.SPI_Enable
                0x0008473c        0x6 C:\Users\dario\AppData\Local\Arduino15\packages\arduino\hardware\sam\1.6.6\variants\arduino_due_x/libsam_sam3x8e_gcc_rel.a(spi.o)
                0x0008473c                SPI_Enable
 *fill*         0x00084742        0x2 
 .text.SPI_Configure
                0x00084744       0x20 C:\Users\dario\AppData\Local\Arduino15\packages\arduino\hardware\sam\1.6.6\variants\arduino_due_x/libsam_sam3x8e_gcc_rel.a(spi.o)
                0x00084744                SPI_Configure
 .text.SPI_ConfigureNPCS
                0x00084764        0x8 C:\Users\dario\AppData\Local\Arduino15\packages\arduino\hardware\sam\1.6.6\variants\arduino_due_x/libsam_sam3x8e_gcc_rel.a(spi.o)
                0x00084764                SPI_ConfigureNPCS
 .text.TWI_SetClock
                0x0008476c       0x58 C:\Users\dario\AppData\Local\Arduino15\packages\arduino\hardware\sam\1.6.6\variants\arduino_due_x/libsam_sam3x8e_gcc_rel.a(twi.o)
                0x0008476c                TWI_SetClock
 .text.TWI_Disable
                0x000847c4       0x2c C:\Users\dario\AppData\Local\Arduino15\packages\arduino\hardware\sam\1.6.6\variants\arduino_due_x/libsam_sam3x8e_gcc_rel.a(twi.o)
                0x000847c4                TWI_Disable
 .text.TWI_ConfigureMaster
                0x000847f0       0x48 C:\Users\dario\AppData\Local\Arduino15\packages\arduino\hardware\sam\1.6.6\variants\arduino_due_x/libsam_sam3x8e_gcc_rel.a(twi.o)
                0x000847f0                TWI_ConfigureMaster
 .text.TWI_Stop
                0x00084838       0x28 C:\Users\dario\AppData\Local\Arduino15\packages\arduino\hardware\sam\1.6.6\variants\arduino_due_x/libsam_sam3x8e_gcc_rel.a(twi.o)
                0x00084838                TWI_Stop
 .text.TWI_StartRead
                0x00084860       0x70 C:\Users\dario\AppData\Local\Arduino15\packages\arduino\hardware\sam\1.6.6\variants\arduino_due_x/libsam_sam3x8e_gcc_rel.a(twi.o)
                0x00084860                TWI_StartRead
 .text.TWI_ReadByte
                0x000848d0       0x28 C:\Users\dario\AppData\Local\Arduino15\packages\arduino\hardware\sam\1.6.6\variants\arduino_due_x/libsam_sam3x8e_gcc_rel.a(twi.o)
                0x000848d0                TWI_ReadByte
 .text.TWI_WriteByte
                0x000848f8       0x24 C:\Users\dario\AppData\Local\Arduino15\packages\arduino\hardware\sam\1.6.6\variants\arduino_due_x/libsam_sam3x8e_gcc_rel.a(twi.o)
                0x000848f8                TWI_WriteByte
 .text.TWI_StartWrite
                0x0008491c       0x7c C:\Users\dario\AppData\Local\Arduino15\packages\arduino\hardware\sam\1.6.6\variants\arduino_due_x/libsam_sam3x8e_gcc_rel.a(twi.o)
                0x0008491c                TWI_StartWrite
 .text.TWI_EnableIt
                0x00084998       0x40 C:\Users\dario\AppData\Local\Arduino15\packages\arduino\hardware\sam\1.6.6\variants\arduino_due_x/libsam_sam3x8e_gcc_rel.a(twi.o)
                0x00084998                TWI_EnableIt
 .text.TWI_DisableIt
                0x000849d8       0x40 C:\Users\dario\AppData\Local\Arduino15\packages\arduino\hardware\sam\1.6.6\variants\arduino_due_x/libsam_sam3x8e_gcc_rel.a(twi.o)
                0x000849d8                TWI_DisableIt
 .text.TWI_GetStatus
                0x00084a18       0x28 C:\Users\dario\AppData\Local\Arduino15\packages\arduino\hardware\sam\1.6.6\variants\arduino_due_x/libsam_sam3x8e_gcc_rel.a(twi.o)
                0x00084a18                TWI_GetStatus
 .text.TWI_SendSTOPCondition
                0x00084a40       0x2c C:\Users\dario\AppData\Local\Arduino15\packages\arduino\hardware\sam\1.6.6\variants\arduino_due_x/libsam_sam3x8e_gcc_rel.a(twi.o)
                0x00084a40                TWI_SendSTOPCondition
 .text.Reset_Handler
                0x00084a6c       0x78 C:\Users\dario\AppData\Local\Arduino15\packages\arduino\hardware\sam\1.6.6\variants\arduino_due_x/libsam_sam3x8e_gcc_rel.a(startup_sam3xa.o)
                0x00084a6c                Reset_Handler
 .text.UOTGHS_Handler
                0x00084ae4       0x10 C:\Users\dario\AppData\Local\Arduino15\packages\arduino\hardware\sam\1.6.6\variants\arduino_due_x/libsam_sam3x8e_gcc_rel.a(uotghs.o)
                0x00084ae4                UOTGHS_Handler
 .text.attachInterrupt
                0x00084af4      0x148 C:\Users\dario\Documents\MATLAB\yeti\scanknob\bin/core\core.a(WInterrupts.c.o)
                0x00084af4                attachInterrupt
 .text.PIOA_Handler
                0x00084c3c       0x28 C:\Users\dario\Documents\MATLAB\yeti\scanknob\bin/core\core.a(WInterrupts.c.o)
                0x00084c3c                PIOA_Handler
 .text.PIOB_Handler
                0x00084c64       0x28 C:\Users\dario\Documents\MATLAB\yeti\scanknob\bin/core\core.a(WInterrupts.c.o)
                0x00084c64                PIOB_Handler
 .text.PIOC_Handler
                0x00084c8c       0x28 C:\Users\dario\Documents\MATLAB\yeti\scanknob\bin/core\core.a(WInterrupts.c.o)
                0x00084c8c                PIOC_Handler
 .text.PIOD_Handler
                0x00084cb4       0x28 C:\Users\dario\Documents\MATLAB\yeti\scanknob\bin/core\core.a(WInterrupts.c.o)
                0x00084cb4                PIOD_Handler
 .text.__halt   0x00084cdc        0x2 C:\Users\dario\Documents\MATLAB\yeti\scanknob\bin/core\core.a(cortex_handlers.c.o)
                0x00084cdc                DACC_Handler
                0x00084cdc                DebugMon_Handler
                0x00084cdc                DMAC_Handler
                0x00084cdc                TRNG_Handler
                0x00084cdc                HardFault_Handler
                0x00084cdc                TC2_Handler
                0x00084cdc                NMI_Handler
                0x00084cdc                TC7_Handler
                0x00084cdc                ADC_Handler
                0x00084cdc                SMC_Handler
                0x00084cdc                RTT_Handler
                0x00084cdc                EFC1_Handler
                0x00084cdc                RTC_Handler
                0x00084cdc                UsageFault_Handler
                0x00084cdc                TC6_Handler
                0x00084cdc                WDT_Handler
                0x00084cdc                CAN0_Handler
                0x00084cdc                TC4_Handler
                0x00084cdc                TC1_Handler
                0x00084cdc                HSMCI_Handler
                0x00084cdc                TC3_Handler
                0x00084cdc                SSC_Handler
                0x00084cdc                EFC0_Handler
                0x00084cdc                PMC_Handler
                0x00084cdc                PWM_Handler
                0x00084cdc                CAN1_Handler
                0x00084cdc                MemManage_Handler
                0x00084cdc                SUPC_Handler
                0x00084cdc                TC8_Handler
                0x00084cdc                USART2_Handler
                0x00084cdc                EMAC_Handler
                0x00084cdc                BusFault_Handler
                0x00084cdc                RSTC_Handler
                0x00084cdc                TC0_Handler
                0x00084cdc                TC5_Handler
                0x00084cdc                SPI0_Handler
 .text.SVC_Handler
                0x00084cde        0x4 C:\Users\dario\Documents\MATLAB\yeti\scanknob\bin/core\core.a(cortex_handlers.c.o)
                0x00084cde                SVC_Handler
 .text.PendSV_Handler
                0x00084ce2        0x4 C:\Users\dario\Documents\MATLAB\yeti\scanknob\bin/core\core.a(cortex_handlers.c.o)
                0x00084ce2                PendSV_Handler
 .text.SysTick_Handler
                0x00084ce6       0x16 C:\Users\dario\Documents\MATLAB\yeti\scanknob\bin/core\core.a(cortex_handlers.c.o)
                0x00084ce6                SysTick_Handler
 .text.__empty  0x00084cfc        0x2 C:\Users\dario\Documents\MATLAB\yeti\scanknob\bin/core\core.a(hooks.c.o)
                0x00084cfc                yield
 .text.__false  0x00084cfe        0x4 C:\Users\dario\Documents\MATLAB\yeti\scanknob\bin/core\core.a(hooks.c.o)
                0x00084cfe                sysTickHook
 .text.__halt   0x00084d02        0x2 C:\Users\dario\Documents\MATLAB\yeti\scanknob\bin/core\core.a(hooks.c.o)
                0x00084d02                svcHook
                0x00084d02                pendSVHook
 .text.millis   0x00084d04        0x4 C:\Users\dario\Documents\MATLAB\yeti\scanknob\bin/core\core.a(wiring.c.o)
                0x00084d04                millis
 .text.delay    0x00084d08       0x1c C:\Users\dario\Documents\MATLAB\yeti\scanknob\bin/core\core.a(wiring.c.o)
                0x00084d08                delay
 .text.pinMode  0x00084d24       0x64 C:\Users\dario\Documents\MATLAB\yeti\scanknob\bin/core\core.a(wiring_digital.c.o)
                0x00084d24                pinMode
 .text.digitalWrite
                0x00084d88       0x48 C:\Users\dario\Documents\MATLAB\yeti\scanknob\bin/core\core.a(wiring_digital.c.o)
                0x00084d88                digitalWrite
 .text._ZN5Print5writeEPKhj
                0x00084dd0       0x22 C:\Users\dario\Documents\MATLAB\yeti\scanknob\bin/core\core.a(Print.cpp.o)
                0x00084dd0                Print::write(unsigned char const*, unsigned int)
 .text._ZN5Print5writeEPKc
                0x00084df2       0x1e C:\Users\dario\Documents\MATLAB\yeti\scanknob\bin/core\core.a(Print.cpp.o)
                0x00084df2                Print::write(char const*)
 .text._ZN5Print5printEPKc
                0x00084e10        0x8 C:\Users\dario\Documents\MATLAB\yeti\scanknob\bin/core\core.a(Print.cpp.o)
                0x00084e10                Print::print(char const*)
 .text.initiateReset
                0x00084e18        0xc C:\Users\dario\Documents\MATLAB\yeti\scanknob\bin/core\core.a(Reset.cpp.o)
                0x00084e18                initiateReset
 .text.cancelReset
                0x00084e24       0x10 C:\Users\dario\Documents\MATLAB\yeti\scanknob\bin/core\core.a(Reset.cpp.o)
                0x00084e24                cancelReset
 .text.tickReset
                0x00084e34       0x20 C:\Users\dario\Documents\MATLAB\yeti\scanknob\bin/core\core.a(Reset.cpp.o)
                0x00084e34                tickReset
 .text._ZN6Stream9timedReadEv
                0x00084e54       0x2a C:\Users\dario\Documents\MATLAB\yeti\scanknob\bin/core\core.a(Stream.cpp.o)
                0x00084e54                Stream::timedRead()
 .text._ZN6Stream9readBytesEPcj
                0x00084e7e       0x22 C:\Users\dario\Documents\MATLAB\yeti\scanknob\bin/core\core.a(Stream.cpp.o)
                0x00084e7e                Stream::readBytes(char*, unsigned int)
 .text._ZN9UARTClasscvbEv
                0x00084ea0        0x4 C:\Users\dario\Documents\MATLAB\yeti\scanknob\bin/core\core.a(UARTClass.cpp.o)
                0x00084ea0                UARTClass::operator bool()
 .text._ZN9UARTClass9availableEv
                0x00084ea4       0x12 C:\Users\dario\Documents\MATLAB\yeti\scanknob\bin/core\core.a(UARTClass.cpp.o)
                0x00084ea4                UARTClass::available()
 .text._ZN9UARTClass4peekEv
                0x00084eb6       0x1c C:\Users\dario\Documents\MATLAB\yeti\scanknob\bin/core\core.a(UARTClass.cpp.o)
                0x00084eb6                UARTClass::peek()
 .text._ZN9UARTClass4readEv
                0x00084ed2       0x2a C:\Users\dario\Documents\MATLAB\yeti\scanknob\bin/core\core.a(UARTClass.cpp.o)
                0x00084ed2                UARTClass::read()
 .text._ZN9UARTClass5flushEv
                0x00084efc       0x18 C:\Users\dario\Documents\MATLAB\yeti\scanknob\bin/core\core.a(UARTClass.cpp.o)
                0x00084efc                UARTClass::flush()
 .text._ZN9UARTClass5writeEh
                0x00084f14       0x54 C:\Users\dario\Documents\MATLAB\yeti\scanknob\bin/core\core.a(UARTClass.cpp.o)
                0x00084f14                UARTClass::write(unsigned char)
 .text._ZN9UARTClass3endEv
                0x00084f68       0x3c C:\Users\dario\Documents\MATLAB\yeti\scanknob\bin/core\core.a(UARTClass.cpp.o)
                0x00084f68                UARTClass::end()
 .text._ZN9UARTClassC2EP4Uart4IRQnmP10RingBufferS4_
                0x00084fa4       0x24 C:\Users\dario\Documents\MATLAB\yeti\scanknob\bin/core\core.a(UARTClass.cpp.o)
                0x00084fa4                UARTClass::UARTClass(Uart*, IRQn, unsigned long, RingBuffer*, RingBuffer*)
                0x00084fa4                UARTClass::UARTClass(Uart*, IRQn, unsigned long, RingBuffer*, RingBuffer*)
 .text._ZN9UARTClass4initEmm
                0x00084fc8       0x70 C:\Users\dario\Documents\MATLAB\yeti\scanknob\bin/core\core.a(UARTClass.cpp.o)
                0x00084fc8                UARTClass::init(unsigned long, unsigned long)
 .text._ZN9UARTClass5beginEm
                0x00085038        0x8 C:\Users\dario\Documents\MATLAB\yeti\scanknob\bin/core\core.a(UARTClass.cpp.o)
                0x00085038                UARTClass::begin(unsigned long)
 .text._ZN9UARTClass10IrqHandlerEv
                0x00085040       0x5a C:\Users\dario\Documents\MATLAB\yeti\scanknob\bin/core\core.a(UARTClass.cpp.o)
                0x00085040                UARTClass::IrqHandler()
 .text.__cxa_pure_virtual
                0x0008509a        0x2 C:\Users\dario\Documents\MATLAB\yeti\scanknob\bin/core\core.a(abi.cpp.o)
                0x0008509a                __cxa_pure_virtual
 .text.initVariant
                0x0008509c        0x2 C:\Users\dario\Documents\MATLAB\yeti\scanknob\bin/core\core.a(main.cpp.o)
                0x0008509c                initVariant
 *fill*         0x0008509e        0x2 
 .text.startup.main
                0x000850a0       0x38 C:\Users\dario\Documents\MATLAB\yeti\scanknob\bin/core\core.a(main.cpp.o)
                0x000850a0                main
 .text._watchdogDefaultSetup
                0x000850d8        0xc C:\Users\dario\Documents\MATLAB\yeti\scanknob\bin/core\core.a(watchdog.cpp.o)
                0x000850d8                _watchdogDefaultSetup
                0x000850d8                watchdogSetup()
 .text.unlikely._ZL11USB_SendZlpv
                0x000850e4       0x20 C:\Users\dario\Documents\MATLAB\yeti\scanknob\bin/core\core.a(USBCore.cpp.o)
 .text._Z14USBD_Availablem
                0x00085104       0x2c C:\Users\dario\Documents\MATLAB\yeti\scanknob\bin/core\core.a(USBCore.cpp.o)
                0x00085104                USBD_Available(unsigned long)
 .text._Z9USBD_RecvmPvm
                0x00085130       0x7c C:\Users\dario\Documents\MATLAB\yeti\scanknob\bin/core\core.a(USBCore.cpp.o)
                0x00085130                USBD_Recv(unsigned long, void*, unsigned long)
 .text._Z9USBD_Recvm
                0x000851ac       0x22 C:\Users\dario\Documents\MATLAB\yeti\scanknob\bin/core\core.a(USBCore.cpp.o)
                0x000851ac                USBD_Recv(unsigned long)
 *fill*         0x000851ce        0x2 
 .text._Z9USBD_SendmPKvm
                0x000851d0       0x4c C:\Users\dario\Documents\MATLAB\yeti\scanknob\bin/core\core.a(USBCore.cpp.o)
                0x000851d0                USBD_Send(unsigned long, void const*, unsigned long)
 .text._Z16USBD_SendControlhPKvm
                0x0008521c       0x40 C:\Users\dario\Documents\MATLAB\yeti\scanknob\bin/core\core.a(USBCore.cpp.o)
                0x0008521c                USBD_SendControl(unsigned char, void const*, unsigned long)
 .text.unlikely._ZL24USB_SendStringDescriptorPKhi
                0x0008525c       0x38 C:\Users\dario\Documents\MATLAB\yeti\scanknob\bin/core\core.a(USBCore.cpp.o)
 .text._Z16USBD_RecvControlPvm
                0x00085294       0x1c C:\Users\dario\Documents\MATLAB\yeti\scanknob\bin/core\core.a(USBCore.cpp.o)
                0x00085294                USBD_RecvControl(void*, unsigned long)
 .text._Z26USBD_ClassInterfaceRequestR8USBSetup
                0x000852b0       0x1e C:\Users\dario\Documents\MATLAB\yeti\scanknob\bin/core\core.a(USBCore.cpp.o)
                0x000852b0                USBD_ClassInterfaceRequest(USBSetup&)
 .text._Z19USBD_SendInterfacesv
                0x000852ce       0x22 C:\Users\dario\Documents\MATLAB\yeti\scanknob\bin/core\core.a(USBCore.cpp.o)
                0x000852ce                USBD_SendInterfaces()
 .text._Z24USBD_SendOtherInterfacesv
                0x000852f0       0x22 C:\Users\dario\Documents\MATLAB\yeti\scanknob\bin/core\core.a(USBCore.cpp.o)
                0x000852f0                USBD_SendOtherInterfaces()
 .text._Z10USBD_Flushm
                0x00085312       0x16 C:\Users\dario\Documents\MATLAB\yeti\scanknob\bin/core\core.a(USBCore.cpp.o)
                0x00085312                USBD_Flush(unsigned long)
 .text._ZN10USBDevice_C2Ev
                0x00085328       0x24 C:\Users\dario\Documents\MATLAB\yeti\scanknob\bin/core\core.a(USBCore.cpp.o)
                0x00085328                USBDevice_::USBDevice_()
                0x00085328                USBDevice_::USBDevice_()
 .text._ZN10USBDevice_6attachEv
                0x0008534c       0x20 C:\Users\dario\Documents\MATLAB\yeti\scanknob\bin/core\core.a(USBCore.cpp.o)
                0x0008534c                USBDevice_::attach()
 .text.startup._GLOBAL__sub_I_EndPoints
                0x0008536c        0xc C:\Users\dario\Documents\MATLAB\yeti\scanknob\bin/core\core.a(USBCore.cpp.o)
 .text._ZL7USB_ISRv
                0x00085378      0x454 C:\Users\dario\Documents\MATLAB\yeti\scanknob\bin/core\core.a(USBCore.cpp.o)
 .text._Z11serialEventv
                0x000857cc        0x2 C:\Users\dario\Documents\MATLAB\yeti\scanknob\bin/core\core.a(variant.cpp.o)
                0x000857cc                serialEvent()
 *fill*         0x000857ce        0x2 
 .text.UART_Handler
                0x000857d0        0xc C:\Users\dario\Documents\MATLAB\yeti\scanknob\bin/core\core.a(variant.cpp.o)
                0x000857d0                UART_Handler
 .text._Z12serialEvent1v
                0x000857dc        0x2 C:\Users\dario\Documents\MATLAB\yeti\scanknob\bin/core\core.a(variant.cpp.o)
                0x000857dc                serialEvent1()
 .text._Z12serialEvent2v
                0x000857de        0x2 C:\Users\dario\Documents\MATLAB\yeti\scanknob\bin/core\core.a(variant.cpp.o)
                0x000857de                serialEvent2()
 .text._Z12serialEvent3v
                0x000857e0        0x2 C:\Users\dario\Documents\MATLAB\yeti\scanknob\bin/core\core.a(variant.cpp.o)
                0x000857e0                serialEvent3()
 *fill*         0x000857e2        0x2 
 .text.USART0_Handler
                0x000857e4        0xc C:\Users\dario\Documents\MATLAB\yeti\scanknob\bin/core\core.a(variant.cpp.o)
                0x000857e4                USART0_Handler
 .text.USART1_Handler
                0x000857f0        0xc C:\Users\dario\Documents\MATLAB\yeti\scanknob\bin/core\core.a(variant.cpp.o)
                0x000857f0                USART1_Handler
 .text.USART3_Handler
                0x000857fc        0xc C:\Users\dario\Documents\MATLAB\yeti\scanknob\bin/core\core.a(variant.cpp.o)
                0x000857fc                USART3_Handler
 .text.init     0x00085808      0x128 C:\Users\dario\Documents\MATLAB\yeti\scanknob\bin/core\core.a(variant.cpp.o)
                0x00085808                init
 .text.startup._GLOBAL__sub_I_g_APinDescription
                0x00085930       0xd4 C:\Users\dario\Documents\MATLAB\yeti\scanknob\bin/core\core.a(variant.cpp.o)
 .text._Z14serialEventRunv
                0x00085a04       0x44 C:\Users\dario\Documents\MATLAB\yeti\scanknob\bin/core\core.a(variant.cpp.o)
                0x00085a04                serialEventRun()
 .text.analogOutputInit
                0x00085a48       0x14 C:\Users\dario\Documents\MATLAB\yeti\scanknob\bin/core\core.a(wiring_analog.c.o)
                0x00085a48                analogOutputInit
 .text._ZN10RingBufferC2Ev
                0x00085a5c       0x1a C:\Users\dario\Documents\MATLAB\yeti\scanknob\bin/core\core.a(RingBuffer.cpp.o)
                0x00085a5c                RingBuffer::RingBuffer()
                0x00085a5c                RingBuffer::RingBuffer()
 .text._ZN10RingBuffer10store_charEh
                0x00085a76       0x1e C:\Users\dario\Documents\MATLAB\yeti\scanknob\bin/core\core.a(RingBuffer.cpp.o)
                0x00085a76                RingBuffer::store_char(unsigned char)
 .text._ZN10USARTClass5beginEm
                0x00085a94        0x8 C:\Users\dario\Documents\MATLAB\yeti\scanknob\bin/core\core.a(USARTClass.cpp.o)
                0x00085a94                USARTClass::begin(unsigned long)
 .text._ZN10USARTClassC2EP5Usart4IRQnmP10RingBufferS4_
                0x00085a9c       0x24 C:\Users\dario\Documents\MATLAB\yeti\scanknob\bin/core\core.a(USARTClass.cpp.o)
                0x00085a9c                USARTClass::USARTClass(Usart*, IRQn, unsigned long, RingBuffer*, RingBuffer*)
                0x00085a9c                USARTClass::USARTClass(Usart*, IRQn, unsigned long, RingBuffer*, RingBuffer*)
 .text._ZN7Serial_9availableEv
                0x00085ac0       0x18 C:\Users\dario\Documents\MATLAB\yeti\scanknob\bin/core\core.a(CDC.cpp.o)
                0x00085ac0                Serial_::available()
 .text._ZN7Serial_4peekEv
                0x00085ad8       0x20 C:\Users\dario\Documents\MATLAB\yeti\scanknob\bin/core\core.a(CDC.cpp.o)
                0x00085ad8                Serial_::peek()
 .text._ZN7Serial_5writeEh
                0x00085af8       0x16 C:\Users\dario\Documents\MATLAB\yeti\scanknob\bin/core\core.a(CDC.cpp.o)
                0x00085af8                Serial_::write(unsigned char)
 *fill*         0x00085b0e        0x2 
 .text._ZN7Serial_4readEv
                0x00085b10       0x44 C:\Users\dario\Documents\MATLAB\yeti\scanknob\bin/core\core.a(CDC.cpp.o)
                0x00085b10                Serial_::read()
 .text._ZN7Serial_5flushEv
                0x00085b54        0x6 C:\Users\dario\Documents\MATLAB\yeti\scanknob\bin/core\core.a(CDC.cpp.o)
                0x00085b54                Serial_::flush()
 *fill*         0x00085b5a        0x2 
 .text._ZN7Serial_6acceptEv
                0x00085b5c       0x70 C:\Users\dario\Documents\MATLAB\yeti\scanknob\bin/core\core.a(CDC.cpp.o)
                0x00085b5c                Serial_::accept()
 .text._ZN7Serial_5writeEPKhj
                0x00085bcc       0x2c C:\Users\dario\Documents\MATLAB\yeti\scanknob\bin/core\core.a(CDC.cpp.o)
                0x00085bcc                Serial_::write(unsigned char const*, unsigned int)
 .text._Z16CDC_GetInterfacePh
                0x00085bf8       0x14 C:\Users\dario\Documents\MATLAB\yeti\scanknob\bin/core\core.a(CDC.cpp.o)
                0x00085bf8                CDC_GetInterface(unsigned char*)
 .text._Z21CDC_GetOtherInterfacePh
                0x00085c0c       0x14 C:\Users\dario\Documents\MATLAB\yeti\scanknob\bin/core\core.a(CDC.cpp.o)
                0x00085c0c                CDC_GetOtherInterface(unsigned char*)
 .text._Z9CDC_SetupR8USBSetup
                0x00085c20       0x64 C:\Users\dario\Documents\MATLAB\yeti\scanknob\bin/core\core.a(CDC.cpp.o)
                0x00085c20                CDC_Setup(USBSetup&)
 .text.startup._GLOBAL__sub_I_cdc_rx_buffer
                0x00085c84       0x1c C:\Users\dario\Documents\MATLAB\yeti\scanknob\bin/core\core.a(CDC.cpp.o)
 .text._ZN13PluggableUSB_12getInterfaceEPh
                0x00085ca0       0x28 C:\Users\dario\Documents\MATLAB\yeti\scanknob\bin/core\core.a(PluggableUSB.cpp.o)
                0x00085ca0                PluggableUSB_::getInterface(unsigned char*)
 .text._ZN13PluggableUSB_13getDescriptorER8USBSetup
                0x00085cc8       0x1c C:\Users\dario\Documents\MATLAB\yeti\scanknob\bin/core\core.a(PluggableUSB.cpp.o)
                0x00085cc8                PluggableUSB_::getDescriptor(USBSetup&)
 .text._ZN13PluggableUSB_12getShortNameEPc
                0x00085ce4       0x1c C:\Users\dario\Documents\MATLAB\yeti\scanknob\bin/core\core.a(PluggableUSB.cpp.o)
                0x00085ce4                PluggableUSB_::getShortName(char*)
 .text._ZN13PluggableUSB_5setupER8USBSetup
                0x00085d00       0x20 C:\Users\dario\Documents\MATLAB\yeti\scanknob\bin/core\core.a(PluggableUSB.cpp.o)
                0x00085d00                PluggableUSB_::setup(USBSetup&)
 .text._Z12PluggableUSBv
                0x00085d20       0x28 C:\Users\dario\Documents\MATLAB\yeti\scanknob\bin/core\core.a(PluggableUSB.cpp.o)
                0x00085d20                PluggableUSB()
 .text.TimeTick_Increment
                0x00085d48       0x10 C:\Users\dario\AppData\Local\Arduino15\packages\arduino\hardware\sam\1.6.6\variants\arduino_due_x/libsam_sam3x8e_gcc_rel.a(timetick.o)
                0x00085d48                TimeTick_Increment
 .text.GetTickCount
                0x00085d58        0xc C:\Users\dario\AppData\Local\Arduino15\packages\arduino\hardware\sam\1.6.6\variants\arduino_due_x/libsam_sam3x8e_gcc_rel.a(timetick.o)
                0x00085d58                GetTickCount
 .text.WDT_Disable
                0x00085d64        0x8 C:\Users\dario\AppData\Local\Arduino15\packages\arduino\hardware\sam\1.6.6\variants\arduino_due_x/libsam_sam3x8e_gcc_rel.a(wdt.o)
                0x00085d64                WDT_Disable
 .text.SystemInit
                0x00085d6c       0x88 C:\Users\dario\AppData\Local\Arduino15\packages\arduino\hardware\sam\1.6.6\variants\arduino_due_x/libsam_sam3x8e_gcc_rel.a(system_sam3xa.o)
                0x00085d6c                SystemInit
 .text.adc_init
                0x00085df4       0x98 C:\Users\dario\AppData\Local\Arduino15\packages\arduino\hardware\sam\1.6.6\variants\arduino_due_x/libsam_sam3x8e_gcc_rel.a(adc.o)
                0x00085df4                adc_init
 .text.adc_configure_trigger
                0x00085e8c        0xe C:\Users\dario\AppData\Local\Arduino15\packages\arduino\hardware\sam\1.6.6\variants\arduino_due_x/libsam_sam3x8e_gcc_rel.a(adc.o)
                0x00085e8c                adc_configure_trigger
 .text.adc_configure_timing
                0x00085e9a       0x1a C:\Users\dario\AppData\Local\Arduino15\packages\arduino\hardware\sam\1.6.6\variants\arduino_due_x/libsam_sam3x8e_gcc_rel.a(adc.o)
                0x00085e9a                adc_configure_timing
 .text.adc_disable_all_channel
                0x00085eb4        0x8 C:\Users\dario\AppData\Local\Arduino15\packages\arduino\hardware\sam\1.6.6\variants\arduino_due_x/libsam_sam3x8e_gcc_rel.a(adc.o)
                0x00085eb4                adc_disable_all_channel
 .text.adc_disable_interrupt
                0x00085ebc        0x4 C:\Users\dario\AppData\Local\Arduino15\packages\arduino\hardware\sam\1.6.6\variants\arduino_due_x/libsam_sam3x8e_gcc_rel.a(adc.o)
                0x00085ebc                adc_disable_interrupt
 .text.UDD_SetStack
                0x00085ec0        0xc C:\Users\dario\AppData\Local\Arduino15\packages\arduino\hardware\sam\1.6.6\variants\arduino_due_x/libsam_sam3x8e_gcc_rel.a(uotghs_device.o)
                0x00085ec0                UDD_SetStack
 .text.UDD_Init
                0x00085ecc       0xd0 C:\Users\dario\AppData\Local\Arduino15\packages\arduino\hardware\sam\1.6.6\variants\arduino_due_x/libsam_sam3x8e_gcc_rel.a(uotghs_device.o)
                0x00085ecc                UDD_Init
 .text.UDD_Attach
                0x00085f9c       0x50 C:\Users\dario\AppData\Local\Arduino15\packages\arduino\hardware\sam\1.6.6\variants\arduino_due_x/libsam_sam3x8e_gcc_rel.a(uotghs_device.o)
                0x00085f9c                UDD_Attach
 .text.UDD_InitEP
                0x00085fec       0x2c C:\Users\dario\AppData\Local\Arduino15\packages\arduino\hardware\sam\1.6.6\variants\arduino_due_x/libsam_sam3x8e_gcc_rel.a(uotghs_device.o)
                0x00085fec                UDD_InitEP
 .text.UDD_InitEndpoints
                0x00086018       0x3c C:\Users\dario\AppData\Local\Arduino15\packages\arduino\hardware\sam\1.6.6\variants\arduino_due_x/libsam_sam3x8e_gcc_rel.a(uotghs_device.o)
                0x00086018                UDD_InitEndpoints
 .text.UDD_WaitIN
                0x00086054       0x10 C:\Users\dario\AppData\Local\Arduino15\packages\arduino\hardware\sam\1.6.6\variants\arduino_due_x/libsam_sam3x8e_gcc_rel.a(uotghs_device.o)
                0x00086054                UDD_WaitIN
 .text.UDD_WaitOUT
                0x00086064       0x10 C:\Users\dario\AppData\Local\Arduino15\packages\arduino\hardware\sam\1.6.6\variants\arduino_due_x/libsam_sam3x8e_gcc_rel.a(uotghs_device.o)
                0x00086064                UDD_WaitOUT
 .text.UDD_ClearIN
                0x00086074       0x18 C:\Users\dario\AppData\Local\Arduino15\packages\arduino\hardware\sam\1.6.6\variants\arduino_due_x/libsam_sam3x8e_gcc_rel.a(uotghs_device.o)
                0x00086074                UDD_ClearIN
 .text.UDD_ClearOUT
                0x0008608c       0x18 C:\Users\dario\AppData\Local\Arduino15\packages\arduino\hardware\sam\1.6.6\variants\arduino_due_x/libsam_sam3x8e_gcc_rel.a(uotghs_device.o)
                0x0008608c                UDD_ClearOUT
 .text.UDD_ReceivedSetupInt
                0x000860a4       0x10 C:\Users\dario\AppData\Local\Arduino15\packages\arduino\hardware\sam\1.6.6\variants\arduino_due_x/libsam_sam3x8e_gcc_rel.a(uotghs_device.o)
                0x000860a4                UDD_ReceivedSetupInt
 .text.UDD_ClearSetupInt
                0x000860b4       0x10 C:\Users\dario\AppData\Local\Arduino15\packages\arduino\hardware\sam\1.6.6\variants\arduino_due_x/libsam_sam3x8e_gcc_rel.a(uotghs_device.o)
                0x000860b4                UDD_ClearSetupInt
 .text.UDD_Send
                0x000860c4       0x88 C:\Users\dario\AppData\Local\Arduino15\packages\arduino\hardware\sam\1.6.6\variants\arduino_due_x/libsam_sam3x8e_gcc_rel.a(uotghs_device.o)
                0x000860c4                UDD_Send
 .text.UDD_Send8
                0x0008614c       0x24 C:\Users\dario\AppData\Local\Arduino15\packages\arduino\hardware\sam\1.6.6\variants\arduino_due_x/libsam_sam3x8e_gcc_rel.a(uotghs_device.o)
                0x0008614c                UDD_Send8
 .text.UDD_Recv8
                0x00086170       0x28 C:\Users\dario\AppData\Local\Arduino15\packages\arduino\hardware\sam\1.6.6\variants\arduino_due_x/libsam_sam3x8e_gcc_rel.a(uotghs_device.o)
                0x00086170                UDD_Recv8
 .text.UDD_Recv
                0x00086198       0x34 C:\Users\dario\AppData\Local\Arduino15\packages\arduino\hardware\sam\1.6.6\variants\arduino_due_x/libsam_sam3x8e_gcc_rel.a(uotghs_device.o)
                0x00086198                UDD_Recv
 .text.UDD_Stall
                0x000861cc       0x14 C:\Users\dario\AppData\Local\Arduino15\packages\arduino\hardware\sam\1.6.6\variants\arduino_due_x/libsam_sam3x8e_gcc_rel.a(uotghs_device.o)
                0x000861cc                UDD_Stall
 .text.UDD_FifoByteCount
                0x000861e0       0x14 C:\Users\dario\AppData\Local\Arduino15\packages\arduino\hardware\sam\1.6.6\variants\arduino_due_x/libsam_sam3x8e_gcc_rel.a(uotghs_device.o)
                0x000861e0                UDD_FifoByteCount
 .text.UDD_ReleaseRX
                0x000861f4       0x28 C:\Users\dario\AppData\Local\Arduino15\packages\arduino\hardware\sam\1.6.6\variants\arduino_due_x/libsam_sam3x8e_gcc_rel.a(uotghs_device.o)
                0x000861f4                UDD_ReleaseRX
 .text.UDD_ReleaseTX
                0x0008621c       0x28 C:\Users\dario\AppData\Local\Arduino15\packages\arduino\hardware\sam\1.6.6\variants\arduino_due_x/libsam_sam3x8e_gcc_rel.a(uotghs_device.o)
                0x0008621c                UDD_ReleaseTX
 .text.UDD_SetAddress
                0x00086244       0x20 C:\Users\dario\AppData\Local\Arduino15\packages\arduino\hardware\sam\1.6.6\variants\arduino_due_x/libsam_sam3x8e_gcc_rel.a(uotghs_device.o)
                0x00086244                UDD_SetAddress
 .text.cos      0x00086264       0x8c c:/users/dario/appdata/local/arduino15/packages/arduino/tools/arm-none-eabi-gcc/4.8.3-2014q1/bin/../lib/gcc/arm-none-eabi/4.8.3/../../../../arm-none-eabi/lib/armv7-m\libm.a(lib_a-s_cos.o)
                0x00086264                cos
 .text.sin      0x000862f0       0x94 c:/users/dario/appdata/local/arduino15/packages/arduino/tools/arm-none-eabi-gcc/4.8.3-2014q1/bin/../lib/gcc/arm-none-eabi/4.8.3/../../../../arm-none-eabi/lib/armv7-m\libm.a(lib_a-s_sin.o)
                0x000862f0                sin
 *fill*         0x00086384        0x4 
 .text.__ieee754_rem_pio2
                0x00086388      0x440 c:/users/dario/appdata/local/arduino15/packages/arduino/tools/arm-none-eabi-gcc/4.8.3-2014q1/bin/../lib/gcc/arm-none-eabi/4.8.3/../../../../arm-none-eabi/lib/armv7-m\libm.a(lib_a-e_rem_pio2.o)
                0x00086388                __ieee754_rem_pio2
 .text.__kernel_cos
                0x000867c8      0x248 c:/users/dario/appdata/local/arduino15/packages/arduino/tools/arm-none-eabi-gcc/4.8.3-2014q1/bin/../lib/gcc/arm-none-eabi/4.8.3/../../../../arm-none-eabi/lib/armv7-m\libm.a(lib_a-k_cos.o)
                0x000867c8                __kernel_cos
 .text.__kernel_rem_pio2
                0x00086a10      0x7bc c:/users/dario/appdata/local/arduino15/packages/arduino/tools/arm-none-eabi-gcc/4.8.3-2014q1/bin/../lib/gcc/arm-none-eabi/4.8.3/../../../../arm-none-eabi/lib/armv7-m\libm.a(lib_a-k_rem_pio2.o)
                0x00086a10                __kernel_rem_pio2
 *fill*         0x000871cc        0x4 
 .text.__kernel_sin
                0x000871d0      0x170 c:/users/dario/appdata/local/arduino15/packages/arduino/tools/arm-none-eabi-gcc/4.8.3-2014q1/bin/../lib/gcc/arm-none-eabi/4.8.3/../../../../arm-none-eabi/lib/armv7-m\libm.a(lib_a-k_sin.o)
                0x000871d0                __kernel_sin
 .text.fabs     0x00087340        0x8 c:/users/dario/appdata/local/arduino15/packages/arduino/tools/arm-none-eabi-gcc/4.8.3-2014q1/bin/../lib/gcc/arm-none-eabi/4.8.3/../../../../arm-none-eabi/lib/armv7-m\libm.a(lib_a-s_fabs.o)
                0x00087340                fabs
 .text.floor    0x00087348      0x120 c:/users/dario/appdata/local/arduino15/packages/arduino/tools/arm-none-eabi-gcc/4.8.3-2014q1/bin/../lib/gcc/arm-none-eabi/4.8.3/../../../../arm-none-eabi/lib/armv7-m\libm.a(lib_a-s_floor.o)
                0x00087348                floor
 .text.scalbn   0x00087468      0x100 c:/users/dario/appdata/local/arduino15/packages/arduino/tools/arm-none-eabi-gcc/4.8.3-2014q1/bin/../lib/gcc/arm-none-eabi/4.8.3/../../../../arm-none-eabi/lib/armv7-m\libm.a(lib_a-s_scalbn.o)
                0x00087468                scalbn
 .text.copysign
                0x00087568       0x14 c:/users/dario/appdata/local/arduino15/packages/arduino/tools/arm-none-eabi-gcc/4.8.3-2014q1/bin/../lib/gcc/arm-none-eabi/4.8.3/../../../../arm-none-eabi/lib/armv7-m\libm.a(lib_a-s_copysign.o)
                0x00087568                copysign
 .text          0x0008757c      0x370 c:/users/dario/appdata/local/arduino15/packages/arduino/tools/arm-none-eabi-gcc/4.8.3-2014q1/bin/../lib/gcc/arm-none-eabi/4.8.3/armv7-m\libgcc.a(_arm_addsubdf3.o)
                0x0008757c                __aeabi_drsub
                0x00087584                __aeabi_dsub
                0x00087584                __subdf3
                0x00087588                __aeabi_dadd
                0x00087588                __adddf3
                0x00087800                __floatunsidf
                0x00087800                __aeabi_ui2d
                0x00087820                __floatsidf
                0x00087820                __aeabi_i2d
                0x00087844                __aeabi_f2d
                0x00087844                __extendsfdf2
                0x00087880                __floatundidf
                0x00087880                __aeabi_ul2d
                0x00087890                __floatdidf
                0x00087890                __aeabi_l2d
 .text          0x000878ec      0x424 c:/users/dario/appdata/local/arduino15/packages/arduino/tools/arm-none-eabi-gcc/4.8.3-2014q1/bin/../lib/gcc/arm-none-eabi/4.8.3/armv7-m\libgcc.a(_arm_muldivdf3.o)
                0x000878ec                __aeabi_dmul
                0x000878ec                __muldf3
                0x00087b40                __divdf3
                0x00087b40                __aeabi_ddiv
 .text          0x00087d10      0x110 c:/users/dario/appdata/local/arduino15/packages/arduino/tools/arm-none-eabi-gcc/4.8.3-2014q1/bin/../lib/gcc/arm-none-eabi/4.8.3/armv7-m\libgcc.a(_arm_cmpdf2.o)
                0x00087d10                __gtdf2
                0x00087d10                __gedf2
                0x00087d18                __ltdf2
                0x00087d18                __ledf2
                0x00087d20                __nedf2
                0x00087d20                __eqdf2
                0x00087d20                __cmpdf2
                0x00087d9c                __aeabi_cdrcmple
                0x00087dac                __aeabi_cdcmpeq
                0x00087dac                __aeabi_cdcmple
                0x00087dbc                __aeabi_dcmpeq
                0x00087dd0                __aeabi_dcmplt
                0x00087de4                __aeabi_dcmple
                0x00087df8                __aeabi_dcmpge
                0x00087e0c                __aeabi_dcmpgt
 .text          0x00087e20       0x50 c:/users/dario/appdata/local/arduino15/packages/arduino/tools/arm-none-eabi-gcc/4.8.3-2014q1/bin/../lib/gcc/arm-none-eabi/4.8.3/armv7-m\libgcc.a(_arm_fixdfsi.o)
                0x00087e20                __aeabi_d2iz
                0x00087e20                __fixdfsi
 .text          0x00087e70      0x21c c:/users/dario/appdata/local/arduino15/packages/arduino/tools/arm-none-eabi-gcc/4.8.3-2014q1/bin/../lib/gcc/arm-none-eabi/4.8.3/armv7-m\libgcc.a(_arm_addsubsf3.o)
                0x00087e70                __aeabi_frsub
                0x00087e78                __subsf3
                0x00087e78                __aeabi_fsub
                0x00087e7c                __aeabi_fadd
                0x00087e7c                __addsf3
                0x00087fdc                __aeabi_ui2f
                0x00087fdc                __floatunsisf
                0x00087fe4                __aeabi_i2f
                0x00087fe4                __floatsisf
                0x00088000                __aeabi_ul2f
                0x00088000                __floatundisf
                0x00088010                __aeabi_l2f
                0x00088010                __floatdisf
 .text          0x0008808c      0x2a0 c:/users/dario/appdata/local/arduino15/packages/arduino/tools/arm-none-eabi-gcc/4.8.3-2014q1/bin/../lib/gcc/arm-none-eabi/4.8.3/armv7-m\libgcc.a(_arm_muldivsf3.o)
                0x0008808c                __mulsf3
                0x0008808c                __aeabi_fmul
                0x000881f4                __aeabi_fdiv
                0x000881f4                __divsf3
 .text          0x0008832c       0xec c:/users/dario/appdata/local/arduino15/packages/arduino/tools/arm-none-eabi-gcc/4.8.3-2014q1/bin/../lib/gcc/arm-none-eabi/4.8.3/armv7-m\libgcc.a(_arm_cmpsf2.o)
                0x0008832c                __gesf2
                0x0008832c                __gtsf2
                0x00088334                __lesf2
                0x00088334                __ltsf2
                0x0008833c                __nesf2
                0x0008833c                __eqsf2
                0x0008833c                __cmpsf2
                0x0008839c                __aeabi_cfrcmple
                0x000883a4                __aeabi_cfcmpeq
                0x000883a4                __aeabi_cfcmple
                0x000883b4                __aeabi_fcmpeq
                0x000883c8                __aeabi_fcmplt
                0x000883dc                __aeabi_fcmple