Archive member included because of file (symbol)

C:\Users\dario\AppData\Local\Arduino15\packages\arduino\hardware\sam\1.6.6\variants\arduino_due_x/libsam_sam3x8e_gcc_rel.a(pio.o)
                              C:\Users\dario\AppData\Local\Temp\build1ceaca70f9ba01cc98cb43f206966e97.tmp\libraries\SPI\SPI.cpp.o (PIO_Configure)
C:\Users\dario\AppData\Local\Arduino15\packages\arduino\hardware\sam\1.6.6\variants\arduino_due_x/libsam_sam3x8e_gcc_rel.a(pmc.o)
                              C:\Users\dario\AppData\Local\Temp\build1ceaca70f9ba01cc98cb43f206966e97.tmp\libraries\Wire\Wire.cpp.o (pmc_enable_periph_clk)
C:\Users\dario\AppData\Local\Arduino15\packages\arduino\hardware\sam\1.6.6\variants\arduino_due_x/libsam_sam3x8e_gcc_rel.a(spi.o)
                              C:\Users\dario\AppData\Local\Temp\build1ceaca70f9ba01cc98cb43f206966e97.tmp\libraries\SPI\SPI.cpp.o (SPI_Enable)
C:\Users\dario\AppData\Local\Arduino15\packages\arduino\hardware\sam\1.6.6\variants\arduino_due_x/libsam_sam3x8e_gcc_rel.a(twi.o)
                              C:\Users\dario\AppData\Local\Temp\build1ceaca70f9ba01cc98cb43f206966e97.tmp\libraries\Wire\Wire.cpp.o (TWI_SetClock)
C:\Users\dario\AppData\Local\Arduino15\packages\arduino\hardware\sam\1.6.6\variants\arduino_due_x/libsam_sam3x8e_gcc_rel.a(startup_sam3xa.o)
                              (Reset_Handler)
C:\Users\dario\AppData\Local\Arduino15\packages\arduino\hardware\sam\1.6.6\variants\arduino_due_x/libsam_sam3x8e_gcc_rel.a(uotghs.o)
                              C:\Users\dario\AppData\Local\Arduino15\packages\arduino\hardware\sam\1.6.6\variants\arduino_due_x/libsam_sam3x8e_gcc_rel.a(startup_sam3xa.o) (UOTGHS_Handler)
C:\Users\dario\AppData\Local\Temp\build1ceaca70f9ba01cc98cb43f206966e97.tmp/core\core.a(WInterrupts.c.o)
                              C:\Users\dario\AppData\Local\Temp\build1ceaca70f9ba01cc98cb43f206966e97.tmp\sketch\scanknob_v3.ino.cpp.o (attachInterrupt)
C:\Users\dario\AppData\Local\Temp\build1ceaca70f9ba01cc98cb43f206966e97.tmp/core\core.a(cortex_handlers.c.o)
                              C:\Users\dario\AppData\Local\Arduino15\packages\arduino\hardware\sam\1.6.6\variants\arduino_due_x/libsam_sam3x8e_gcc_rel.a(startup_sam3xa.o) (NMI_Handler)
C:\Users\dario\AppData\Local\Temp\build1ceaca70f9ba01cc98cb43f206966e97.tmp/core\core.a(hooks.c.o)
                              C:\Users\dario\AppData\Local\Temp\build1ceaca70f9ba01cc98cb43f206966e97.tmp/core\core.a(cortex_handlers.c.o) (sysTickHook)
C:\Users\dario\AppData\Local\Temp\build1ceaca70f9ba01cc98cb43f206966e97.tmp/core\core.a(wiring.c.o)
                              C:\Users\dario\AppData\Local\Temp\build1ceaca70f9ba01cc98cb43f206966e97.tmp\sketch\scanknob_v3.ino.cpp.o (millis)
C:\Users\dario\AppData\Local\Temp\build1ceaca70f9ba01cc98cb43f206966e97.tmp/core\core.a(wiring_digital.c.o)
                              C:\Users\dario\AppData\Local\Temp\build1ceaca70f9ba01cc98cb43f206966e97.tmp\sketch\scanknob_v3.ino.cpp.o (pinMode)
C:\Users\dario\AppData\Local\Temp\build1ceaca70f9ba01cc98cb43f206966e97.tmp/core\core.a(Print.cpp.o)
                              C:\Users\dario\AppData\Local\Temp\build1ceaca70f9ba01cc98cb43f206966e97.tmp\libraries\Adafruit-GFX\Adafruit_GFX.cpp.o (Print::write(unsigned char const*, unsigned int))
C:\Users\dario\AppData\Local\Temp\build1ceaca70f9ba01cc98cb43f206966e97.tmp/core\core.a(Reset.cpp.o)
                              C:\Users\dario\AppData\Local\Temp\build1ceaca70f9ba01cc98cb43f206966e97.tmp/core\core.a(cortex_handlers.c.o) (tickReset)
C:\Users\dario\AppData\Local\Temp\build1ceaca70f9ba01cc98cb43f206966e97.tmp/core\core.a(Stream.cpp.o)
                              C:\Users\dario\AppData\Local\Temp\build1ceaca70f9ba01cc98cb43f206966e97.tmp\sketch\scanknob_v3.ino.cpp.o (Stream::readBytes(char*, unsigned int))
C:\Users\dario\AppData\Local\Temp\build1ceaca70f9ba01cc98cb43f206966e97.tmp/core\core.a(UARTClass.cpp.o)
                              C:\Users\dario\AppData\Local\Temp\build1ceaca70f9ba01cc98cb43f206966e97.tmp\sketch\scanknob_v3.ino.cpp.o (UARTClass::available())
C:\Users\dario\AppData\Local\Temp\build1ceaca70f9ba01cc98cb43f206966e97.tmp/core\core.a(WString.cpp.o)
                              C:\Users\dario\AppData\Local\Temp\build1ceaca70f9ba01cc98cb43f206966e97.tmp/core\core.a(Stream.cpp.o) (String::String(char const*))
C:\Users\dario\AppData\Local\Temp\build1ceaca70f9ba01cc98cb43f206966e97.tmp/core\core.a(abi.cpp.o)
                              C:\Users\dario\AppData\Local\Temp\build1ceaca70f9ba01cc98cb43f206966e97.tmp\libraries\Adafruit-GFX\Adafruit_GFX.cpp.o (__cxa_pure_virtual)
C:\Users\dario\AppData\Local\Temp\build1ceaca70f9ba01cc98cb43f206966e97.tmp/core\core.a(main.cpp.o)
                              c:/users/dario/appdata/local/arduino15/packages/arduino/tools/arm-none-eabi-gcc/4.8.3-2014q1/bin/../lib/gcc/arm-none-eabi/4.8.3/../../../../arm-none-eabi/lib/armv7-m/crt0.o (main)
[...]
Memory Configuration

Name             Origin             Length             Attributes
rom              0x00080000         0x00080000         xr
sram0            0x20000000         0x00010000         xrw
sram1            0x20080000         0x00008000         xrw
ram              0x20070000         0x00018000         xrw
*default*        0x00000000         0xffffffff

Linker script and memory map

LOAD c:/users/dario/appdata/local/arduino15/packages/arduino/tools/arm-none-eabi-gcc/4.8.3-2014q1/bin/../lib/gcc/arm-none-eabi/4.8.3/armv7-m/crti.o
LOAD c:/users/dario/appdata/local/arduino15/packages/arduino/tools/arm-none-eabi-gcc/4.8.3-2014q1/bin/../lib/gcc/arm-none-eabi/4.8.3/armv7-m/crtbegin.o
LOAD c:/users/dario/appdata/local/arduino15/packages/arduino/tools/arm-none-eabi-gcc/4.8.3-2014q1/bin/../lib/gcc/arm-none-eabi/4.8.3/../../../../arm-none-eabi/lib/armv7-m/crt0.o
START GROUP
LOAD C:\Users\dario\AppData\Local\Temp\build1ceaca70f9ba01cc98cb43f206966e97.tmp/core/syscalls_sam3.c.o
LOAD C:\Users\dario\AppData\Local\Temp\build1ceaca70f9ba01cc98cb43f206966e97.tmp\sketch\scanknob_v3.ino.cpp.o
LOAD C:\Users\dario\AppData\Local\Temp\build1ceaca70f9ba01cc98cb43f206966e97.tmp\libraries\Encoder\Encoder.cpp.o
LOAD C:\Users\dario\AppData\Local\Temp\build1ceaca70f9ba01cc98cb43f206966e97.tmp\libraries\Adafruit-GFX\glcdfont.c.o
LOAD C:\Users\dario\AppData\Local\Temp\build1ceaca70f9ba01cc98cb43f206966e97.tmp\libraries\Adafruit-GFX\Adafruit_GFX.cpp.o
LOAD C:\Users\dario\AppData\Local\Temp\build1ceaca70f9ba01cc98cb43f206966e97.tmp\libraries\SPI\SPI.cpp.o
LOAD C:\Users\dario\AppData\Local\Temp\build1ceaca70f9ba01cc98cb43f206966e97.tmp\libraries\Adafruit_ILI9341\Adafruit_ILI9341.cpp.o
LOAD C:\Users\dario\AppData\Local\Temp\build1ceaca70f9ba01cc98cb43f206966e97.tmp\libraries\Wire\Wire.cpp.o
LOAD C:\Users\dario\AppData\Local\Temp\build1ceaca70f9ba01cc98cb43f206966e97.tmp\libraries\Adafruit_FT6206\Adafruit_FT6206.cpp.o
LOAD C:\Users\dario\AppData\Local\Temp\build1ceaca70f9ba01cc98cb43f206966e97.tmp\libraries\SD\File.cpp.o
LOAD C:\Users\dario\AppData\Local\Temp\build1ceaca70f9ba01cc98cb43f206966e97.tmp\libraries\SD\SD.cpp.o
LOAD C:\Users\dario\AppData\Local\Temp\build1ceaca70f9ba01cc98cb43f206966e97.tmp\libraries\SD\utility\Sd2Card.cpp.o
LOAD C:\Users\dario\AppData\Local\Temp\build1ceaca70f9ba01cc98cb43f206966e97.tmp\libraries\SD\utility\SdFile.cpp.o
LOAD C:\Users\dario\AppData\Local\Temp\build1ceaca70f9ba01cc98cb43f206966e97.tmp\libraries\SD\utility\SdVolume.cpp.o
LOAD C:\Users\dario\AppData\Local\Arduino15\packages\arduino\hardware\sam\1.6.6\variants\arduino_due_x/libsam_sam3x8e_gcc_rel.a
LOAD C:\Users\dario\AppData\Local\Temp\build1ceaca70f9ba01cc98cb43f206966e97.tmp/core\core.a
END GROUP
LOAD c:/users/dario/appdata/local/arduino15/packages/arduino/tools/arm-none-eabi-gcc/4.8.3-2014q1/bin/../lib/gcc/arm-none-eabi/4.8.3/../../../../arm-none-eabi/lib/armv7-m\libm.a
START GROUP
LOAD c:/users/dario/appdata/local/arduino15/packages/arduino/tools/arm-none-eabi-gcc/4.8.3-2014q1/bin/../lib/gcc/arm-none-eabi/4.8.3/armv7-m\libgcc.a
LOAD c:/users/dario/appdata/local/arduino15/packages/arduino/tools/arm-none-eabi-gcc/4.8.3-2014q1/bin/../lib/gcc/arm-none-eabi/4.8.3/../../../../arm-none-eabi/lib/armv7-m\libg.a
LOAD c:/users/dario/appdata/local/arduino15/packages/arduino/tools/arm-none-eabi-gcc/4.8.3-2014q1/bin/../lib/gcc/arm-none-eabi/4.8.3/../../../../arm-none-eabi/lib/armv7-m\libc.a
END GROUP
LOAD c:/users/dario/appdata/local/arduino15/packages/arduino/tools/arm-none-eabi-gcc/4.8.3-2014q1/bin/../lib/gcc/arm-none-eabi/4.8.3/armv7-m/crtend.o
LOAD c:/users/dario/appdata/local/arduino15/packages/arduino/tools/arm-none-eabi-gcc/4.8.3-2014q1/bin/../lib/gcc/arm-none-eabi/4.8.3/armv7-m/crtn.o

.text           0x00080000     0xcbb4
                0x00080000                . = ALIGN (0x4)
                0x00080000                _sfixed = .
 *(.vectors .vectors.*)
 .vectors       0x00080000       0xf4 C:\Users\dario\AppData\Local\Arduino15\packages\arduino\hardware\sam\1.6.6\variants\arduino_due_x/libsam_sam3x8e_gcc_rel.a(startup_sam3xa.o)
                0x00080000                exception_table
 *(.text .text.* .gnu.linkonce.t.*)
 .text          0x000800f4       0x54 c:/users/dario/appdata/local/arduino15/packages/arduino/tools/arm-none-eabi-gcc/4.8.3-2014q1/bin/../lib/gcc/arm-none-eabi/4.8.3/armv7-m/crtbegin.o
 .text._sbrk    0x00080148       0x1c C:\Users\dario\AppData\Local\Temp\build1ceaca70f9ba01cc98cb43f206966e97.tmp/core/syscalls_sam3.c.o
                0x00080148                _sbrk
 .text._close   0x00080164        0x6 C:\Users\dario\AppData\Local\Temp\build1ceaca70f9ba01cc98cb43f206966e97.tmp/core/syscalls_sam3.c.o
                0x00080164                _close
 .text._fstat   0x0008016a        0xa C:\Users\dario\AppData\Local\Temp\build1ceaca70f9ba01cc98cb43f206966e97.tmp/core/syscalls_sam3.c.o
                0x0008016a                _fstat
 .text._isatty  0x00080174        0x4 C:\Users\dario\AppData\Local\Temp\build1ceaca70f9ba01cc98cb43f206966e97.tmp/core/syscalls_sam3.c.o
                0x00080174                _isatty
 .text._lseek   0x00080178        0x4 C:\Users\dario\AppData\Local\Temp\build1ceaca70f9ba01cc98cb43f206966e97.tmp/core/syscalls_sam3.c.o
                0x00080178                _lseek
 .text._read    0x0008017c        0x4 C:\Users\dario\AppData\Local\Temp\build1ceaca70f9ba01cc98cb43f206966e97.tmp/core/syscalls_sam3.c.o
                0x0008017c                _read
 .text._write   0x00080180       0x24 C:\Users\dario\AppData\Local\Temp\build1ceaca70f9ba01cc98cb43f206966e97.tmp/core/syscalls_sam3.c.o
                0x00080180                _write
 .text._exit    0x000801a4       0x10 C:\Users\dario\AppData\Local\Temp\build1ceaca70f9ba01cc98cb43f206966e97.tmp/core/syscalls_sam3.c.o
                0x000801a4                _exit
 .text._kill    0x000801b4        0x2 C:\Users\dario\AppData\Local\Temp\build1ceaca70f9ba01cc98cb43f206966e97.tmp/core/syscalls_sam3.c.o
                0x000801b4                _kill
 .text._getpid  0x000801b6        0x6 C:\Users\dario\AppData\Local\Temp\build1ceaca70f9ba01cc98cb43f206966e97.tmp/core/syscalls_sam3.c.o
                0x000801b6                _getpid
 .text._ZN7Encoder6updateEP24Encoder_internal_state_t
                0x000801bc       0x5c C:\Users\dario\AppData\Local\Temp\build1ceaca70f9ba01cc98cb43f206966e97.tmp\sketch\scanknob_v3.ino.cpp.o
                0x000801bc                Encoder::update(Encoder_internal_state_t*)
 .text._ZN7Encoder4readEv
                0x00080218       0x1a C:\Users\dario\AppData\Local\Temp\build1ceaca70f9ba01cc98cb43f206966e97.tmp\sketch\scanknob_v3.ino.cpp.o
                0x00080218                Encoder::read()
 *fill*         0x00080232        0x2 
 .text._ZN7Encoder5isr53Ev
                0x00080234       0x14 C:\Users\dario\AppData\Local\Temp\build1ceaca70f9ba01cc98cb43f206966e97.tmp\sketch\scanknob_v3.ino.cpp.o
                0x00080234                Encoder::isr53()
 .text._ZN7Encoder5isr52Ev
                0x00080248       0x14 C:\Users\dario\AppData\Local\Temp\build1ceaca70f9ba01cc98cb43f206966e97.tmp\sketch\scanknob_v3.ino.cpp.o
                0x00080248                Encoder::isr52()
 .text._ZN7Encoder5isr51Ev
                0x0008025c       0x14 C:\Users\dario\AppData\Local\Temp\build1ceaca70f9ba01cc98cb43f206966e97.tmp\sketch\scanknob_v3.ino.cpp.o
                0x0008025c                Encoder::isr51()
 .text._ZN7Encoder5isr50Ev
                0x00080270       0x14 C:\Users\dario\AppData\Local\Temp\build1ceaca70f9ba01cc98cb43f206966e97.tmp\sketch\scanknob_v3.ino.cpp.o
                0x00080270                Encoder::isr50()
 .text._ZN7Encoder5isr49Ev
                0x00080284       0x14 C:\Users\dario\AppData\Local\Temp\build1ceaca70f9ba01cc98cb43f206966e97.tmp\sketch\scanknob_v3.ino.cpp.o
                0x00080284                Encoder::isr49()
 .text._ZN7Encoder5isr48Ev
                0x00080298       0x14 C:\Users\dario\AppData\Local\Temp\build1ceaca70f9ba01cc98cb43f206966e97.tmp\sketch\scanknob_v3.ino.cpp.o
                0x00080298                Encoder::isr48()
 .text._ZN7Encoder5isr47Ev
                0x000802ac       0x14 C:\Users\dario\AppData\Local\Temp\build1ceaca70f9ba01cc98cb43f206966e97.tmp\sketch\scanknob_v3.ino.cpp.o
                0x000802ac                Encoder::isr47()
 .text._ZN7Encoder5isr46Ev
                0x000802c0       0x14 C:\Users\dario\AppData\Local\Temp\build1ceaca70f9ba01cc98cb43f206966e97.tmp\sketch\scanknob_v3.ino.cpp.o
                0x000802c0                Encoder::isr46()
 .text._ZN7Encoder5isr45Ev
                0x000802d4       0x14 C:\Users\dario\AppData\Local\Temp\build1ceaca70f9ba01cc98cb43f206966e97.tmp\sketch\scanknob_v3.ino.cpp.o
                0x000802d4                Encoder::isr45()
 .text._ZN7Encoder5isr44Ev
                0x000802e8       0x14 C:\Users\dario\AppData\Local\Temp\build1ceaca70f9ba01cc98cb43f206966e97.tmp\sketch\scanknob_v3.ino.cpp.o
                0x000802e8                Encoder::isr44()
 .text._ZN7Encoder5isr43Ev
                0x000802fc       0x14 C:\Users\dario\AppData\Local\Temp\build1ceaca70f9ba01cc98cb43f206966e97.tmp\sketch\scanknob_v3.ino.cpp.o
                0x000802fc                Encoder::isr43()
 .text._ZN7Encoder5isr42Ev
                0x00080310       0x14 C:\Users\dario\AppData\Local\Temp\build1ceaca70f9ba01cc98cb43f206966e97.tmp\sketch\scanknob_v3.ino.cpp.o
                0x00080310                Encoder::isr42()
 .text._ZN7Encoder5isr41Ev
                0x00080324       0x14 C:\Users\dario\AppData\Local\Temp\build1ceaca70f9ba01cc98cb43f206966e97.tmp\sketch\scanknob_v3.ino.cpp.o
                0x00080324                Encoder::isr41()
 .text._ZN7Encoder5isr40Ev
                0x00080338       0x14 C:\Users\dario\AppData\Local\Temp\build1ceaca70f9ba01cc98cb43f206966e97.tmp\sketch\scanknob_v3.ino.cpp.o
                0x00080338                Encoder::isr40()
 .text._ZN7Encoder5isr39Ev
                0x0008034c       0x14 C:\Users\dario\AppData\Local\Temp\build1ceaca70f9ba01cc98cb43f206966e97.tmp\sketch\scanknob_v3.ino.cpp.o
                0x0008034c                Encoder::isr39()
 .text._ZN7Encoder5isr38Ev
                0x00080360       0x14 C:\Users\dario\AppData\Local\Temp\build1ceaca70f9ba01cc98cb43f206966e97.tmp\sketch\scanknob_v3.ino.cpp.o
                0x00080360                Encoder::isr38()
 .text._ZN7Encoder5isr37Ev
                0x00080374       0x14 C:\Users\dario\AppData\Local\Temp\build1ceaca70f9ba01cc98cb43f206966e97.tmp\sketch\scanknob_v3.ino.cpp.o
                0x00080374                Encoder::isr37()
 .text._ZN7Encoder5isr36Ev
                0x00080388       0x14 C:\Users\dario\AppData\Local\Temp\build1ceaca70f9ba01cc98cb43f206966e97.tmp\sketch\scanknob_v3.ino.cpp.o
                0x00080388                Encoder::isr36()
 .text._ZN7Encoder5isr35Ev
                0x0008039c       0x14 C:\Users\dario\AppData\Local\Temp\build1ceaca70f9ba01cc98cb43f206966e97.tmp\sketch\scanknob_v3.ino.cpp.o
                0x0008039c                Encoder::isr35()
 .text._ZN7Encoder5isr34Ev
                0x000803b0       0x14 C:\Users\dario\AppData\Local\Temp\build1ceaca70f9ba01cc98cb43f206966e97.tmp\sketch\scanknob_v3.ino.cpp.o
                0x000803b0                Encoder::isr34()
 .text._ZN7Encoder5isr33Ev
                0x000803c4       0x14 C:\Users\dario\AppData\Local\Temp\build1ceaca70f9ba01cc98cb43f206966e97.tmp\sketch\scanknob_v3.ino.cpp.o
                0x000803c4                Encoder::isr33()
 .text._ZN7Encoder5isr32Ev
                0x000803d8       0x14 C:\Users\dario\AppData\Local\Temp\build1ceaca70f9ba01cc98cb43f206966e97.tmp\sketch\scanknob_v3.ino.cpp.o
                0x000803d8                Encoder::isr32()
 .text._ZN7Encoder5isr31Ev
                0x000803ec       0x10 C:\Users\dario\AppData\Local\Temp\build1ceaca70f9ba01cc98cb43f206966e97.tmp\sketch\scanknob_v3.ino.cpp.o
                0x000803ec                Encoder::isr31()
 .text._ZN7Encoder5isr30Ev
                0x000803fc       0x10 C:\Users\dario\AppData\Local\Temp\build1ceaca70f9ba01cc98cb43f206966e97.tmp\sketch\scanknob_v3.ino.cpp.o
                0x000803fc                Encoder::isr30()
 .text._ZN7Encoder5isr29Ev
                0x0008040c       0x10 C:\Users\dario\AppData\Local\Temp\build1ceaca70f9ba01cc98cb43f206966e97.tmp\sketch\scanknob_v3.ino.cpp.o
                0x0008040c                Encoder::isr29()
 .text._ZN7Encoder5isr28Ev
                0x0008041c       0x10 C:\Users\dario\AppData\Local\Temp\build1ceaca70f9ba01cc98cb43f206966e97.tmp\sketch\scanknob_v3.ino.cpp.o
                0x0008041c                Encoder::isr28()
 .text._ZN7Encoder5isr27Ev
                0x0008042c       0x10 C:\Users\dario\AppData\Local\Temp\build1ceaca70f9ba01cc98cb43f206966e97.tmp\sketch\scanknob_v3.ino.cpp.o
                0x0008042c                Encoder::isr27()
 .text._ZN7Encoder5isr26Ev
                0x0008043c       0x10 C:\Users\dario\AppData\Local\Temp\build1ceaca70f9ba01cc98cb43f206966e97.tmp\sketch\scanknob_v3.ino.cpp.o
                0x0008043c                Encoder::isr26()
 .text._ZN7Encoder5isr25Ev
                0x0008044c       0x10 C:\Users\dario\AppData\Local\Temp\build1ceaca70f9ba01cc98cb43f206966e97.tmp\sketch\scanknob_v3.ino.cpp.o
                0x0008044c                Encoder::isr25()
 .text._ZN7Encoder5isr24Ev
                0x0008045c       0x10 C:\Users\dario\AppData\Local\Temp\build1ceaca70f9ba01cc98cb43f206966e97.tmp\sketch\scanknob_v3.ino.cpp.o
                0x0008045c                Encoder::isr24()
 .text._ZN7Encoder5isr23Ev
                0x0008046c       0x10 C:\Users\dario\AppData\Local\Temp\build1ceaca70f9ba01cc98cb43f206966e97.tmp\sketch\scanknob_v3.ino.cpp.o
                0x0008046c                Encoder::isr23()
 .text._ZN7Encoder5isr22Ev
                0x0008047c       0x10 C:\Users\dario\AppData\Local\Temp\build1ceaca70f9ba01cc98cb43f206966e97.tmp\sketch\scanknob_v3.ino.cpp.o
                0x0008047c                Encoder::isr22()
 .text._ZN7Encoder5isr21Ev
                0x0008048c       0x10 C:\Users\dario\AppData\Local\Temp\build1ceaca70f9ba01cc98cb43f206966e97.tmp\sketch\scanknob_v3.ino.cpp.o
                0x0008048c                Encoder::isr21()
 .text._ZN7Encoder5isr20Ev
                0x0008049c       0x10 C:\Users\dario\AppData\Local\Temp\build1ceaca70f9ba01cc98cb43f206966e97.tmp\sketch\scanknob_v3.ino.cpp.o
                0x0008049c                Encoder::isr20()
 .text._ZN7Encoder5isr19Ev
                0x000804ac       0x10 C:\Users\dario\AppData\Local\Temp\build1ceaca70f9ba01cc98cb43f206966e97.tmp\sketch\scanknob_v3.ino.cpp.o
                0x000804ac                Encoder::isr19()
 .text._ZN7Encoder5isr18Ev
                0x000804bc       0x10 C:\Users\dario\AppData\Local\Temp\build1ceaca70f9ba01cc98cb43f206966e97.tmp\sketch\scanknob_v3.ino.cpp.o
                0x000804bc                Encoder::isr18()
 .text._ZN7Encoder5isr17Ev
                0x000804cc       0x10 C:\Users\dario\AppData\Local\Temp\build1ceaca70f9ba01cc98cb43f206966e97.tmp\sketch\scanknob_v3.ino.cpp.o
                0x000804cc                Encoder::isr17()
 .text._ZN7Encoder5isr16Ev
                0x000804dc       0x10 C:\Users\dario\AppData\Local\Temp\build1ceaca70f9ba01cc98cb43f206966e97.tmp\sketch\scanknob_v3.ino.cpp.o
                0x000804dc                Encoder::isr16()
 .text._ZN7Encoder5isr15Ev
                0x000804ec       0x10 C:\Users\dario\AppData\Local\Temp\build1ceaca70f9ba01cc98cb43f206966e97.tmp\sketch\scanknob_v3.ino.cpp.o
                0x000804ec                Encoder::isr15()
 .text._ZN7Encoder5isr14Ev
                0x000804fc       0x10 C:\Users\dario\AppData\Local\Temp\build1ceaca70f9ba01cc98cb43f206966e97.tmp\sketch\scanknob_v3.ino.cpp.o
                0x000804fc                Encoder::isr14()
 .text._ZN7Encoder5isr13Ev
                0x0008050c       0x10 C:\Users\dario\AppData\Local\Temp\build1ceaca70f9ba01cc98cb43f206966e97.tmp\sketch\scanknob_v3.ino.cpp.o
                0x0008050c                Encoder::isr13()
 .text._ZN7Encoder5isr12Ev
                0x0008051c       0x10 C:\Users\dario\AppData\Local\Temp\build1ceaca70f9ba01cc98cb43f206966e97.tmp\sketch\scanknob_v3.ino.cpp.o
                0x0008051c                Encoder::isr12()
 .text._ZN7Encoder5isr11Ev
                0x0008052c       0x10 C:\Users\dario\AppData\Local\Temp\build1ceaca70f9ba01cc98cb43f206966e97.tmp\sketch\scanknob_v3.ino.cpp.o
                0x0008052c                Encoder::isr11()
 .text._ZN7Encoder5isr10Ev
                0x0008053c       0x10 C:\Users\dario\AppData\Local\Temp\build1ceaca70f9ba01cc98cb43f206966e97.tmp\sketch\scanknob_v3.ino.cpp.o
                0x0008053c                Encoder::isr10()
 .text._ZN7Encoder4isr9Ev
                0x0008054c       0x10 C:\Users\dario\AppData\Local\Temp\build1ceaca70f9ba01cc98cb43f206966e97.tmp\sketch\scanknob_v3.ino.cpp.o
                0x0008054c                Encoder::isr9()
 .text._ZN7Encoder4isr8Ev
                0x0008055c       0x10 C:\Users\dario\AppData\Local\Temp\build1ceaca70f9ba01cc98cb43f206966e97.tmp\sketch\scanknob_v3.ino.cpp.o
                0x0008055c                Encoder::isr8()
 .text._ZN7Encoder4isr7Ev
                0x0008056c       0x10 C:\Users\dario\AppData\Local\Temp\build1ceaca70f9ba01cc98cb43f206966e97.tmp\sketch\scanknob_v3.ino.cpp.o
                0x0008056c                Encoder::isr7()
 .text._ZN7Encoder4isr6Ev
                0x0008057c       0x10 C:\Users\dario\AppData\Local\Temp\build1ceaca70f9ba01cc98cb43f206966e97.tmp\sketch\scanknob_v3.ino.cpp.o
                0x0008057c                Encoder::isr6()
 .text._ZN7Encoder4isr5Ev
                0x0008058c       0x10 C:\Users\dario\AppData\Local\Temp\build1ceaca70f9ba01cc98cb43f206966e97.tmp\sketch\scanknob_v3.ino.cpp.o
                0x0008058c                Encoder::isr5()
 .text._ZN7Encoder4isr4Ev
                0x0008059c       0x10 C:\Users\dario\AppData\Local\Temp\build1ceaca70f9ba01cc98cb43f206966e97.tmp\sketch\scanknob_v3.ino.cpp.o
                0x0008059c                Encoder::isr4()
 .text._ZN7Encoder4isr3Ev
                0x000805ac       0x10 C:\Users\dario\AppData\Local\Temp\build1ceaca70f9ba01cc98cb43f206966e97.tmp\sketch\scanknob_v3.ino.cpp.o
                0x000805ac                Encoder::isr3()
 .text._ZN7Encoder4isr2Ev
                0x000805bc       0x10 C:\Users\dario\AppData\Local\Temp\build1ceaca70f9ba01cc98cb43f206966e97.tmp\sketch\scanknob_v3.ino.cpp.o
                0x000805bc                Encoder::isr2()
 .text._ZN7Encoder4isr1Ev
                0x000805cc       0x10 C:\Users\dario\AppData\Local\Temp\build1ceaca70f9ba01cc98cb43f206966e97.tmp\sketch\scanknob_v3.ino.cpp.o
                0x000805cc                Encoder::isr1()
 .text._ZN7Encoder4isr0Ev
                0x000805dc       0x10 C:\Users\dario\AppData\Local\Temp\build1ceaca70f9ba01cc98cb43f206966e97.tmp\sketch\scanknob_v3.ino.cpp.o
                0x000805dc                Encoder::isr0()
 .text._ZN7Encoder16attach_interruptEhP24Encoder_internal_state_t
                0x000805ec      0x3ac C:\Users\dario\AppData\Local\Temp\build1ceaca70f9ba01cc98cb43f206966e97.tmp\sketch\scanknob_v3.ino.cpp.o
                0x000805ec                Encoder::attach_interrupt(unsigned char, Encoder_internal_state_t*)
 .text._ZN7EncoderC2Ehh
                0x00080998       0x88 C:\Users\dario\AppData\Local\Temp\build1ceaca70f9ba01cc98cb43f206966e97.tmp\sketch\scanknob_v3.ino.cpp.o
                0x00080998                Encoder::Encoder(unsigned char, unsigned char)
                0x00080998                Encoder::Encoder(unsigned char, unsigned char)
 .text._Z10format_dlrcfi
                0x00080a20       0x90 C:\Users\dario\AppData\Local\Temp\build1ceaca70f9ba01cc98cb43f206966e97.tmp\sketch\scanknob_v3.ino.cpp.o
                0x00080a20                format_dlr(char, float, int)
 .text._Z11update_axisil
                0x00080ab0       0x84 C:\Users\dario\AppData\Local\Temp\build1ceaca70f9ba01cc98cb43f206966e97.tmp\sketch\scanknob_v3.ino.cpp.o
                0x00080ab0                update_axis(int, long)
 .text._Z10updatezeroi
                0x00080b34       0x54 C:\Users\dario\AppData\Local\Temp\build1ceaca70f9ba01cc98cb43f206966e97.tmp\sketch\scanknob_v3.ino.cpp.o
                0x00080b34                updatezero(int)
 .text._Z11updatestorei
                0x00080b88       0xb0 C:\Users\dario\AppData\Local\Temp\build1ceaca70f9ba01cc98cb43f206966e97.tmp\sketch\scanknob_v3.ino.cpp.o
                0x00080b88                updatestore(int)
 .text._Z12updaterecalli
                0x00080c38       0xb0 C:\Users\dario\AppData\Local\Temp\build1ceaca70f9ba01cc98cb43f206966e97.tmp\sketch\scanknob_v3.ino.cpp.o
                0x00080c38                updaterecall(int)
 .text._Z6read16RN5SDLib4FileE
                0x00080ce8       0x22 C:\Users\dario\AppData\Local\Temp\build1ceaca70f9ba01cc98cb43f206966e97.tmp\sketch\scanknob_v3.ino.cpp.o
                0x00080ce8                read16(SDLib::File&)
 .text._Z6read32RN5SDLib4FileE
                0x00080d0a       0x38 C:\Users\dario\AppData\Local\Temp\build1ceaca70f9ba01cc98cb43f206966e97.tmp\sketch\scanknob_v3.ino.cpp.o
                0x00080d0a                read32(SDLib::File&)
 *fill*         0x00080d42        0x2 
 .text._Z7bmpDrawPcht
                0x00080d44      0x1bc C:\Users\dario\AppData\Local\Temp\build1ceaca70f9ba01cc98cb43f206966e97.tmp\sketch\scanknob_v3.ino.cpp.o
                0x00080d44                bmpDraw(char*, unsigned char, unsigned short)
 .text.startup._GLOBAL__sub_I_ctp
                0x00080f00       0x58 C:\Users\dario\AppData\Local\Temp\build1ceaca70f9ba01cc98cb43f206966e97.tmp\sketch\scanknob_v3.ino.cpp.o
 .text._Z10updatelocki
                0x00080f58       0x60 C:\Users\dario\AppData\Local\Temp\build1ceaca70f9ba01cc98cb43f206966e97.tmp\sketch\scanknob_v3.ino.cpp.o
                0x00080f58                updatelock(int)
 .text._Z7updatevi
                0x00080fb8       0x64 C:\Users\dario\AppData\Local\Temp\build1ceaca70f9ba01cc98cb43f206966e97.tmp\sketch\scanknob_v3.ino.cpp.o
                0x00080fb8                updatev(int)
 .text._Z7updatemi
                0x0008101c       0x58 C:\Users\dario\AppData\Local\Temp\build1ceaca70f9ba01cc98cb43f206966e97.tmp\sketch\scanknob_v3.ino.cpp.o
                0x0008101c                updatem(int)
 .text.setup    0x00081074       0xf8 C:\Users\dario\AppData\Local\Temp\build1ceaca70f9ba01cc98cb43f206966e97.tmp\sketch\scanknob_v3.ino.cpp.o
                0x00081074                setup
 .text.loop     0x0008116c      0x7bc C:\Users\dario\AppData\Local\Temp\build1ceaca70f9ba01cc98cb43f206966e97.tmp\sketch\scanknob_v3.ino.cpp.o
                0x0008116c                loop
 .text._ZN12Adafruit_GFX8drawLineEsssst
                0x00081928       0xc8 C:\Users\dario\AppData\Local\Temp\build1ceaca70f9ba01cc98cb43f206966e97.tmp\libraries\Adafruit-GFX\Adafruit_GFX.cpp.o
                0x00081928                Adafruit_GFX::drawLine(short, short, short, short, unsigned short)
 .text._ZN12Adafruit_GFX8drawRectEsssst
                0x000819f0       0x5e C:\Users\dario\AppData\Local\Temp\build1ceaca70f9ba01cc98cb43f206966e97.tmp\libraries\Adafruit-GFX\Adafruit_GFX.cpp.o
                0x000819f0                Adafruit_GFX::drawRect(short, short, short, short, unsigned short)
 .text._ZN12Adafruit_GFX13drawFastVLineEssst
                0x00081a4e       0x1c C:\Users\dario\AppData\Local\Temp\build1ceaca70f9ba01cc98cb43f206966e97.tmp\libraries\Adafruit-GFX\Adafruit_GFX.cpp.o
                0x00081a4e                Adafruit_GFX::drawFastVLine(short, short, short, unsigned short)
 .text._ZN12Adafruit_GFX13drawFastHLineEssst
                0x00081a6a       0x1a C:\Users\dario\AppData\Local\Temp\build1ceaca70f9ba01cc98cb43f206966e97.tmp\libraries\Adafruit-GFX\Adafruit_GFX.cpp.o
                0x00081a6a                Adafruit_GFX::drawFastHLine(short, short, short, unsigned short)
 .text._ZN12Adafruit_GFX8fillRectEsssst
                0x00081a84       0x3c C:\Users\dario\AppData\Local\Temp\build1ceaca70f9ba01cc98cb43f206966e97.tmp\libraries\Adafruit-GFX\Adafruit_GFX.cpp.o
                0x00081a84                Adafruit_GFX::fillRect(short, short, short, short, unsigned short)
 .text._ZN12Adafruit_GFX10fillScreenEt
                0x00081ac0       0x1c C:\Users\dario\AppData\Local\Temp\build1ceaca70f9ba01cc98cb43f206966e97.tmp\libraries\Adafruit-GFX\Adafruit_GFX.cpp.o
                0x00081ac0                Adafruit_GFX::fillScreen(unsigned short)
 .text._ZN12Adafruit_GFX13invertDisplayEb
                0x00081adc        0x2 C:\Users\dario\AppData\Local\Temp\build1ceaca70f9ba01cc98cb43f206966e97.tmp\libraries\Adafruit-GFX\Adafruit_GFX.cpp.o
                0x00081adc                Adafruit_GFX::invertDisplay(bool)
 *fill*         0x00081ade        0x2 
 .text._ZN12Adafruit_GFXC2Ess
                0x00081ae0       0x30 C:\Users\dario\AppData\Local\Temp\build1ceaca70f9ba01cc98cb43f206966e97.tmp\libraries\Adafruit-GFX\Adafruit_GFX.cpp.o
                0x00081ae0                Adafruit_GFX::Adafruit_GFX(short, short)
                0x00081ae0                Adafruit_GFX::Adafruit_GFX(short, short)
 .text._ZN12Adafruit_GFX8drawCharEsshtth
                0x00081b10      0x24c C:\Users\dario\AppData\Local\Temp\build1ceaca70f9ba01cc98cb43f206966e97.tmp\libraries\Adafruit-GFX\Adafruit_GFX.cpp.o
                0x00081b10                Adafruit_GFX::drawChar(short, short, unsigned char, unsigned short, unsigned short, unsigned char)
 .text._ZN12Adafruit_GFX5writeEh
                0x00081d5c       0xf8 C:\Users\dario\AppData\Local\Temp\build1ceaca70f9ba01cc98cb43f206966e97.tmp\libraries\Adafruit-GFX\Adafruit_GFX.cpp.o
                0x00081d5c                Adafruit_GFX::write(unsigned char)
 .text._ZN12Adafruit_GFX9setCursorEss
                0x00081e54        0x6 C:\Users\dario\AppData\Local\Temp\build1ceaca70f9ba01cc98cb43f206966e97.tmp\libraries\Adafruit-GFX\Adafruit_GFX.cpp.o
                0x00081e54                Adafruit_GFX::setCursor(short, short)
 .text._ZN12Adafruit_GFX11setTextSizeEh
                0x00081e5a        0xa C:\Users\dario\AppData\Local\Temp\build1ceaca70f9ba01cc98cb43f206966e97.tmp\libraries\Adafruit-GFX\Adafruit_GFX.cpp.o
                0x00081e5a                Adafruit_GFX::setTextSize(unsigned char)
 .text._ZN12Adafruit_GFX12setTextColorEt
                0x00081e64        0x6 C:\Users\dario\AppData\Local\Temp\build1ceaca70f9ba01cc98cb43f206966e97.tmp\libraries\Adafruit-GFX\Adafruit_GFX.cpp.o
                0x00081e64                Adafruit_GFX::setTextColor(unsigned short)
 .text._ZN12Adafruit_GFX12setTextColorEtt
                0x00081e6a        0x6 C:\Users\dario\AppData\Local\Temp\build1ceaca70f9ba01cc98cb43f206966e97.tmp\libraries\Adafruit-GFX\Adafruit_GFX.cpp.o
                0x00081e6a                Adafruit_GFX::setTextColor(unsigned short, unsigned short)
 .text._ZNK12Adafruit_GFX5widthEv
                0x00081e70        0x6 C:\Users\dario\AppData\Local\Temp\build1ceaca70f9ba01cc98cb43f206966e97.tmp\libraries\Adafruit-GFX\Adafruit_GFX.cpp.o
                0x00081e70                Adafruit_GFX::width() const
 .text._ZNK12Adafruit_GFX6heightEv
                0x00081e76        0x6 C:\Users\dario\AppData\Local\Temp\build1ceaca70f9ba01cc98cb43f206966e97.tmp\libraries\Adafruit-GFX\Adafruit_GFX.cpp.o
                0x00081e76                Adafruit_GFX::height() const
 .text._ZL10SPI_0_Initv
                0x00081e7c       0x48 C:\Users\dario\AppData\Local\Temp\build1ceaca70f9ba01cc98cb43f206966e97.tmp\libraries\SPI\SPI.cpp.o
 .text._ZN8SPIClass4initEv
                0x00081ec4       0x36 C:\Users\dario\AppData\Local\Temp\build1ceaca70f9ba01cc98cb43f206966e97.tmp\libraries\SPI\SPI.cpp.o
                0x00081ec4                SPIClass::init()
 *fill*         0x00081efa        0x2 
 .text._ZN8SPIClass16beginTransactionEh11SPISettings
                0x00081efc       0x98 C:\Users\dario\AppData\Local\Temp\build1ceaca70f9ba01cc98cb43f206966e97.tmp\libraries\SPI\SPI.cpp.o
                0x00081efc                SPIClass::beginTransaction(unsigned char, SPISettings)
 .text._ZN8SPIClass14endTransactionEv
                0x00081f94       0x50 C:\Users\dario\AppData\Local\Temp\build1ceaca70f9ba01cc98cb43f206966e97.tmp\libraries\SPI\SPI.cpp.o
                0x00081f94                SPIClass::endTransaction()
 .text._ZN8SPIClass11setDataModeEhh
                0x00081fe4       0x34 C:\Users\dario\AppData\Local\Temp\build1ceaca70f9ba01cc98cb43f206966e97.tmp\libraries\SPI\SPI.cpp.o
                0x00081fe4                SPIClass::setDataMode(unsigned char, unsigned char)
 .text._ZN8SPIClass15setClockDividerEhh
                0x00082018       0x2e C:\Users\dario\AppData\Local\Temp\build1ceaca70f9ba01cc98cb43f206966e97.tmp\libraries\SPI\SPI.cpp.o
                0x00082018                SPIClass::setClockDivider(unsigned char, unsigned char)
 .text._ZN8SPIClass5beginEv
                0x00082046       0x22 C:\Users\dario\AppData\Local\Temp\build1ceaca70f9ba01cc98cb43f206966e97.tmp\libraries\SPI\SPI.cpp.o
                0x00082046                SPIClass::begin()
 .text._ZN8SPIClass8transferEhh15SPITransferMode
                0x00082068       0x5e C:\Users\dario\AppData\Local\Temp\build1ceaca70f9ba01cc98cb43f206966e97.tmp\libraries\SPI\SPI.cpp.o
                0x00082068                SPIClass::transfer(unsigned char, unsigned char, SPITransferMode)
 *fill*         0x000820c6        0x2 
 .text.startup._GLOBAL__sub_I__ZN8SPIClassC2EP3SpimPFvvE
                0x000820c8       0x24 C:\Users\dario\AppData\Local\Temp\build1ceaca70f9ba01cc98cb43f206966e97.tmp\libraries\SPI\SPI.cpp.o
 .text._ZN16Adafruit_ILI934110fillScreenEt
                0x000820ec       0x1c C:\Users\dario\AppData\Local\Temp\build1ceaca70f9ba01cc98cb43f206966e97.tmp\libraries\Adafruit_ILI9341\Adafruit_ILI9341.cpp.o
                0x000820ec                Adafruit_ILI9341::fillScreen(unsigned short)
 .text._ZN8SPIClass16beginTransactionE11SPISettings
                0x00082108       0x12 C:\Users\dario\AppData\Local\Temp\build1ceaca70f9ba01cc98cb43f206966e97.tmp\libraries\Adafruit_ILI9341\Adafruit_ILI9341.cpp.o
                0x00082108                SPIClass::beginTransaction(SPISettings)
 *fill*         0x0008211a        0x2 
 .text._ZN16Adafruit_ILI9341C2Eaaa
                0x0008211c       0x34 C:\Users\dario\AppData\Local\Temp\build1ceaca70f9ba01cc98cb43f206966e97.tmp\libraries\Adafruit_ILI9341\Adafruit_ILI9341.cpp.o
                0x0008211c                Adafruit_ILI9341::Adafruit_ILI9341(signed char, signed char, signed char)
                0x0008211c                Adafruit_ILI9341::Adafruit_ILI9341(signed char, signed char, signed char)
 .text._ZN16Adafruit_ILI93418spiwriteEh
                0x00082150       0x54 C:\Users\dario\AppData\Local\Temp\build1ceaca70f9ba01cc98cb43f206966e97.tmp\libraries\Adafruit_ILI9341\Adafruit_ILI9341.cpp.o
                0x00082150                Adafruit_ILI9341::spiwrite(unsigned char)
 .text._ZN16Adafruit_ILI934112writecommandEh
                0x000821a4       0x2c C:\Users\dario\AppData\Local\Temp\build1ceaca70f9ba01cc98cb43f206966e97.tmp\libraries\Adafruit_ILI9341\Adafruit_ILI9341.cpp.o
                0x000821a4                Adafruit_ILI9341::writecommand(unsigned char)
 .text._ZN16Adafruit_ILI934113invertDisplayEb
                0x000821d0       0x50 C:\Users\dario\AppData\Local\Temp\build1ceaca70f9ba01cc98cb43f206966e97.tmp\libraries\Adafruit_ILI9341\Adafruit_ILI9341.cpp.o
                0x000821d0                Adafruit_ILI9341::invertDisplay(bool)
 .text._ZN16Adafruit_ILI93419writedataEh
                0x00082220       0x2a C:\Users\dario\AppData\Local\Temp\build1ceaca70f9ba01cc98cb43f206966e97.tmp\libraries\Adafruit_ILI9341\Adafruit_ILI9341.cpp.o
                0x00082220                Adafruit_ILI9341::writedata(unsigned char)
 *fill*         0x0008224a        0x2 
 .text._ZN16Adafruit_ILI93415beginEv
                0x0008224c      0x3fc C:\Users\dario\AppData\Local\Temp\build1ceaca70f9ba01cc98cb43f206966e97.tmp\libraries\Adafruit_ILI9341\Adafruit_ILI9341.cpp.o
                0x0008224c                Adafruit_ILI9341::begin()
 .text._ZN16Adafruit_ILI934113setAddrWindowEtttt
                0x00082648       0x6e C:\Users\dario\AppData\Local\Temp\build1ceaca70f9ba01cc98cb43f206966e97.tmp\libraries\Adafruit_ILI9341\Adafruit_ILI9341.cpp.o
                0x00082648                Adafruit_ILI9341::setAddrWindow(unsigned short, unsigned short, unsigned short, unsigned short)
 *fill*         0x000826b6        0x2 
 .text._ZN16Adafruit_ILI93419drawPixelEsst
                0x000826b8       0xa8 C:\Users\dario\AppData\Local\Temp\build1ceaca70f9ba01cc98cb43f206966e97.tmp\libraries\Adafruit_ILI9341\Adafruit_ILI9341.cpp.o
                0x000826b8                Adafruit_ILI9341::drawPixel(short, short, unsigned short)
 .text._ZN16Adafruit_ILI934113drawFastVLineEssst
                0x00082760       0xc0 C:\Users\dario\AppData\Local\Temp\build1ceaca70f9ba01cc98cb43f206966e97.tmp\libraries\Adafruit_ILI9341\Adafruit_ILI9341.cpp.o
                0x00082760                Adafruit_ILI9341::drawFastVLine(short, short, short, unsigned short)
 .text._ZN16Adafruit_ILI934113drawFastHLineEssst
                0x00082820       0xc4 C:\Users\dario\AppData\Local\Temp\build1ceaca70f9ba01cc98cb43f206966e97.tmp\libraries\Adafruit_ILI9341\Adafruit_ILI9341.cpp.o
                0x00082820                Adafruit_ILI9341::drawFastHLine(short, short, short, unsigned short)
 .text._ZN16Adafruit_ILI93418fillRectEsssst
                0x000828e4       0xec C:\Users\dario\AppData\Local\Temp\build1ceaca70f9ba01cc98cb43f206966e97.tmp\libraries\Adafruit_ILI9341\Adafruit_ILI9341.cpp.o
                0x000828e4                Adafruit_ILI9341::fillRect(short, short, short, short, unsigned short)
 .text._ZN16Adafruit_ILI93419pushColorEt
                0x000829d0       0x74 C:\Users\dario\AppData\Local\Temp\build1ceaca70f9ba01cc98cb43f206966e97.tmp\libraries\Adafruit_ILI9341\Adafruit_ILI9341.cpp.o
                0x000829d0                Adafruit_ILI9341::pushColor(unsigned short)
 .text._ZN16Adafruit_ILI93418color565Ehhh
                0x00082a44       0x14 C:\Users\dario\AppData\Local\Temp\build1ceaca70f9ba01cc98cb43f206966e97.tmp\libraries\Adafruit_ILI9341\Adafruit_ILI9341.cpp.o
                0x00082a44                Adafruit_ILI9341::color565(unsigned char, unsigned char, unsigned char)
 .text._ZN16Adafruit_ILI934111setRotationEh
                0x00082a58       0x88 C:\Users\dario\AppData\Local\Temp\build1ceaca70f9ba01cc98cb43f206966e97.tmp\libraries\Adafruit_ILI9341\Adafruit_ILI9341.cpp.o
                0x00082a58                Adafruit_ILI9341::setRotation(unsigned char)
 .text._ZN7TwoWire5writeEPKhj
                0x00082ae0       0x50 C:\Users\dario\AppData\Local\Temp\build1ceaca70f9ba01cc98cb43f206966e97.tmp\libraries\Wire\Wire.cpp.o
                0x00082ae0                TwoWire::write(unsigned char const*, unsigned int)
 .text._ZN7TwoWire9availableEv
                0x00082b30        0xc C:\Users\dario\AppData\Local\Temp\build1ceaca70f9ba01cc98cb43f206966e97.tmp\libraries\Wire\Wire.cpp.o
                0x00082b30                TwoWire::available()
 .text._ZN7TwoWire4readEv
                0x00082b3c       0x1e C:\Users\dario\AppData\Local\Temp\build1ceaca70f9ba01cc98cb43f206966e97.tmp\libraries\Wire\Wire.cpp.o
                0x00082b3c                TwoWire::read()
 .text._ZN7TwoWire4peekEv
                0x00082b5a       0x16 C:\Users\dario\AppData\Local\Temp\build1ceaca70f9ba01cc98cb43f206966e97.tmp\libraries\Wire\Wire.cpp.o
                0x00082b5a                TwoWire::peek()
 .text._ZN7TwoWire5flushEv
                0x00082b70        0x2 C:\Users\dario\AppData\Local\Temp\build1ceaca70f9ba01cc98cb43f206966e97.tmp\libraries\Wire\Wire.cpp.o
                0x00082b70                TwoWire::flush()
 .text._ZN7TwoWire5writeEh
                0x00082b72       0x3a C:\Users\dario\AppData\Local\Temp\build1ceaca70f9ba01cc98cb43f206966e97.tmp\libraries\Wire\Wire.cpp.o
                0x00082b72                TwoWire::write(unsigned char)
 .text._ZL16TWI_WaitByteSentP3Twim.constprop.3
                0x00082bac       0x2c C:\Users\dario\AppData\Local\Temp\build1ceaca70f9ba01cc98cb43f206966e97.tmp\libraries\Wire\Wire.cpp.o
 .text._ZL24TWI_WaitTransferCompleteP3Twim.constprop.4
                0x00082bd8       0x2c C:\Users\dario\AppData\Local\Temp\build1ceaca70f9ba01cc98cb43f206966e97.tmp\libraries\Wire\Wire.cpp.o
 .text._ZL9Wire_Initv
                0x00082c04       0x54 C:\Users\dario\AppData\Local\Temp\build1ceaca70f9ba01cc98cb43f206966e97.tmp\libraries\Wire\Wire.cpp.o
 .text._ZL12Wire1_Deinitv
                0x00082c58       0x18 C:\Users\dario\AppData\Local\Temp\build1ceaca70f9ba01cc98cb43f206966e97.tmp\libraries\Wire\Wire.cpp.o
 .text._ZL11Wire_Deinitv
                0x00082c70       0x18 C:\Users\dario\AppData\Local\Temp\build1ceaca70f9ba01cc98cb43f206966e97.tmp\libraries\Wire\Wire.cpp.o
 .text._ZL10Wire1_Initv
                0x00082c88       0x54 C:\Users\dario\AppData\Local\Temp\build1ceaca70f9ba01cc98cb43f206966e97.tmp\libraries\Wire\Wire.cpp.o
 .text._ZN7TwoWireC2EP3TwiPFvvES3_
                0x00082cdc       0x48 C:\Users\dario\AppData\Local\Temp\build1ceaca70f9ba01cc98cb43f206966e97.tmp\libraries\Wire\Wire.cpp.o
                0x00082cdc                TwoWire::TwoWire(Twi*, void (*)(), void (*)())
                0x00082cdc                TwoWire::TwoWire(Twi*, void (*)(), void (*)())
 .text._ZN7TwoWire5beginEv
                0x00082d24       0x30 C:\Users\dario\AppData\Local\Temp\build1ceaca70f9ba01cc98cb43f206966e97.tmp\libraries\Wire\Wire.cpp.o
                0x00082d24                TwoWire::begin()
 .text._ZN7TwoWire11requestFromEhhmhh
                0x00082d54       0x78 C:\Users\dario\AppData\Local\Temp\build1ceaca70f9ba01cc98cb43f206966e97.tmp\libraries\Wire\Wire.cpp.o
                0x00082d54                TwoWire::requestFrom(unsigned char, unsigned char, unsigned long, unsigned char, unsigned char)
 .text._ZN7TwoWire11requestFromEhhh
                0x00082dcc       0x12 C:\Users\dario\AppData\Local\Temp\build1ceaca70f9ba01cc98cb43f206966e97.tmp\libraries\Wire\Wire.cpp.o
                0x00082dcc                TwoWire::requestFrom(unsigned char, unsigned char, unsigned char)
 .text._ZN7TwoWire11requestFromEhh
                0x00082dde        0x6 C:\Users\dario\AppData\Local\Temp\build1ceaca70f9ba01cc98cb43f206966e97.tmp\libraries\Wire\Wire.cpp.o
                0x00082dde                TwoWire::requestFrom(unsigned char, unsigned char)
 .text._ZN7TwoWire17beginTransmissionEi
                0x00082de4       0x12 C:\Users\dario\AppData\Local\Temp\build1ceaca70f9ba01cc98cb43f206966e97.tmp\libraries\Wire\Wire.cpp.o
                0x00082de4                TwoWire::beginTransmission(int)
 .text._ZN7TwoWire15endTransmissionEh
                0x00082df6       0x82 C:\Users\dario\AppData\Local\Temp\build1ceaca70f9ba01cc98cb43f206966e97.tmp\libraries\Wire\Wire.cpp.o
                0x00082df6                TwoWire::endTransmission(unsigned char)
 .text._ZN7TwoWire15endTransmissionEv
                0x00082e78        0x6 C:\Users\dario\AppData\Local\Temp\build1ceaca70f9ba01cc98cb43f206966e97.tmp\libraries\Wire\Wire.cpp.o
                0x00082e78                TwoWire::endTransmission()
 .text._ZN7TwoWire9onServiceEv
                0x00082e7e      0x118 C:\Users\dario\AppData\Local\Temp\build1ceaca70f9ba01cc98cb43f206966e97.tmp\libraries\Wire\Wire.cpp.o
                0x00082e7e                TwoWire::onService()
 *fill*         0x00082f96        0x2 
 .text.TWI1_Handler
                0x00082f98        0xc C:\Users\dario\AppData\Local\Temp\build1ceaca70f9ba01cc98cb43f206966e97.tmp\libraries\Wire\Wire.cpp.o
                0x00082f98                TWI1_Handler
 .text.TWI0_Handler
                0x00082fa4        0xc C:\Users\dario\AppData\Local\Temp\build1ceaca70f9ba01cc98cb43f206966e97.tmp\libraries\Wire\Wire.cpp.o
                0x00082fa4                TWI0_Handler
 .text.startup._GLOBAL__sub_I__ZN7TwoWireC2EP3TwiPFvvES3_
                0x00082fb0       0x40 C:\Users\dario\AppData\Local\Temp\build1ceaca70f9ba01cc98cb43f206966e97.tmp\libraries\Wire\Wire.cpp.o
 .text._ZN15Adafruit_FT6206C2Ev
                0x00082ff0        0x2 C:\Users\dario\AppData\Local\Temp\build1ceaca70f9ba01cc98cb43f206966e97.tmp\libraries\Adafruit_FT6206\Adafruit_FT6206.cpp.o
                0x00082ff0                Adafruit_FT6206::Adafruit_FT6206()
                0x00082ff0                Adafruit_FT6206::Adafruit_FT6206()
 *fill*         0x00082ff2        0x2 
 .text._ZN15Adafruit_FT620614writeRegister8Ehh
                0x00082ff4       0x30 C:\Users\dario\AppData\Local\Temp\build1ceaca70f9ba01cc98cb43f206966e97.tmp\libraries\Adafruit_FT6206\Adafruit_FT6206.cpp.o
                0x00082ff4                Adafruit_FT6206::writeRegister8(unsigned char, unsigned char)
 .text._ZN15Adafruit_FT62068readDataEPtS0_
                0x00083024       0xc8 C:\Users\dario\AppData\Local\Temp\build1ceaca70f9ba01cc98cb43f206966e97.tmp\libraries\Adafruit_FT6206\Adafruit_FT6206.cpp.o
                0x00083024                Adafruit_FT6206::readData(unsigned short*, unsigned short*)
 .text._ZN15Adafruit_FT62068getPointEv
                0x000830ec       0x26 C:\Users\dario\AppData\Local\Temp\build1ceaca70f9ba01cc98cb43f206966e97.tmp\libraries\Adafruit_FT6206\Adafruit_FT6206.cpp.o
                0x000830ec                Adafruit_FT6206::getPoint()
 *fill*         0x00083112        0x2 
 .text._ZN15Adafruit_FT620613readRegister8Eh
                0x00083114       0x44 C:\Users\dario\AppData\Local\Temp\build1ceaca70f9ba01cc98cb43f206966e97.tmp\libraries\Adafruit_FT6206\Adafruit_FT6206.cpp.o
                0x00083114                Adafruit_FT6206::readRegister8(unsigned char)
 .text._ZN15Adafruit_FT62065beginEh
                0x00083158       0x3c C:\Users\dario\AppData\Local\Temp\build1ceaca70f9ba01cc98cb43f206966e97.tmp\libraries\Adafruit_FT6206\Adafruit_FT6206.cpp.o
                0x00083158                Adafruit_FT6206::begin(unsigned char)
 .text._ZN15Adafruit_FT62067touchedEv
                0x00083194       0x16 C:\Users\dario\AppData\Local\Temp\build1ceaca70f9ba01cc98cb43f206966e97.tmp\libraries\Adafruit_FT6206\Adafruit_FT6206.cpp.o
                0x00083194                Adafruit_FT6206::touched()
 .text._ZN5SDLib4File5writeEh
                0x000831aa       0x16 C:\Users\dario\AppData\Local\Temp\build1ceaca70f9ba01cc98cb43f206966e97.tmp\libraries\SD\File.cpp.o
                0x000831aa                SDLib::File::write(unsigned char)
 .text._ZN5SDLib4File5writeEPKhj
                0x000831c0       0x26 C:\Users\dario\AppData\Local\Temp\build1ceaca70f9ba01cc98cb43f206966e97.tmp\libraries\SD\File.cpp.o
                0x000831c0                SDLib::File::write(unsigned char const*, unsigned int)
 .text._ZN5SDLib4File5flushEv
                0x000831e6        0xa C:\Users\dario\AppData\Local\Temp\build1ceaca70f9ba01cc98cb43f206966e97.tmp\libraries\SD\File.cpp.o
                0x000831e6                SDLib::File::flush()
 .text._ZN6SdFile4readEv
                0x000831f0       0x20 C:\Users\dario\AppData\Local\Temp\build1ceaca70f9ba01cc98cb43f206966e97.tmp\libraries\SD\File.cpp.o
                0x000831f0                SdFile::read()
 .text._ZN5SDLib4File4readEv
                0x00083210       0x12 C:\Users\dario\AppData\Local\Temp\build1ceaca70f9ba01cc98cb43f206966e97.tmp\libraries\SD\File.cpp.o
                0x00083210                SDLib::File::read()
 .text._ZN5SDLib4File4peekEv
                0x00083222       0x20 C:\Users\dario\AppData\Local\Temp\build1ceaca70f9ba01cc98cb43f206966e97.tmp\libraries\SD\File.cpp.o
                0x00083222                SDLib::File::peek()
 *fill*         0x00083242        0x2 
 .text._ZN5SDLib4FileC2E6SdFilePKc
                0x00083244       0x50 C:\Users\dario\AppData\Local\Temp\build1ceaca70f9ba01cc98cb43f206966e97.tmp\libraries\SD\File.cpp.o
                0x00083244                SDLib::File::File(SdFile, char const*)
                0x00083244                SDLib::File::File(SdFile, char const*)
 .text._ZN5SDLib4FileC2Ev
                0x00083294       0x18 C:\Users\dario\AppData\Local\Temp\build1ceaca70f9ba01cc98cb43f206966e97.tmp\libraries\SD\File.cpp.o
                0x00083294                SDLib::File::File()
                0x00083294                SDLib::File::File()
 .text._ZN5SDLib4File4readEPvt
                0x000832ac        0xc C:\Users\dario\AppData\Local\Temp\build1ceaca70f9ba01cc98cb43f206966e97.tmp\libraries\SD\File.cpp.o
                0x000832ac                SDLib::File::read(void*, unsigned short)
 .text._ZN5SDLib4File4seekEm
                0x000832b8       0x12 C:\Users\dario\AppData\Local\Temp\build1ceaca70f9ba01cc98cb43f206966e97.tmp\libraries\SD\File.cpp.o
                0x000832b8                SDLib::File::seek(unsigned long)
 .text._ZN5SDLib4File8positionEv
                0x000832ca        0xe C:\Users\dario\AppData\Local\Temp\build1ceaca70f9ba01cc98cb43f206966e97.tmp\libraries\SD\File.cpp.o
                0x000832ca                SDLib::File::position()
 .text._ZN5SDLib4File4sizeEv
                0x000832d8        0x8 C:\Users\dario\AppData\Local\Temp\build1ceaca70f9ba01cc98cb43f206966e97.tmp\libraries\SD\File.cpp.o
                0x000832d8                SDLib::File::size()
 .text._ZN5SDLib4File9availableEv
                0x000832e0       0x26 C:\Users\dario\AppData\Local\Temp\build1ceaca70f9ba01cc98cb43f206966e97.tmp\libraries\SD\File.cpp.o
                0x000832e0                SDLib::File::available()
 .text._ZN5SDLib4File5closeEv
                0x00083306       0x18 C:\Users\dario\AppData\Local\Temp\build1ceaca70f9ba01cc98cb43f206966e97.tmp\libraries\SD\File.cpp.o
                0x00083306                SDLib::File::close()
 .text._ZN5SDLib4FilecvbEv
                0x0008331e        0xe C:\Users\dario\AppData\Local\Temp\build1ceaca70f9ba01cc98cb43f206966e97.tmp\libraries\SD\File.cpp.o
                0x0008331e                SDLib::File::operator bool()
 .text._ZN5SDLib7SDClass5beginEh
                0x0008332c       0x44 C:\Users\dario\AppData\Local\Temp\build1ceaca70f9ba01cc98cb43f206966e97.tmp\libraries\SD\SD.cpp.o
                0x0008332c                SDLib::SDClass::begin(unsigned char)
 .text._ZN6SdFileC2ERKS_
                0x00083370       0x34 C:\Users\dario\AppData\Local\Temp\build1ceaca70f9ba01cc98cb43f206966e97.tmp\libraries\SD\SD.cpp.o
                0x00083370                SdFile::SdFile(SdFile const&)
                0x00083370                SdFile::SdFile(SdFile const&)
 .text._ZN5SDLib7SDClass12getParentDirEPKcPi
                0x000833a4       0xac C:\Users\dario\AppData\Local\Temp\build1ceaca70f9ba01cc98cb43f206966e97.tmp\libraries\SD\SD.cpp.o
                0x000833a4                SDLib::SDClass::getParentDir(char const*, int*)
 .text._ZN5SDLib7SDClass4openEPKch
                0x00083450       0xa4 C:\Users\dario\AppData\Local\Temp\build1ceaca70f9ba01cc98cb43f206966e97.tmp\libraries\SD\SD.cpp.o
                0x00083450                SDLib::SDClass::open(char const*, unsigned char)
 .text.startup._GLOBAL__sub_I__ZN5SDLib20getNextPathComponentEPKcPjPc
                0x000834f4       0x28 C:\Users\dario\AppData\Local\Temp\build1ceaca70f9ba01cc98cb43f206966e97.tmp\libraries\SD\SD.cpp.o
 .text._ZL7spiSendh
                0x0008351c       0x10 C:\Users\dario\AppData\Local\Temp\build1ceaca70f9ba01cc98cb43f206966e97.tmp\libraries\SD\utility\Sd2Card.cpp.o
 .text._ZL6spiRecv
                0x0008352c       0x10 C:\Users\dario\AppData\Local\Temp\build1ceaca70f9ba01cc98cb43f206966e97.tmp\libraries\SD\utility\Sd2Card.cpp.o
 .text._ZN7Sd2Card14chipSelectHighEv
                0x0008353c       0x28 C:\Users\dario\AppData\Local\Temp\build1ceaca70f9ba01cc98cb43f206966e97.tmp\libraries\SD\utility\Sd2Card.cpp.o
                0x0008353c                Sd2Card::chipSelectHigh()
 .text._ZN7Sd2Card13chipSelectLowEv
                0x00083564       0x40 C:\Users\dario\AppData\Local\Temp\build1ceaca70f9ba01cc98cb43f206966e97.tmp\libraries\SD\utility\Sd2Card.cpp.o
                0x00083564                Sd2Card::chipSelectLow()
 .text._ZN7Sd2Card7readEndEv
                0x000835a4       0x2a C:\Users\dario\AppData\Local\Temp\build1ceaca70f9ba01cc98cb43f206966e97.tmp\libraries\SD\utility\Sd2Card.cpp.o
                0x000835a4                Sd2Card::readEnd()
 *fill*         0x000835ce        0x2 
 .text._ZN7Sd2Card10setSckRateEh
                0x000835d0       0x58 C:\Users\dario\AppData\Local\Temp\build1ceaca70f9ba01cc98cb43f206966e97.tmp\libraries\SD\utility\Sd2Card.cpp.o
                0x000835d0                Sd2Card::setSckRate(unsigned char)
 .text._ZN7Sd2Card11waitNotBusyEt
                0x00083628       0x28 C:\Users\dario\AppData\Local\Temp\build1ceaca70f9ba01cc98cb43f206966e97.tmp\libraries\SD\utility\Sd2Card.cpp.o
                0x00083628                Sd2Card::waitNotBusy(unsigned short)
 .text._ZN7Sd2Card11cardCommandEhm
                0x00083650       0x60 C:\Users\dario\AppData\Local\Temp\build1ceaca70f9ba01cc98cb43f206966e97.tmp\libraries\SD\utility\Sd2Card.cpp.o
                0x00083650                Sd2Card::cardCommand(unsigned char, unsigned long)
 .text._ZN7Sd2Card4initEhh
                0x000836b0      0x150 C:\Users\dario\AppData\Local\Temp\build1ceaca70f9ba01cc98cb43f206966e97.tmp\libraries\SD\utility\Sd2Card.cpp.o
                0x000836b0                Sd2Card::init(unsigned char, unsigned char)
 .text._ZN7Sd2Card14waitStartBlockEv
                0x00083800       0x3e C:\Users\dario\AppData\Local\Temp\build1ceaca70f9ba01cc98cb43f206966e97.tmp\libraries\SD\utility\Sd2Card.cpp.o
                0x00083800                Sd2Card::waitStartBlock()
 .text._ZN7Sd2Card8readDataEmttPh
                0x0008383e       0xa4 C:\Users\dario\AppData\Local\Temp\build1ceaca70f9ba01cc98cb43f206966e97.tmp\libraries\SD\utility\Sd2Card.cpp.o
                0x0008383e                Sd2Card::readData(unsigned long, unsigned short, unsigned short, unsigned char*)
 .text._ZN7Sd2Card9readBlockEmPh
                0x000838e2       0x14 C:\Users\dario\AppData\Local\Temp\build1ceaca70f9ba01cc98cb43f206966e97.tmp\libraries\SD\utility\Sd2Card.cpp.o
                0x000838e2                Sd2Card::readBlock(unsigned long, unsigned char*)
 .text._ZN7Sd2Card9writeDataEhPKh
                0x000838f6       0x48 C:\Users\dario\AppData\Local\Temp\build1ceaca70f9ba01cc98cb43f206966e97.tmp\libraries\SD\utility\Sd2Card.cpp.o
                0x000838f6                Sd2Card::writeData(unsigned char, unsigned char const*)
 .text._ZN7Sd2Card10writeBlockEmPKh
                0x0008393e       0x6c C:\Users\dario\AppData\Local\Temp\build1ceaca70f9ba01cc98cb43f206966e97.tmp\libraries\SD\utility\Sd2Card.cpp.o
                0x0008393e                Sd2Card::writeBlock(unsigned long, unsigned char const*)
 *fill*         0x000839aa        0x2 
 .text.startup._GLOBAL__sub_I__ZN7Sd2Card11cardCommandEhm
                0x000839ac       0x14 C:\Users\dario\AppData\Local\Temp\build1ceaca70f9ba01cc98cb43f206966e97.tmp\libraries\SD\utility\Sd2Card.cpp.o
 .text._ZN6SdFile10addClusterEv
                0x000839c0       0x26 C:\Users\dario\AppData\Local\Temp\build1ceaca70f9ba01cc98cb43f206966e97.tmp\libraries\SD\utility\SdFile.cpp.o
                0x000839c0                SdFile::addCluster()
 .text._ZN6SdFile13addDirClusterEv
                0x000839e6       0x46 C:\Users\dario\AppData\Local\Temp\build1ceaca70f9ba01cc98cb43f206966e97.tmp\libraries\SD\utility\SdFile.cpp.o
                0x000839e6                SdFile::addDirCluster()
 .text._ZN6SdFile13cacheDirEntryEh
                0x00083a2c       0x1c C:\Users\dario\AppData\Local\Temp\build1ceaca70f9ba01cc98cb43f206966e97.tmp\libraries\SD\utility\SdFile.cpp.o
                0x00083a2c                SdFile::cacheDirEntry(unsigned char)
 .text._ZN6SdFile10make83NameEPKcPh
                0x00083a48       0x98 C:\Users\dario\AppData\Local\Temp\build1ceaca70f9ba01cc98cb43f206966e97.tmp\libraries\SD\utility\SdFile.cpp.o
                0x00083a48                SdFile::make83Name(char const*, unsigned char*)
 .text._ZN6SdFile8openRootEP8SdVolume
                0x00083ae0       0x50 C:\Users\dario\AppData\Local\Temp\build1ceaca70f9ba01cc98cb43f206966e97.tmp\libraries\SD\utility\SdFile.cpp.o
                0x00083ae0                SdFile::openRoot(SdVolume*)
 .text._ZN6SdFile4readEPvt
                0x00083b30      0x104 C:\Users\dario\AppData\Local\Temp\build1ceaca70f9ba01cc98cb43f206966e97.tmp\libraries\SD\utility\SdFile.cpp.o
                0x00083b30                SdFile::read(void*, unsigned short)
 .text._ZN6SdFile12readDirCacheEv
                0x00083c34       0x44 C:\Users\dario\AppData\Local\Temp\build1ceaca70f9ba01cc98cb43f206966e97.tmp\libraries\SD\utility\SdFile.cpp.o
                0x00083c34                SdFile::readDirCache()
 .text._ZN6SdFile7seekSetEm
                0x00083c78       0x5e C:\Users\dario\AppData\Local\Temp\build1ceaca70f9ba01cc98cb43f206966e97.tmp\libraries\SD\utility\SdFile.cpp.o
                0x00083c78                SdFile::seekSet(unsigned long)
 *fill*         0x00083cd6        0x2 
 .text._ZN6SdFile4syncEv
                0x00083cd8       0x58 C:\Users\dario\AppData\Local\Temp\build1ceaca70f9ba01cc98cb43f206966e97.tmp\libraries\SD\utility\SdFile.cpp.o
                0x00083cd8                SdFile::sync()
 .text._ZN6SdFile5closeEv
                0x00083d30       0x12 C:\Users\dario\AppData\Local\Temp\build1ceaca70f9ba01cc98cb43f206966e97.tmp\libraries\SD\utility\SdFile.cpp.o
                0x00083d30                SdFile::close()
 *fill*         0x00083d42        0x2 
 .text._ZN6SdFile8truncateEm
                0x00083d44       0xb0 C:\Users\dario\AppData\Local\Temp\build1ceaca70f9ba01cc98cb43f206966e97.tmp\libraries\SD\utility\SdFile.cpp.o
                0x00083d44                SdFile::truncate(unsigned long)
 .text._ZN6SdFile15openCachedEntryEhh
                0x00083df4       0x7c C:\Users\dario\AppData\Local\Temp\build1ceaca70f9ba01cc98cb43f206966e97.tmp\libraries\SD\utility\SdFile.cpp.o
                0x00083df4                SdFile::openCachedEntry(unsigned char, unsigned char)
 .text._ZN6SdFile4openEPS_PKch
                0x00083e70      0x110 C:\Users\dario\AppData\Local\Temp\build1ceaca70f9ba01cc98cb43f206966e97.tmp\libraries\SD\utility\SdFile.cpp.o
                0x00083e70                SdFile::open(SdFile*, char const*, unsigned char)
 .text._ZN6SdFile5writeEPKvt
                0x00083f80      0x194 C:\Users\dario\AppData\Local\Temp\build1ceaca70f9ba01cc98cb43f206966e97.tmp\libraries\SD\utility\SdFile.cpp.o
                0x00083f80                SdFile::write(void const*, unsigned short)
 .text._ZN6SdFile5writeEh
                0x00084114       0x16 C:\Users\dario\AppData\Local\Temp\build1ceaca70f9ba01cc98cb43f206966e97.tmp\libraries\SD\utility\SdFile.cpp.o
                0x00084114                SdFile::write(unsigned char)
 *fill*         0x0008412a        0x2 
 .text._ZN8SdVolume10cacheFlushEv
                0x0008412c       0x4c C:\Users\dario\AppData\Local\Temp\build1ceaca70f9ba01cc98cb43f206966e97.tmp\libraries\SD\utility\SdVolume.cpp.o
                0x0008412c                SdVolume::cacheFlush()
 .text._ZN8SdVolume13cacheRawBlockEmh
                0x00084178       0x48 C:\Users\dario\AppData\Local\Temp\build1ceaca70f9ba01cc98cb43f206966e97.tmp\libraries\SD\utility\SdVolume.cpp.o
                0x00084178                SdVolume::cacheRawBlock(unsigned long, unsigned char)
 .text._ZN8SdVolume14cacheZeroBlockEm
                0x000841c0       0x38 C:\Users\dario\AppData\Local\Temp\build1ceaca70f9ba01cc98cb43f206966e97.tmp\libraries\SD\utility\SdVolume.cpp.o
                0x000841c0                SdVolume::cacheZeroBlock(unsigned long)
 .text._ZNK8SdVolume6fatGetEmPm
                0x000841f8       0x64 C:\Users\dario\AppData\Local\Temp\build1ceaca70f9ba01cc98cb43f206966e97.tmp\libraries\SD\utility\SdVolume.cpp.o
                0x000841f8                SdVolume::fatGet(unsigned long, unsigned long*) const
 .text._ZNK8SdVolume9chainSizeEmPm
                0x0008425c       0x44 C:\Users\dario\AppData\Local\Temp\build1ceaca70f9ba01cc98cb43f206966e97.tmp\libraries\SD\utility\SdVolume.cpp.o
                0x0008425c                SdVolume::chainSize(unsigned long, unsigned long*) const
 .text._ZN8SdVolume6fatPutEmm
                0x000842a0       0x84 C:\Users\dario\AppData\Local\Temp\build1ceaca70f9ba01cc98cb43f206966e97.tmp\libraries\SD\utility\SdVolume.cpp.o
                0x000842a0                SdVolume::fatPut(unsigned long, unsigned long)
 .text._ZN8SdVolume15allocContiguousEmPm
                0x00084324       0xb4 C:\Users\dario\AppData\Local\Temp\build1ceaca70f9ba01cc98cb43f206966e97.tmp\libraries\SD\utility\SdVolume.cpp.o
                0x00084324                SdVolume::allocContiguous(unsigned long, unsigned long*)
 .text._ZN8SdVolume9freeChainEm
                0x000843d8       0x48 C:\Users\dario\AppData\Local\Temp\build1ceaca70f9ba01cc98cb43f206966e97.tmp\libraries\SD\utility\SdVolume.cpp.o
                0x000843d8                SdVolume::freeChain(unsigned long)
 .text._ZN8SdVolume4initEP7Sd2Cardh
                0x00084420       0xf4 C:\Users\dario\AppData\Local\Temp\build1ceaca70f9ba01cc98cb43f206966e97.tmp\libraries\SD\utility\SdVolume.cpp.o
                0x00084420                SdVolume::init(Sd2Card*, unsigned char)
 .text.PIO_PullUp
                0x00084514        0xa C:\Users\dario\AppData\Local\Arduino15\packages\arduino\hardware\sam\1.6.6\variants\arduino_due_x/libsam_sam3x8e_gcc_rel.a(pio.o)
                0x00084514                PIO_PullUp
 .text.PIO_SetPeripheral
                0x0008451e       0x26 C:\Users\dario\AppData\Local\Arduino15\packages\arduino\hardware\sam\1.6.6\variants\arduino_due_x/libsam_sam3x8e_gcc_rel.a(pio.o)
                0x0008451e                PIO_SetPeripheral
 .text.PIO_SetInput
                0x00084544       0x26 C:\Users\dario\AppData\Local\Arduino15\packages\arduino\hardware\sam\1.6.6\variants\arduino_due_x/libsam_sam3x8e_gcc_rel.a(pio.o)
                0x00084544                PIO_SetInput
 .text.PIO_SetOutput
                0x0008456a       0x24 C:\Users\dario\AppData\Local\Arduino15\packages\arduino\hardware\sam\1.6.6\variants\arduino_due_x/libsam_sam3x8e_gcc_rel.a(pio.o)
                0x0008456a                PIO_SetOutput
 *fill*         0x0008458e        0x2 
 .text.PIO_Configure
                0x00084590       0x64 C:\Users\dario\AppData\Local\Arduino15\packages\arduino\hardware\sam\1.6.6\variants\arduino_due_x/libsam_sam3x8e_gcc_rel.a(pio.o)
                0x00084590                PIO_Configure
 .text.PIO_GetOutputDataStatus
                0x000845f4       0x14 C:\Users\dario\AppData\Local\Arduino15\packages\arduino\hardware\sam\1.6.6\variants\arduino_due_x/libsam_sam3x8e_gcc_rel.a(pio.o)
                0x000845f4                PIO_GetOutputDataStatus
 .text.pmc_enable_upll_clock
                0x00084608       0x14 C:\Users\dario\AppData\Local\Arduino15\packages\arduino\hardware\sam\1.6.6\variants\arduino_due_x/libsam_sam3x8e_gcc_rel.a(pmc.o)
                0x00084608                pmc_enable_upll_clock
 .text.pmc_enable_periph_clk
                0x0008461c       0x44 C:\Users\dario\AppData\Local\Arduino15\packages\arduino\hardware\sam\1.6.6\variants\arduino_due_x/libsam_sam3x8e_gcc_rel.a(pmc.o)
                0x0008461c                pmc_enable_periph_clk
 .text.pmc_disable_periph_clk
                0x00084660       0x40 C:\Users\dario\AppData\Local\Arduino15\packages\arduino\hardware\sam\1.6.6\variants\arduino_due_x/libsam_sam3x8e_gcc_rel.a(pmc.o)
                0x00084660                pmc_disable_periph_clk
 .text.pmc_switch_udpck_to_upllck
                0x000846a0       0x14 C:\Users\dario\AppData\Local\Arduino15\packages\arduino\hardware\sam\1.6.6\variants\arduino_due_x/libsam_sam3x8e_gcc_rel.a(pmc.o)
                0x000846a0                pmc_switch_udpck_to_upllck
 .text.pmc_enable_udpck
                0x000846b4        0xc C:\Users\dario\AppData\Local\Arduino15\packages\arduino\hardware\sam\1.6.6\variants\arduino_due_x/libsam_sam3x8e_gcc_rel.a(pmc.o)
                0x000846b4                pmc_enable_udpck
 .text.SPI_Enable
                0x000846c0        0x6 C:\Users\dario\AppData\Local\Arduino15\packages\arduino\hardware\sam\1.6.6\variants\arduino_due_x/libsam_sam3x8e_gcc_rel.a(spi.o)
                0x000846c0                SPI_Enable
 *fill*         0x000846c6        0x2 
 .text.SPI_Configure
                0x000846c8       0x20 C:\Users\dario\AppData\Local\Arduino15\packages\arduino\hardware\sam\1.6.6\variants\arduino_due_x/libsam_sam3x8e_gcc_rel.a(spi.o)
                0x000846c8                SPI_Configure
 .text.SPI_ConfigureNPCS
                0x000846e8        0x8 C:\Users\dario\AppData\Local\Arduino15\packages\arduino\hardware\sam\1.6.6\variants\arduino_due_x/libsam_sam3x8e_gcc_rel.a(spi.o)
                0x000846e8                SPI_ConfigureNPCS
 .text.TWI_SetClock
                0x000846f0       0x58 C:\Users\dario\AppData\Local\Arduino15\packages\arduino\hardware\sam\1.6.6\variants\arduino_due_x/libsam_sam3x8e_gcc_rel.a(twi.o)
                0x000846f0                TWI_SetClock
 .text.TWI_Disable
                0x00084748       0x2c C:\Users\dario\AppData\Local\Arduino15\packages\arduino\hardware\sam\1.6.6\variants\arduino_due_x/libsam_sam3x8e_gcc_rel.a(twi.o)
                0x00084748                TWI_Disable
 .text.TWI_ConfigureMaster
                0x00084774       0x48 C:\Users\dario\AppData\Local\Arduino15\packages\arduino\hardware\sam\1.6.6\variants\arduino_due_x/libsam_sam3x8e_gcc_rel.a(twi.o)
                0x00084774                TWI_ConfigureMaster
 .text.TWI_Stop
                0x000847bc       0x28 C:\Users\dario\AppData\Local\Arduino15\packages\arduino\hardware\sam\1.6.6\variants\arduino_due_x/libsam_sam3x8e_gcc_rel.a(twi.o)
                0x000847bc                TWI_Stop
 .text.TWI_StartRead
                0x000847e4       0x70 C:\Users\dario\AppData\Local\Arduino15\packages\arduino\hardware\sam\1.6.6\variants\arduino_due_x/libsam_sam3x8e_gcc_rel.a(twi.o)
                0x000847e4                TWI_StartRead
 .text.TWI_ReadByte
                0x00084854       0x28 C:\Users\dario\AppData\Local\Arduino15\packages\arduino\hardware\sam\1.6.6\variants\arduino_due_x/libsam_sam3x8e_gcc_rel.a(twi.o)
                0x00084854                TWI_ReadByte
 .text.TWI_WriteByte
                0x0008487c       0x24 C:\Users\dario\AppData\Local\Arduino15\packages\arduino\hardware\sam\1.6.6\variants\arduino_due_x/libsam_sam3x8e_gcc_rel.a(twi.o)
                0x0008487c                TWI_WriteByte
 .text.TWI_StartWrite
                0x000848a0       0x7c C:\Users\dario\AppData\Local\Arduino15\packages\arduino\hardware\sam\1.6.6\variants\arduino_due_x/libsam_sam3x8e_gcc_rel.a(twi.o)
                0x000848a0                TWI_StartWrite
 .text.TWI_EnableIt
                0x0008491c       0x40 C:\Users\dario\AppData\Local\Arduino15\packages\arduino\hardware\sam\1.6.6\variants\arduino_due_x/libsam_sam3x8e_gcc_rel.a(twi.o)
                0x0008491c                TWI_EnableIt
 .text.TWI_DisableIt
                0x0008495c       0x40 C:\Users\dario\AppData\Local\Arduino15\packages\arduino\hardware\sam\1.6.6\variants\arduino_due_x/libsam_sam3x8e_gcc_rel.a(twi.o)
                0x0008495c                TWI_DisableIt
 .text.TWI_GetStatus
                0x0008499c       0x28 C:\Users\dario\AppData\Local\Arduino15\packages\arduino\hardware\sam\1.6.6\variants\arduino_due_x/libsam_sam3x8e_gcc_rel.a(twi.o)
                0x0008499c                TWI_GetStatus
 .text.TWI_SendSTOPCondition
                0x000849c4       0x2c C:\Users\dario\AppData\Local\Arduino15\packages\arduino\hardware\sam\1.6.6\variants\arduino_due_x/libsam_sam3x8e_gcc_rel.a(twi.o)
                0x000849c4                TWI_SendSTOPCondition
 .text.Reset_Handler
                0x000849f0       0x78 C:\Users\dario\AppData\Local\Arduino15\packages\arduino\hardware\sam\1.6.6\variants\arduino_due_x/libsam_sam3x8e_gcc_rel.a(startup_sam3xa.o)
                0x000849f0                Reset_Handler
 .text.UOTGHS_Handler
                0x00084a68       0x10 C:\Users\dario\AppData\Local\Arduino15\packages\arduino\hardware\sam\1.6.6\variants\arduino_due_x/libsam_sam3x8e_gcc_rel.a(uotghs.o)
                0x00084a68                UOTGHS_Handler
 .text.attachInterrupt
                0x00084a78      0x148 C:\Users\dario\AppData\Local\Temp\build1ceaca70f9ba01cc98cb43f206966e97.tmp/core\core.a(WInterrupts.c.o)
                0x00084a78                attachInterrupt
 .text.PIOA_Handler
                0x00084bc0       0x28 C:\Users\dario\AppData\Local\Temp\build1ceaca70f9ba01cc98cb43f206966e97.tmp/core\core.a(WInterrupts.c.o)
                0x00084bc0                PIOA_Handler
 .text.PIOB_Handler
                0x00084be8       0x28 C:\Users\dario\AppData\Local\Temp\build1ceaca70f9ba01cc98cb43f206966e97.tmp/core\core.a(WInterrupts.c.o)
                0x00084be8                PIOB_Handler
 .text.PIOC_Handler
                0x00084c10       0x28 C:\Users\dario\AppData\Local\Temp\build1ceaca70f9ba01cc98cb43f206966e97.tmp/core\core.a(WInterrupts.c.o)
                0x00084c10                PIOC_Handler
 .text.PIOD_Handler
                0x00084c38       0x28 C:\Users\dario\AppData\Local\Temp\build1ceaca70f9ba01cc98cb43f206966e97.tmp/core\core.a(WInterrupts.c.o)
                0x00084c38                PIOD_Handler
 .text.__halt   0x00084c60        0x2 C:\Users\dario\AppData\Local\Temp\build1ceaca70f9ba01cc98cb43f206966e97.tmp/core\core.a(cortex_handlers.c.o)
                0x00084c60                DACC_Handler
                0x00084c60                DebugMon_Handler
                0x00084c60                DMAC_Handler
                0x00084c60                TRNG_Handler
                0x00084c60                HardFault_Handler
                0x00084c60                TC2_Handler
                0x00084c60                NMI_Handler
                0x00084c60                TC7_Handler
                0x00084c60                ADC_Handler
                0x00084c60                SMC_Handler
                0x00084c60                RTT_Handler
                0x00084c60                EFC1_Handler
                0x00084c60                RTC_Handler
                0x00084c60                UsageFault_Handler
                0x00084c60                TC6_Handler
                0x00084c60                WDT_Handler
                0x00084c60                CAN0_Handler
                0x00084c60                TC4_Handler
                0x00084c60                TC1_Handler
                0x00084c60                HSMCI_Handler
                0x00084c60                TC3_Handler
                0x00084c60                SSC_Handler
                0x00084c60                EFC0_Handler
                0x00084c60                PMC_Handler
                0x00084c60                PWM_Handler
                0x00084c60                CAN1_Handler
                0x00084c60                MemManage_Handler
                0x00084c60                SUPC_Handler
                0x00084c60                TC8_Handler
                0x00084c60                USART2_Handler
                0x00084c60                EMAC_Handler
                0x00084c60                BusFault_Handler
                0x00084c60                RSTC_Handler
                0x00084c60                TC0_Handler
                0x00084c60                TC5_Handler
                0x00084c60                SPI0_Handler
 .text.SVC_Handler
                0x00084c62        0x4 C:\Users\dario\AppData\Local\Temp\build1ceaca70f9ba01cc98cb43f206966e97.tmp/core\core.a(cortex_handlers.c.o)
                0x00084c62                SVC_Handler
 .text.PendSV_Handler
                0x00084c66        0x4 C:\Users\dario\AppData\Local\Temp\build1ceaca70f9ba01cc98cb43f206966e97.tmp/core\core.a(cortex_handlers.c.o)
                0x00084c66                PendSV_Handler
 .text.SysTick_Handler
                0x00084c6a       0x16 C:\Users\dario\AppData\Local\Temp\build1ceaca70f9ba01cc98cb43f206966e97.tmp/core\core.a(cortex_handlers.c.o)
                0x00084c6a                SysTick_Handler
 .text.__empty  0x00084c80        0x2 C:\Users\dario\AppData\Local\Temp\build1ceaca70f9ba01cc98cb43f206966e97.tmp/core\core.a(hooks.c.o)
                0x00084c80                yield
 .text.__false  0x00084c82        0x4 C:\Users\dario\AppData\Local\Temp\build1ceaca70f9ba01cc98cb43f206966e97.tmp/core\core.a(hooks.c.o)
                0x00084c82                sysTickHook
 .text.__halt   0x00084c86        0x2 C:\Users\dario\AppData\Local\Temp\build1ceaca70f9ba01cc98cb43f206966e97.tmp/core\core.a(hooks.c.o)
                0x00084c86                svcHook
                0x00084c86                pendSVHook
 .text.millis   0x00084c88        0x4 C:\Users\dario\AppData\Local\Temp\build1ceaca70f9ba01cc98cb43f206966e97.tmp/core\core.a(wiring.c.o)
                0x00084c88                millis
 .text.delay    0x00084c8c       0x1c C:\Users\dario\AppData\Local\Temp\build1ceaca70f9ba01cc98cb43f206966e97.tmp/core\core.a(wiring.c.o)
                0x00084c8c                delay
 .text.pinMode  0x00084ca8       0x64 C:\Users\dario\AppData\Local\Temp\build1ceaca70f9ba01cc98cb43f206966e97.tmp/core\core.a(wiring_digital.c.o)
                0x00084ca8                pinMode
 .text.digitalWrite
                0x00084d0c       0x48 C:\Users\dario\AppData\Local\Temp\build1ceaca70f9ba01cc98cb43f206966e97.tmp/core\core.a(wiring_digital.c.o)
                0x00084d0c                digitalWrite
 .text._ZN5Print5writeEPKhj
                0x00084d54       0x22 C:\Users\dario\AppData\Local\Temp\build1ceaca70f9ba01cc98cb43f206966e97.tmp/core\core.a(Print.cpp.o)
                0x00084d54                Print::write(unsigned char const*, unsigned int)
 .text._ZN5Print5writeEPKc
                0x00084d76       0x1e C:\Users\dario\AppData\Local\Temp\build1ceaca70f9ba01cc98cb43f206966e97.tmp/core\core.a(Print.cpp.o)
                0x00084d76                Print::write(char const*)
 .text._ZN5Print5printEPKc
                0x00084d94        0x8 C:\Users\dario\AppData\Local\Temp\build1ceaca70f9ba01cc98cb43f206966e97.tmp/core\core.a(Print.cpp.o)
                0x00084d94                Print::print(char const*)
 .text.initiateReset
                0x00084d9c        0xc C:\Users\dario\AppData\Local\Temp\build1ceaca70f9ba01cc98cb43f206966e97.tmp/core\core.a(Reset.cpp.o)
                0x00084d9c                initiateReset
 .text.cancelReset
                0x00084da8       0x10 C:\Users\dario\AppData\Local\Temp\build1ceaca70f9ba01cc98cb43f206966e97.tmp/core\core.a(Reset.cpp.o)
                0x00084da8                cancelReset
 .text.tickReset
                0x00084db8       0x20 C:\Users\dario\AppData\Local\Temp\build1ceaca70f9ba01cc98cb43f206966e97.tmp/core\core.a(Reset.cpp.o)
                0x00084db8                tickReset
 .text._ZN6Stream9timedReadEv
                0x00084dd8       0x2a C:\Users\dario\AppData\Local\Temp\build1ceaca70f9ba01cc98cb43f206966e97.tmp/core\core.a(Stream.cpp.o)
                0x00084dd8                Stream::timedRead()
 .text._ZN6Stream9readBytesEPcj
                0x00084e02       0x22 C:\Users\dario\AppData\Local\Temp\build1ceaca70f9ba01cc98cb43f206966e97.tmp/core\core.a(Stream.cpp.o)
                0x00084e02                Stream::readBytes(char*, unsigned int)
 .text._ZN9UARTClasscvbEv
                0x00084e24        0x4 C:\Users\dario\AppData\Local\Temp\build1ceaca70f9ba01cc98cb43f206966e97.tmp/core\core.a(UARTClass.cpp.o)
                0x00084e24                UARTClass::operator bool()
 .text._ZN9UARTClass9availableEv
                0x00084e28       0x12 C:\Users\dario\AppData\Local\Temp\build1ceaca70f9ba01cc98cb43f206966e97.tmp/core\core.a(UARTClass.cpp.o)
                0x00084e28                UARTClass::available()
 .text._ZN9UARTClass4peekEv
                0x00084e3a       0x1c C:\Users\dario\AppData\Local\Temp\build1ceaca70f9ba01cc98cb43f206966e97.tmp/core\core.a(UARTClass.cpp.o)
                0x00084e3a                UARTClass::peek()
 .text._ZN9UARTClass4readEv
                0x00084e56       0x2a C:\Users\dario\AppData\Local\Temp\build1ceaca70f9ba01cc98cb43f206966e97.tmp/core\core.a(UARTClass.cpp.o)
                0x00084e56                UARTClass::read()
 .text._ZN9UARTClass5flushEv
                0x00084e80       0x18 C:\Users\dario\AppData\Local\Temp\build1ceaca70f9ba01cc98cb43f206966e97.tmp/core\core.a(UARTClass.cpp.o)
                0x00084e80                UARTClass::flush()
 .text._ZN9UARTClass5writeEh
                0x00084e98       0x54 C:\Users\dario\AppData\Local\Temp\build1ceaca70f9ba01cc98cb43f206966e97.tmp/core\core.a(UARTClass.cpp.o)
                0x00084e98                UARTClass::write(unsigned char)
 .text._ZN9UARTClass3endEv
                0x00084eec       0x3c C:\Users\dario\AppData\Local\Temp\build1ceaca70f9ba01cc98cb43f206966e97.tmp/core\core.a(UARTClass.cpp.o)
                0x00084eec                UARTClass::end()
 .text._ZN9UARTClassC2EP4Uart4IRQnmP10RingBufferS4_
                0x00084f28       0x24 C:\Users\dario\AppData\Local\Temp\build1ceaca70f9ba01cc98cb43f206966e97.tmp/core\core.a(UARTClass.cpp.o)
                0x00084f28                UARTClass::UARTClass(Uart*, IRQn, unsigned long, RingBuffer*, RingBuffer*)
                0x00084f28                UARTClass::UARTClass(Uart*, IRQn, unsigned long, RingBuffer*, RingBuffer*)
 .text._ZN9UARTClass4initEmm
                0x00084f4c       0x70 C:\Users\dario\AppData\Local\Temp\build1ceaca70f9ba01cc98cb43f206966e97.tmp/core\core.a(UARTClass.cpp.o)
                0x00084f4c                UARTClass::init(unsigned long, unsigned long)
 .text._ZN9UARTClass5beginEm
                0x00084fbc        0x8 C:\Users\dario\AppData\Local\Temp\build1ceaca70f9ba01cc98cb43f206966e97.tmp/core\core.a(UARTClass.cpp.o)
                0x00084fbc                UARTClass::begin(unsigned long)
 .text._ZN9UARTClass10IrqHandlerEv
                0x00084fc4       0x5a C:\Users\dario\AppData\Local\Temp\build1ceaca70f9ba01cc98cb43f206966e97.tmp/core\core.a(UARTClass.cpp.o)
                0x00084fc4                UARTClass::IrqHandler()
 .text.__cxa_pure_virtual
                0x0008501e        0x2 C:\Users\dario\AppData\Local\Temp\build1ceaca70f9ba01cc98cb43f206966e97.tmp/core\core.a(abi.cpp.o)
                0x0008501e                __cxa_pure_virtual
 .text.initVariant
                0x00085020        0x2 C:\Users\dario\AppData\Local\Temp\build1ceaca70f9ba01cc98cb43f206966e97.tmp/core\core.a(main.cpp.o)
                0x00085020                initVariant
 *fill*         0x00085022        0x2 
 .text.startup.main
                0x00085024       0x38 C:\Users\dario\AppData\Local\Temp\build1ceaca70f9ba01cc98cb43f206966e97.tmp/core\core.a(main.cpp.o)
                0x00085024                main
 .text._watchdogDefaultSetup
                0x0008505c        0xc C:\Users\dario\AppData\Local\Temp\build1ceaca70f9ba01cc98cb43f206966e97.tmp/core\core.a(watchdog.cpp.o)
                0x0008505c                _watchdogDefaultSetup
                0x0008505c                watchdogSetup()
 .text.unlikely._ZL11USB_SendZlpv
                0x00085068       0x20 C:\Users\dario\AppData\Local\Temp\build1ceaca70f9ba01cc98cb43f206966e97.tmp/core\core.a(USBCore.cpp.o)
 .text._Z14USBD_Availablem
                0x00085088       0x2c C:\Users\dario\AppData\Local\Temp\build1ceaca70f9ba01cc98cb43f206966e97.tmp/core\core.a(USBCore.cpp.o)
                0x00085088                USBD_Available(unsigned long)
 .text._Z9USBD_RecvmPvm
                0x000850b4       0x7c C:\Users\dario\AppData\Local\Temp\build1ceaca70f9ba01cc98cb43f206966e97.tmp/core\core.a(USBCore.cpp.o)
                0x000850b4                USBD_Recv(unsigned long, void*, unsigned long)
 .text._Z9USBD_Recvm
                0x00085130       0x22 C:\Users\dario\AppData\Local\Temp\build1ceaca70f9ba01cc98cb43f206966e97.tmp/core\core.a(USBCore.cpp.o)
                0x00085130                USBD_Recv(unsigned long)
 *fill*         0x00085152        0x2 
 .text._Z9USBD_SendmPKvm
                0x00085154       0x4c C:\Users\dario\AppData\Local\Temp\build1ceaca70f9ba01cc98cb43f206966e97.tmp/core\core.a(USBCore.cpp.o)
                0x00085154                USBD_Send(unsigned long, void const*, unsigned long)
 .text._Z16USBD_SendControlhPKvm
                0x000851a0       0x40 C:\Users\dario\AppData\Local\Temp\build1ceaca70f9ba01cc98cb43f206966e97.tmp/core\core.a(USBCore.cpp.o)
                0x000851a0                USBD_SendControl(unsigned char, void const*, unsigned long)
 .text.unlikely._ZL24USB_SendStringDescriptorPKhi
                0x000851e0       0x38 C:\Users\dario\AppData\Local\Temp\build1ceaca70f9ba01cc98cb43f206966e97.tmp/core\core.a(USBCore.cpp.o)
 .text._Z16USBD_RecvControlPvm
                0x00085218       0x1c C:\Users\dario\AppData\Local\Temp\build1ceaca70f9ba01cc98cb43f206966e97.tmp/core\core.a(USBCore.cpp.o)
                0x00085218                USBD_RecvControl(void*, unsigned long)
 .text._Z26USBD_ClassInterfaceRequestR8USBSetup
                0x00085234       0x1e C:\Users\dario\AppData\Local\Temp\build1ceaca70f9ba01cc98cb43f206966e97.tmp/core\core.a(USBCore.cpp.o)
                0x00085234                USBD_ClassInterfaceRequest(USBSetup&)
 .text._Z19USBD_SendInterfacesv
                0x00085252       0x22 C:\Users\dario\AppData\Local\Temp\build1ceaca70f9ba01cc98cb43f206966e97.tmp/core\core.a(USBCore.cpp.o)
                0x00085252                USBD_SendInterfaces()
 .text._Z24USBD_SendOtherInterfacesv
                0x00085274       0x22 C:\Users\dario\AppData\Local\Temp\build1ceaca70f9ba01cc98cb43f206966e97.tmp/core\core.a(USBCore.cpp.o)
                0x00085274                USBD_SendOtherInterfaces()
 .text._Z10USBD_Flushm
                0x00085296       0x16 C:\Users\dario\AppData\Local\Temp\build1ceaca70f9ba01cc98cb43f206966e97.tmp/core\core.a(USBCore.cpp.o)
                0x00085296                USBD_Flush(unsigned long)
 .text._ZN10USBDevice_C2Ev
                0x000852ac       0x24 C:\Users\dario\AppData\Local\Temp\build1ceaca70f9ba01cc98cb43f206966e97.tmp/core\core.a(USBCore.cpp.o)
                0x000852ac                USBDevice_::USBDevice_()
                0x000852ac                USBDevice_::USBDevice_()
 .text._ZN10USBDevice_6attachEv
                0x000852d0       0x20 C:\Users\dario\AppData\Local\Temp\build1ceaca70f9ba01cc98cb43f206966e97.tmp/core\core.a(USBCore.cpp.o)
                0x000852d0                USBDevice_::attach()
 .text.startup._GLOBAL__sub_I_EndPoints
                0x000852f0        0xc C:\Users\dario\AppData\Local\Temp\build1ceaca70f9ba01cc98cb43f206966e97.tmp/core\core.a(USBCore.cpp.o)
 .text._ZL7USB_ISRv
                0x000852fc      0x454 C:\Users\dario\AppData\Local\Temp\build1ceaca70f9ba01cc98cb43f206966e97.tmp/core\core.a(USBCore.cpp.o)
 .text._Z11serialEventv
                0x00085750        0x2 C:\Users\dario\AppData\Local\Temp\build1ceaca70f9ba01cc98cb43f206966e97.tmp/core\core.a(variant.cpp.o)
                0x00085750                serialEvent()
 *fill*         0x00085752        0x2 
 .text.UART_Handler
                0x00085754        0xc C:\Users\dario\AppData\Local\Temp\build1ceaca70f9ba01cc98cb43f206966e97.tmp/core\core.a(variant.cpp.o)
                0x00085754                UART_Handler
 .text._Z12serialEvent1v
                0x00085760        0x2 C:\Users\dario\AppData\Local\Temp\build1ceaca70f9ba01cc98cb43f206966e97.tmp/core\core.a(variant.cpp.o)
                0x00085760                serialEvent1()
 .text._Z12serialEvent2v
                0x00085762        0x2 C:\Users\dario\AppData\Local\Temp\build1ceaca70f9ba01cc98cb43f206966e97.tmp/core\core.a(variant.cpp.o)
                0x00085762                serialEvent2()
 .text._Z12serialEvent3v
                0x00085764        0x2 C:\Users\dario\AppData\Local\Temp\build1ceaca70f9ba01cc98cb43f206966e97.tmp/core\core.a(variant.cpp.o)
                0x00085764                serialEvent3()
 *fill*         0x00085766        0x2 
 .text.USART0_Handler
                0x00085768        0xc C:\Users\dario\AppData\Local\Temp\build1ceaca70f9ba01cc98cb43f206966e97.tmp/core\core.a(variant.cpp.o)
                0x00085768                USART0_Handler
 .text.USART1_Handler
                0x00085774        0xc C:\Users\dario\AppData\Local\Temp\build1ceaca70f9ba01cc98cb43f206966e97.tmp/core\core.a(variant.cpp.o)
                0x00085774                USART1_Handler
 .text.USART3_Handler
                0x00085780        0xc C:\Users\dario\AppData\Local\Temp\build1ceaca70f9ba01cc98cb43f206966e97.tmp/core\core.a(variant.cpp.o)
                0x00085780                USART3_Handler
 .text.init     0x0008578c      0x128 C:\Users\dario\AppData\Local\Temp\build1ceaca70f9ba01cc98cb43f206966e97.tmp/core\core.a(variant.cpp.o)
                0x0008578c                init
 .text.startup._GLOBAL__sub_I_g_APinDescription
                0x000858b4       0xd4 C:\Users\dario\AppData\Local\Temp\build1ceaca70f9ba01cc98cb43f206966e97.tmp/core\core.a(variant.cpp.o)
 .text._Z14serialEventRunv
                0x00085988       0x44 C:\Users\dario\AppData\Local\Temp\build1ceaca70f9ba01cc98cb43f206966e97.tmp/core\core.a(variant.cpp.o)
                0x00085988                serialEventRun()
 .text.analogOutputInit
                0x000859cc       0x14 C:\Users\dario\AppData\Local\Temp\build1ceaca70f9ba01cc98cb43f206966e97.tmp/core\core.a(wiring_analog.c.o)
                0x000859cc                analogOutputInit
 .text._ZN10RingBufferC2Ev
                0x000859e0       0x1a C:\Users\dario\AppData\Local\Temp\build1ceaca70f9ba01cc98cb43f206966e97.tmp/core\core.a(RingBuffer.cpp.o)
                0x000859e0                RingBuffer::RingBuffer()
                0x000859e0                RingBuffer::RingBuffer()
 .text._ZN10RingBuffer10store_charEh
                0x000859fa       0x1e C:\Users\dario\AppData\Local\Temp\build1ceaca70f9ba01cc98cb43f206966e97.tmp/core\core.a(RingBuffer.cpp.o)
                0x000859fa                RingBuffer::store_char(unsigned char)
 .text._ZN10USARTClass5beginEm
                0x00085a18        0x8 C:\Users\dario\AppData\Local\Temp\build1ceaca70f9ba01cc98cb43f206966e97.tmp/core\core.a(USARTClass.cpp.o)
                0x00085a18                USARTClass::begin(unsigned long)
 .text._ZN10USARTClassC2EP5Usart4IRQnmP10RingBufferS4_
                0x00085a20       0x24 C:\Users\dario\AppData\Local\Temp\build1ceaca70f9ba01cc98cb43f206966e97.tmp/core\core.a(USARTClass.cpp.o)
                0x00085a20                USARTClass::USARTClass(Usart*, IRQn, unsigned long, RingBuffer*, RingBuffer*)
                0x00085a20                USARTClass::USARTClass(Usart*, IRQn, unsigned long, RingBuffer*, RingBuffer*)
 .text._ZN7Serial_9availableEv
                0x00085a44       0x18 C:\Users\dario\AppData\Local\Temp\build1ceaca70f9ba01cc98cb43f206966e97.tmp/core\core.a(CDC.cpp.o)
                0x00085a44                Serial_::available()
 .text._ZN7Serial_4peekEv
                0x00085a5c       0x20 C:\Users\dario\AppData\Local\Temp\build1ceaca70f9ba01cc98cb43f206966e97.tmp/core\core.a(CDC.cpp.o)
                0x00085a5c                Serial_::peek()
 .text._ZN7Serial_5writeEh
                0x00085a7c       0x16 C:\Users\dario\AppData\Local\Temp\build1ceaca70f9ba01cc98cb43f206966e97.tmp/core\core.a(CDC.cpp.o)
                0x00085a7c                Serial_::write(unsigned char)
 *fill*         0x00085a92        0x2 
 .text._ZN7Serial_4readEv
                0x00085a94       0x44 C:\Users\dario\AppData\Local\Temp\build1ceaca70f9ba01cc98cb43f206966e97.tmp/core\core.a(CDC.cpp.o)
                0x00085a94                Serial_::read()
 .text._ZN7Serial_5flushEv
                0x00085ad8        0x6 C:\Users\dario\AppData\Local\Temp\build1ceaca70f9ba01cc98cb43f206966e97.tmp/core\core.a(CDC.cpp.o)
                0x00085ad8                Serial_::flush()
 *fill*         0x00085ade        0x2 
 .text._ZN7Serial_6acceptEv
                0x00085ae0       0x70 C:\Users\dario\AppData\Local\Temp\build1ceaca70f9ba01cc98cb43f206966e97.tmp/core\core.a(CDC.cpp.o)
                0x00085ae0                Serial_::accept()
 .text._ZN7Serial_5writeEPKhj
                0x00085b50       0x2c C:\Users\dario\AppData\Local\Temp\build1ceaca70f9ba01cc98cb43f206966e97.tmp/core\core.a(CDC.cpp.o)
                0x00085b50                Serial_::write(unsigned char const*, unsigned int)
 .text._Z16CDC_GetInterfacePh
                0x00085b7c       0x14 C:\Users\dario\AppData\Local\Temp\build1ceaca70f9ba01cc98cb43f206966e97.tmp/core\core.a(CDC.cpp.o)
                0x00085b7c                CDC_GetInterface(unsigned char*)
 .text._Z21CDC_GetOtherInterfacePh
                0x00085b90       0x14 C:\Users\dario\AppData\Local\Temp\build1ceaca70f9ba01cc98cb43f206966e97.tmp/core\core.a(CDC.cpp.o)
                0x00085b90                CDC_GetOtherInterface(unsigned char*)
 .text._Z9CDC_SetupR8USBSetup
                0x00085ba4       0x64 C:\Users\dario\AppData\Local\Temp\build1ceaca70f9ba01cc98cb43f206966e97.tmp/core\core.a(CDC.cpp.o)
                0x00085ba4                CDC_Setup(USBSetup&)
 .text.startup._GLOBAL__sub_I_cdc_rx_buffer
                0x00085c08       0x1c C:\Users\dario\AppData\Local\Temp\build1ceaca70f9ba01cc98cb43f206966e97.tmp/core\core.a(CDC.cpp.o)
 .text._ZN13PluggableUSB_12getInterfaceEPh
                0x00085c24       0x28 C:\Users\dario\AppData\Local\Temp\build1ceaca70f9ba01cc98cb43f206966e97.tmp/core\core.a(PluggableUSB.cpp.o)
                0x00085c24                PluggableUSB_::getInterface(unsigned char*)
 .text._ZN13PluggableUSB_13getDescriptorER8USBSetup
                0x00085c4c       0x1c C:\Users\dario\AppData\Local\Temp\build1ceaca70f9ba01cc98cb43f206966e97.tmp/core\core.a(PluggableUSB.cpp.o)
                0x00085c4c                PluggableUSB_::getDescriptor(USBSetup&)
 .text._ZN13PluggableUSB_12getShortNameEPc
                0x00085c68       0x1c C:\Users\dario\AppData\Local\Temp\build1ceaca70f9ba01cc98cb43f206966e97.tmp/core\core.a(PluggableUSB.cpp.o)
                0x00085c68                PluggableUSB_::getShortName(char*)
 .text._ZN13PluggableUSB_5setupER8USBSetup
                0x00085c84       0x20 C:\Users\dario\AppData\Local\Temp\build1ceaca70f9ba01cc98cb43f206966e97.tmp/core\core.a(PluggableUSB.cpp.o)
                0x00085c84                PluggableUSB_::setup(USBSetup&)
 .text._Z12PluggableUSBv
                0x00085ca4       0x28 C:\Users\dario\AppData\Local\Temp\build1ceaca70f9ba01cc98cb43f206966e97.tmp/core\core.a(PluggableUSB.cpp.o)
                0x00085ca4                PluggableUSB()
 .text.TimeTick_Increment
                0x00085ccc       0x10 C:\Users\dario\AppData\Local\Arduino15\packages\arduino\hardware\sam\1.6.6\variants\arduino_due_x/libsam_sam3x8e_gcc_rel.a(timetick.o)
                0x00085ccc                TimeTick_Increment
 .text.GetTickCount
                0x00085cdc        0xc C:\Users\dario\AppData\Local\Arduino15\packages\arduino\hardware\sam\1.6.6\variants\arduino_due_x/libsam_sam3x8e_gcc_rel.a(timetick.o)
                0x00085cdc                GetTickCount
 .text.WDT_Disable
                0x00085ce8        0x8 C:\Users\dario\AppData\Local\Arduino15\packages\arduino\hardware\sam\1.6.6\variants\arduino_due_x/libsam_sam3x8e_gcc_rel.a(wdt.o)
                0x00085ce8                WDT_Disable
 .text.SystemInit
                0x00085cf0       0x88 C:\Users\dario\AppData\Local\Arduino15\packages\arduino\hardware\sam\1.6.6\variants\arduino_due_x/libsam_sam3x8e_gcc_rel.a(system_sam3xa.o)
                0x00085cf0                SystemInit
 .text.adc_init
                0x00085d78       0x98 C:\Users\dario\AppData\Local\Arduino15\packages\arduino\hardware\sam\1.6.6\variants\arduino_due_x/libsam_sam3x8e_gcc_rel.a(adc.o)
                0x00085d78                adc_init
 .text.adc_configure_trigger
                0x00085e10        0xe C:\Users\dario\AppData\Local\Arduino15\packages\arduino\hardware\sam\1.6.6\variants\arduino_due_x/libsam_sam3x8e_gcc_rel.a(adc.o)
                0x00085e10                adc_configure_trigger
 .text.adc_configure_timing
                0x00085e1e       0x1a C:\Users\dario\AppData\Local\Arduino15\packages\arduino\hardware\sam\1.6.6\variants\arduino_due_x/libsam_sam3x8e_gcc_rel.a(adc.o)
                0x00085e1e                adc_configure_timing
 .text.adc_disable_all_channel
                0x00085e38        0x8 C:\Users\dario\AppData\Local\Arduino15\packages\arduino\hardware\sam\1.6.6\variants\arduino_due_x/libsam_sam3x8e_gcc_rel.a(adc.o)
                0x00085e38                adc_disable_all_channel
 .text.adc_disable_interrupt
                0x00085e40        0x4 C:\Users\dario\AppData\Local\Arduino15\packages\arduino\hardware\sam\1.6.6\variants\arduino_due_x/libsam_sam3x8e_gcc_rel.a(adc.o)
                0x00085e40                adc_disable_interrupt
 .text.UDD_SetStack
                0x00085e44        0xc C:\Users\dario\AppData\Local\Arduino15\packages\arduino\hardware\sam\1.6.6\variants\arduino_due_x/libsam_sam3x8e_gcc_rel.a(uotghs_device.o)
                0x00085e44                UDD_SetStack
 .text.UDD_Init
                0x00085e50       0xd0 C:\Users\dario\AppData\Local\Arduino15\packages\arduino\hardware\sam\1.6.6\variants\arduino_due_x/libsam_sam3x8e_gcc_rel.a(uotghs_device.o)
                0x00085e50                UDD_Init
 .text.UDD_Attach
                0x00085f20       0x50 C:\Users\dario\AppData\Local\Arduino15\packages\arduino\hardware\sam\1.6.6\variants\arduino_due_x/libsam_sam3x8e_gcc_rel.a(uotghs_device.o)
                0x00085f20                UDD_Attach
 .text.UDD_InitEP
                0x00085f70       0x2c C:\Users\dario\AppData\Local\Arduino15\packages\arduino\hardware\sam\1.6.6\variants\arduino_due_x/libsam_sam3x8e_gcc_rel.a(uotghs_device.o)
                0x00085f70                UDD_InitEP
 .text.UDD_InitEndpoints
                0x00085f9c       0x3c C:\Users\dario\AppData\Local\Arduino15\packages\arduino\hardware\sam\1.6.6\variants\arduino_due_x/libsam_sam3x8e_gcc_rel.a(uotghs_device.o)
                0x00085f9c                UDD_InitEndpoints
 .text.UDD_WaitIN
                0x00085fd8       0x10 C:\Users\dario\AppData\Local\Arduino15\packages\arduino\hardware\sam\1.6.6\variants\arduino_due_x/libsam_sam3x8e_gcc_rel.a(uotghs_device.o)
                0x00085fd8                UDD_WaitIN
 .text.UDD_WaitOUT
                0x00085fe8       0x10 C:\Users\dario\AppData\Local\Arduino15\packages\arduino\hardware\sam\1.6.6\variants\arduino_due_x/libsam_sam3x8e_gcc_rel.a(uotghs_device.o)
                0x00085fe8                UDD_WaitOUT
 .text.UDD_ClearIN
                0x00085ff8       0x18 C:\Users\dario\AppData\Local\Arduino15\packages\arduino\hardware\sam\1.6.6\variants\arduino_due_x/libsam_sam3x8e_gcc_rel.a(uotghs_device.o)
                0x00085ff8                UDD_ClearIN
 .text.UDD_ClearOUT
                0x00086010       0x18 C:\Users\dario\AppData\Local\Arduino15\packages\arduino\hardware\sam\1.6.6\variants\arduino_due_x/libsam_sam3x8e_gcc_rel.a(uotghs_device.o)
                0x00086010                UDD_ClearOUT
 .text.UDD_ReceivedSetupInt
                0x00086028       0x10 C:\Users\dario\AppData\Local\Arduino15\packages\arduino\hardware\sam\1.6.6\variants\arduino_due_x/libsam_sam3x8e_gcc_rel.a(uotghs_device.o)
                0x00086028                UDD_ReceivedSetupInt
 .text.UDD_ClearSetupInt
                0x00086038       0x10 C:\Users\dario\AppData\Local\Arduino15\packages\arduino\hardware\sam\1.6.6\variants\arduino_due_x/libsam_sam3x8e_gcc_rel.a(uotghs_device.o)
                0x00086038                UDD_ClearSetupInt
 .text.UDD_Send
                0x00086048       0x88 C:\Users\dario\AppData\Local\Arduino15\packages\arduino\hardware\sam\1.6.6\variants\arduino_due_x/libsam_sam3x8e_gcc_rel.a(uotghs_device.o)
                0x00086048                UDD_Send
 .text.UDD_Send8
                0x000860d0       0x24 C:\Users\dario\AppData\Local\Arduino15\packages\arduino\hardware\sam\1.6.6\variants\arduino_due_x/libsam_sam3x8e_gcc_rel.a(uotghs_device.o)
                0x000860d0                UDD_Send8
 .text.UDD_Recv8
                0x000860f4       0x28 C:\Users\dario\AppData\Local\Arduino15\packages\arduino\hardware\sam\1.6.6\variants\arduino_due_x/libsam_sam3x8e_gcc_rel.a(uotghs_device.o)
                0x000860f4                UDD_Recv8
 .text.UDD_Recv
                0x0008611c       0x34 C:\Users\dario\AppData\Local\Arduino15\packages\arduino\hardware\sam\1.6.6\variants\arduino_due_x/libsam_sam3x8e_gcc_rel.a(uotghs_device.o)
                0x0008611c                UDD_Recv
 .text.UDD_Stall
                0x00086150       0x14 C:\Users\dario\AppData\Local\Arduino15\packages\arduino\hardware\sam\1.6.6\variants\arduino_due_x/libsam_sam3x8e_gcc_rel.a(uotghs_device.o)
                0x00086150                UDD_Stall
 .text.UDD_FifoByteCount
                0x00086164       0x14 C:\Users\dario\AppData\Local\Arduino15\packages\arduino\hardware\sam\1.6.6\variants\arduino_due_x/libsam_sam3x8e_gcc_rel.a(uotghs_device.o)
                0x00086164                UDD_FifoByteCount
 .text.UDD_ReleaseRX
                0x00086178       0x28 C:\Users\dario\AppData\Local\Arduino15\packages\arduino\hardware\sam\1.6.6\variants\arduino_due_x/libsam_sam3x8e_gcc_rel.a(uotghs_device.o)
                0x00086178                UDD_ReleaseRX
 .text.UDD_ReleaseTX
                0x000861a0       0x28 C:\Users\dario\AppData\Local\Arduino15\packages\arduino\hardware\sam\1.6.6\variants\arduino_due_x/libsam_sam3x8e_gcc_rel.a(uotghs_device.o)
                0x000861a0                UDD_ReleaseTX
 .text.UDD_SetAddress
                0x000861c8       0x20 C:\Users\dario\AppData\Local\Arduino15\packages\arduino\hardware\sam\1.6.6\variants\arduino_due_x/libsam_sam3x8e_gcc_rel.a(uotghs_device.o)
                0x000861c8                UDD_SetAddress